*** Using Compiler 'V5.06 update 7 (build 960)', folder: 'D:\mdk\ARM\ARMCC\Bin'
Build target 'Hero_board1_SJW'
compiling stm32f4xx_it.c...
compiling dma.c...
compiling CRC.c...
compiling stm32f4xx_hal_msp.c...
compiling gpio.c...
compiling usart.c...
compiling rtc.c...
compiling freertos.c...
compiling usbd_conf.c...
compiling usb_device.c...
compiling usbd_desc.c...
compiling main.c...
compiling can.c...
compiling usbd_cdc_if.c...
compiling FeedForward.c...
compiling BSP_Delay.c...
compiling BSP_Can.c...
compiling M3508_Motor.c...
compiling BSP_Usart.c...
compiling BSP_BoardCommunication.c...
compiling Time_Stamp.c...
compiling SBUS.c...
compiling Cloud_Control.c...
compiling J4310_Motor.c...
compiling DT7.c...
compiling Protocol_UpperComputer.c...
compiling FrictionWheel.c...
compiling Dial.c...
compiling Shoot.c...
compiling Task_CommunicateWithPC.c...
compiling usbd_core.c...
compiling usbd_ioreq.c...
compiling usbd_cdc.c...
compiling usbd_ctlreq.c...
compiling Task_DT7.c...
compiling Task_CanReceive.c...
compiling Task_RobotControl.c...
compiling Task_CanSend.c...
compiling Task_J4310_onlineCheck.c...
linking...
Program Size: Code=33260 RO-data=2300 RW-data=620 ZI-data=26780  
FromELF: creating hex file...
".\Hero_board1_SJW\Hero_board1_SJW.axf" - 0 Error(s), 0 Warning(s).
Build Time Elapsed:  00:00:25
