*** Using Compiler 'V5.06 update 7 (build 960)', folder: 'D:\mdk\ARM\ARMCC\Bin'
Build target 'Hero_board1_SJW'
compiling M3508_Motor.c...
compiling Task_CommunicateWithPC.c...
Error: L6449E: While processing .\hero_board1_sjw\task_communicatewithpc.o: I/O error writing file '.\hero_board1_sjw\task_communicatewithpc.o': Invalid argument
Finished: 0 information, 0 warning and 1 error messages.
compiling J4310_Motor.c...
..\Devices\Devices.c\J4310_Motor.c(225): error: At end of source:  #5: cannot open source input file ".\hero_board1_sjw\j4310_motor.crf": Invalid argument
..\Devices\Devices.c\J4310_Motor.c: 0 warnings, 1 error
compiling Protocol_UpperComputer.c...
compiling Task_DT7.c...
compiling freertos.c...
compiling TDF.c...
compiling Cloud_Control.c...
compiling Shoot.c...
compiling FeedForward.c...
compiling DJI_VT13.c...
..\Devices\Devices.c\DJI_VT13.c(22): warning:  #177-D: variable "ctrl_Lock"  was declared but never referenced
  static int ctrl_Lock = 0;
..\Devices\Devices.c\DJI_VT13.c: 1 warning, 0 errors
compiling BSP_Usart.c...
compiling FrictionWheel.c...
compiling Dial.c...
compiling Task_RobotControl.c...
compiling Task_CanReceive.c...
compiling Task_J4310_onlineCheck.c...
compiling Task_CanSend.c...
compiling Task_VOFA.c...
