<html>
<body>
<pre>
<h1>µVision Build Log</h1>
<h2>Tool Versions:</h2>
IDE-Version: ¦ÌVision V5.42.0.0
Copyright (C) 2025 ARM Ltd and ARM Germany GmbH. All rights reserved.
License Information: ASUS,  , LIC=VGXG8-3QY65-63QMB-2LPI5-N40UZ-6ZSWP
 
Tool Versions:
Toolchain:       MDK-ARM Plus  Version: 5.42.0.0
Toolchain Path:  D:\mdk\ARM\ARMCC\Bin
C Compiler:      Armcc.exe V5.06 update 7 (build 960)
Assembler:       Armasm.exe V5.06 update 7 (build 960)
Linker/Locator:  ArmLink.exe V5.06 update 7 (build 960)
Library Manager: ArmAr.exe V5.06 update 7 (build 960)
Hex Converter:   FromElf.exe V5.06 update 7 (build 960)
CPU DLL:         SARMCM3.DLL V5.42.0.0
Dialog DLL:      DCM.DLL V1.17.5.0
Target DLL:      Segger\JL2CM3.dll V2.99.45.0
Dialog DLL:      TCM.DLL V1.56.6.0
 
<h2>Project:</h2>
d:\RM\myself\myself_c\MDK_project\Hero_board1_SJW - Hero_2_Upstair\MDK-ARM\Hero_board1_SJW.uvprojx
Project File Date:  03/04/2026

<h2>Output:</h2>
*** Using Compiler 'V5.06 update 7 (build 960)', folder: 'D:\mdk\ARM\ARMCC\Bin'
Rebuild target 'Hero_board1_SJW'
assembling startup_stm32f407xx.s...
compiling can.c...
compiling usart.c...
compiling stm32f4xx_hal_timebase_tim.c...
compiling stm32f4xx_hal_msp.c...
compiling dma.c...
compiling gpio.c...
compiling main.c...
compiling usbd_cdc_if.c...
compiling usb_device.c...
compiling rtc.c...
compiling stm32f4xx_it.c...
compiling usbd_desc.c...
compiling freertos.c...
compiling usbd_conf.c...
compiling stm32f4xx_hal_tim.c...
compiling stm32f4xx_hal_rcc_ex.c...
compiling stm32f4xx_hal_dma.c...
compiling stm32f4xx_hal_rcc.c...
compiling stm32f4xx_hal_tim_ex.c...
compiling stm32f4xx_hal_pwr_ex.c...
compiling stm32f4xx_hal_pcd.c...
compiling stm32f4xx_hal_pcd_ex.c...
compiling stm32f4xx_hal_cortex.c...
compiling stm32f4xx_hal_flash_ramfunc.c...
compiling stm32f4xx_ll_usb.c...
compiling stm32f4xx_hal_gpio.c...
compiling stm32f4xx_hal_flash.c...
compiling stm32f4xx_hal_flash_ex.c...
compiling croutine.c...
compiling stm32f4xx_hal_dma_ex.c...
compiling list.c...
compiling event_groups.c...
compiling stm32f4xx_hal_pwr.c...
compiling queue.c...
compiling stream_buffer.c...
compiling timers.c...
compiling heap_4.c...
compiling tasks.c...
compiling SpeedRamp.c...
compiling port.c...
compiling user_lib.c...
compiling cmsis_os.c...
compiling stm32f4xx_hal_rtc.c...
compiling stm32f4xx_hal.c...
compiling stm32f4xx_hal_can.c...
compiling stm32f4xx_hal_uart.c...
compiling stm32f4xx_hal_rtc_ex.c...
compiling CRC.c...
compiling stm32f4xx_hal_exti.c...
compiling FuzzyPID.c...
compiling kalman_filter.c...
compiling BSP_Can.c...
compiling system_stm32f4xx.c...
compiling pid.c...
compiling FeedForward.c...
compiling Protocol_UpperComputer.c...
compiling BSP_Usart.c...
compiling BSP_Delay.c...
compiling BSP_BoardCommunication.c...
compiling Time_Stamp.c...
compiling M3508_Motor.c...
compiling J4310_Motor.c...
compiling DT7.c...
compiling SBUS.c...
compiling Dial.c...
compiling Shoot.c...
compiling Task_CanReceive.c...
compiling Cloud_Control.c...
compiling Task_RobotControl.c...
compiling FrictionWheel.c...
compiling Task_CommunicateWithPC.c...
compiling usbd_core.c...
compiling usbd_ctlreq.c...
compiling usbd_cdc.c...
compiling usbd_ioreq.c...
compiling Task_CanSend.c...
compiling Task_J4310_onlineCheck.c...
compiling Task_RemoteControl.c...
linking...
Program Size: Code=33448 RO-data=2300 RW-data=620 ZI-data=26780  
FromELF: creating hex file...
".\Hero_board1_SJW\Hero_board1_SJW.axf" - 0 Error(s), 0 Warning(s).

<h2>Software Packages used:</h2>

Package Vendor: ARM
                https://www.keil.com/pack/ARM.CMSIS.6.1.0.pack
                ARM::CMSIS@6.1.0
                CMSIS (Common Microcontroller Software Interface Standard)
   * Component: CORE Version: 6.1.0

Package Vendor: Keil
                https://www.keil.com/pack/Keil.STM32F4xx_DFP.3.0.0.pack
                Keil::STM32F4xx_DFP@3.0.0
                STMicroelectronics STM32F4 Series Device Support

<h2>Collection of Component include folders:</h2>
  ./RTE/_Hero_board1_SJW
  D:/mdk/ARM/Packs/ARM/CMSIS/6.1.0/CMSIS/Core/Include

<h2>Collection of Component Files used:</h2>

   * Component: ARM::CMSIS:CORE@6.1.0
      Include file:  CMSIS/Core/Include/tz_context.h
Build Time Elapsed:  00:00:39
</pre>
</body>
</html>
