Component: ARM Compiler 5.06 update 7 (build 960) Tool: armlink [4d3601]

==============================================================================

Section Cross References

    startup_stm32f407xx.o(STACK) refers (Special) to heapauxi.o(.text) for __use_two_region_memory
    startup_stm32f407xx.o(HEAP) refers (Special) to heapauxi.o(.text) for __use_two_region_memory
    startup_stm32f407xx.o(RESET) refers (Special) to heapauxi.o(.text) for __use_two_region_memory
    startup_stm32f407xx.o(RESET) refers to startup_stm32f407xx.o(STACK) for __initial_sp
    startup_stm32f407xx.o(RESET) refers to startup_stm32f407xx.o(.text) for Reset_Handler
    startup_stm32f407xx.o(RESET) refers to stm32f4xx_it.o(i.NMI_Handler) for NMI_Handler
    startup_stm32f407xx.o(RESET) refers to stm32f4xx_it.o(i.HardFault_Handler) for HardFault_Handler
    startup_stm32f407xx.o(RESET) refers to stm32f4xx_it.o(i.MemManage_Handler) for MemManage_Handler
    startup_stm32f407xx.o(RESET) refers to stm32f4xx_it.o(i.BusFault_Handler) for BusFault_Handler
    startup_stm32f407xx.o(RESET) refers to stm32f4xx_it.o(i.UsageFault_Handler) for UsageFault_Handler
    startup_stm32f407xx.o(RESET) refers to port.o(.emb_text) for SVC_Handler
    startup_stm32f407xx.o(RESET) refers to stm32f4xx_it.o(i.DebugMon_Handler) for DebugMon_Handler
    startup_stm32f407xx.o(RESET) refers to port.o(i.SysTick_Handler) for SysTick_Handler
    startup_stm32f407xx.o(RESET) refers to stm32f4xx_it.o(i.DMA1_Stream1_IRQHandler) for DMA1_Stream1_IRQHandler
    startup_stm32f407xx.o(RESET) refers to stm32f4xx_it.o(i.DMA1_Stream3_IRQHandler) for DMA1_Stream3_IRQHandler
    startup_stm32f407xx.o(RESET) refers to stm32f4xx_it.o(i.CAN1_TX_IRQHandler) for CAN1_TX_IRQHandler
    startup_stm32f407xx.o(RESET) refers to stm32f4xx_it.o(i.CAN1_RX0_IRQHandler) for CAN1_RX0_IRQHandler
    startup_stm32f407xx.o(RESET) refers to stm32f4xx_it.o(i.TIM1_UP_TIM10_IRQHandler) for TIM1_UP_TIM10_IRQHandler
    startup_stm32f407xx.o(RESET) refers to stm32f4xx_it.o(i.USART1_IRQHandler) for USART1_IRQHandler
    startup_stm32f407xx.o(RESET) refers to stm32f4xx_it.o(i.USART3_IRQHandler) for USART3_IRQHandler
    startup_stm32f407xx.o(RESET) refers to stm32f4xx_it.o(i.DMA2_Stream1_IRQHandler) for DMA2_Stream1_IRQHandler
    startup_stm32f407xx.o(RESET) refers to stm32f4xx_it.o(i.DMA2_Stream2_IRQHandler) for DMA2_Stream2_IRQHandler
    startup_stm32f407xx.o(RESET) refers to stm32f4xx_it.o(i.CAN2_TX_IRQHandler) for CAN2_TX_IRQHandler
    startup_stm32f407xx.o(RESET) refers to stm32f4xx_it.o(i.CAN2_RX0_IRQHandler) for CAN2_RX0_IRQHandler
    startup_stm32f407xx.o(RESET) refers to stm32f4xx_it.o(i.DMA2_Stream6_IRQHandler) for DMA2_Stream6_IRQHandler
    startup_stm32f407xx.o(RESET) refers to stm32f4xx_it.o(i.DMA2_Stream7_IRQHandler) for DMA2_Stream7_IRQHandler
    startup_stm32f407xx.o(RESET) refers to stm32f4xx_it.o(i.USART6_IRQHandler) for USART6_IRQHandler
    startup_stm32f407xx.o(.text) refers (Special) to heapauxi.o(.text) for __use_two_region_memory
    startup_stm32f407xx.o(.text) refers to system_stm32f4xx.o(i.SystemInit) for SystemInit
    startup_stm32f407xx.o(.text) refers to __main.o(!!!main) for __main
    startup_stm32f407xx.o(.text) refers to startup_stm32f407xx.o(HEAP) for Heap_Mem
    startup_stm32f407xx.o(.text) refers to startup_stm32f407xx.o(STACK) for Stack_Mem
    main.o(i.HAL_TIM_PeriodElapsedCallback) refers to stm32f4xx_hal.o(i.HAL_IncTick) for HAL_IncTick
    main.o(i.SystemClock_Config) refers to rt_memclr_w.o(.text) for __aeabi_memclr4
    main.o(i.SystemClock_Config) refers to stm32f4xx_hal_rcc.o(i.HAL_RCC_OscConfig) for HAL_RCC_OscConfig
    main.o(i.SystemClock_Config) refers to main.o(i.Error_Handler) for Error_Handler
    main.o(i.SystemClock_Config) refers to stm32f4xx_hal_rcc.o(i.HAL_RCC_ClockConfig) for HAL_RCC_ClockConfig
    main.o(i.main) refers to stm32f4xx_hal.o(i.HAL_Init) for HAL_Init
    main.o(i.main) refers to main.o(i.SystemClock_Config) for SystemClock_Config
    main.o(i.main) refers to gpio.o(i.MX_GPIO_Init) for MX_GPIO_Init
    main.o(i.main) refers to dma.o(i.MX_DMA_Init) for MX_DMA_Init
    main.o(i.main) refers to can.o(i.MX_CAN1_Init) for MX_CAN1_Init
    main.o(i.main) refers to can.o(i.MX_CAN2_Init) for MX_CAN2_Init
    main.o(i.main) refers to usart.o(i.MX_USART1_UART_Init) for MX_USART1_UART_Init
    main.o(i.main) refers to usart.o(i.MX_USART3_UART_Init) for MX_USART3_UART_Init
    main.o(i.main) refers to usart.o(i.MX_USART6_UART_Init) for MX_USART6_UART_Init
    main.o(i.main) refers to rtc.o(i.MX_RTC_Init) for MX_RTC_Init
    main.o(i.main) refers to freertos.o(i.MX_FREERTOS_Init) for MX_FREERTOS_Init
    main.o(i.main) refers to cmsis_os.o(i.osKernelStart) for osKernelStart
    gpio.o(i.MX_GPIO_Init) refers to rt_memclr_w.o(.text) for __aeabi_memclr4
    gpio.o(i.MX_GPIO_Init) refers to stm32f4xx_hal_gpio.o(i.HAL_GPIO_WritePin) for HAL_GPIO_WritePin
[...]
    i.xTaskCreateStatic                      0x0800610c   Section        0  tasks.o(i.xTaskCreateStatic)
    i.xTaskGetSchedulerState                 0x080061c8   Section        0  tasks.o(i.xTaskGetSchedulerState)
    i.xTaskGetTickCount                      0x080061e8   Section        0  tasks.o(i.xTaskGetTickCount)
    i.xTaskIncrementTick                     0x080061f4   Section        0  tasks.o(i.xTaskIncrementTick)
    i.xTaskPriorityDisinherit                0x0800633c   Section        0  tasks.o(i.xTaskPriorityDisinherit)
    i.xTaskRemoveFromEventList               0x08006404   Section        0  tasks.o(i.xTaskRemoveFromEventList)
    i.xTaskResumeAll                         0x0800649c   Section        0  tasks.o(i.xTaskResumeAll)
    x$fpl$fpinit                             0x080065a0   Section       10  fpinit.o(x$fpl$fpinit)
    $v0                                      0x080065a0   Number         0  fpinit.o(x$fpl$fpinit)
    .constdata                               0x080065ac   Section      224  freertos.o(.constdata)
    .constdata                               0x0800668c   Section        8  stm32f4xx_hal_dma.o(.constdata)
    flagBitshiftOffset                       0x0800668c   Data           8  stm32f4xx_hal_dma.o(.constdata)
    .constdata                               0x08006694   Section       24  system_stm32f4xx.o(.constdata)
    .conststring                             0x080066ac   Section      138  freertos.o(.conststring)
    .data                                    0x20000000   Section       44  freertos.o(.data)
    .data                                    0x2000002c   Section        4  can.o(.data)
    HAL_RCC_CAN1_CLK_ENABLED                 0x2000002c   Data           4  can.o(.data)
    .data                                    0x20000030   Section        9  stm32f4xx_hal.o(.data)
    .data                                    0x2000003c   Section        4  system_stm32f4xx.o(.data)
    .data                                    0x20000040   Section       60  tasks.o(.data)
    pxDelayedTaskList                        0x20000044   Data           4  tasks.o(.data)
    pxOverflowDelayedTaskList                0x20000048   Data           4  tasks.o(.data)
    uxDeletedTasksWaitingCleanUp             0x2000004c   Data           4  tasks.o(.data)
    uxCurrentNumberOfTasks                   0x20000050   Data           4  tasks.o(.data)
    xTickCount                               0x20000054   Data           4  tasks.o(.data)
    uxTopReadyPriority                       0x20000058   Data           4  tasks.o(.data)
    xSchedulerRunning                        0x2000005c   Data           4  tasks.o(.data)
    xPendedTicks                             0x20000060   Data           4  tasks.o(.data)
    xYieldPending                            0x20000064   Data           4  tasks.o(.data)
    xNumOfOverflows                          0x20000068   Data           4  tasks.o(.data)
    uxTaskNumber                             0x2000006c   Data           4  tasks.o(.data)
    xNextTaskUnblockTime                     0x20000070   Data           4  tasks.o(.data)
    xIdleTaskHandle                          0x20000074   Data           4  tasks.o(.data)
    uxSchedulerSuspended                     0x20000078   Data           4  tasks.o(.data)
    .data                                    0x2000007c   Section       32  heap_4.o(.data)
    xStart                                   0x2000007c   Data           8  heap_4.o(.data)
    pxEnd                                    0x20000084   Data           4  heap_4.o(.data)
    xFreeBytesRemaining                      0x20000088   Data           4  heap_4.o(.data)
    xMinimumEverFreeBytesRemaining           0x2000008c   Data           4  heap_4.o(.data)
    xNumberOfSuccessfulAllocations           0x20000090   Data           4  heap_4.o(.data)
    xNumberOfSuccessfulFrees                 0x20000094   Data           4  heap_4.o(.data)
    xBlockAllocatedBit                       0x20000098   Data           4  heap_4.o(.data)
    .data                                    0x2000009c   Section       12  port.o(.data)
    uxCriticalNesting                        0x2000009c   Data           4  port.o(.data)
    ucMaxSysCallPriority                     0x200000a0   Data           1  port.o(.data)
    ulMaxPRIGROUPValue                       0x200000a4   Data           4  port.o(.data)
    .data                                    0x200000a8   Section        1  sbus.o(.data)
    .data                                    0x200000aa   Section        2  task_canreceive.o(.data)
    .data                                    0x200000ac   Section        2  task_dm_onlinecheck.o(.data)
    .data                                    0x200000ae   Section        8  bsp_boardcommunication.o(.data)
    .data                                    0x200000b6   Section       49  bsp_can.o(.data)
    Can_Type                                 0x200000e6   Data           1  bsp_can.o(.data)
    .data                                    0x200000e8   Section       12  mecanum_wheel.o(.data)
    .bss                                     0x200000f4   Section      596  freertos.o(.bss)
    xIdleTaskTCBBuffer                       0x200000f4   Data          84  freertos.o(.bss)
    xIdleStack                               0x20000148   Data         512  freertos.o(.bss)
    .bss                                     0x20000348   Section       80  can.o(.bss)
    .bss                                     0x20000398   Section       32  rtc.o(.bss)
    .bss                                     0x200003b8   Section      792  usart.o(.bss)
    .bss                                     0x200006d0   Section       72  stm32f4xx_hal_timebase_tim.o(.bss)
    .bss                                     0x20000718   Section      240  tasks.o(.bss)
    pxReadyTasksLists                        0x20000718   Data         140  tasks.o(.bss)
    xDelayedTaskList1                        0x200007a4   Data          20  tasks.o(.bss)
    xDelayedTaskList2                        0x200007b8   Data          20  tasks.o(.bss)
    xPendingReadyList                        0x200007cc   Data          20  tasks.o(.bss)
    xTasksWaitingTermination                 0x200007e0   Data          20  tasks.o(.bss)
    xSuspendedTaskList                       0x200007f4   Data          20  tasks.o(.bss)
    .bss                                     0x20000808   Section    15360  heap_4.o(.bss)
    ucHeap                                   0x20000808   Data       15360  heap_4.o(.bss)
    .bss                                     0x20004408   Section       72  dm_motor.o(.bss)
    .bss                                     0x20004450   Section      128  m3508_motor.o(.bss)
    .bss                                     0x200044d0   Section      106  sbus.o(.bss)
    .bss                                     0x2000453c   Section       40  bsp_boardcommunication.o(.bss)
    .bss                                     0x20004564   Section      224  bsp_can.o(.bss)
    Can_Export_Data                          0x200045fc   Data          72  bsp_can.o(.bss)
    .bss                                     0x20004644   Section       28  mecanum_wheel.o(.bss)
    .bss                                     0x20004660   Section      336  chassis.o(.bss)
    .bss                                     0x200047b0   Section       96  libspace.o(.bss)
    HEAP                                     0x20004810   Section      512  startup_stm32f407xx.o(HEAP)
    Heap_Mem                                 0x20004810   Data         512  startup_stm32f407xx.o(HEAP)
    STACK                                    0x20004a10   Section     1024  startup_stm32f407xx.o(STACK)
    Stack_Mem                                0x20004a10   Data        1024  startup_stm32f407xx.o(STACK)
    __initial_sp                             0x20004e10   Data           0  startup_stm32f407xx.o(STACK)

    Global Symbols

    Symbol Name                              Value     Ov Type        Size  Object(Section)

    BuildAttributes$$THM_ISAv4$E$P$D$K$B$S$7EM$VFPi3$EXTD16$VFPS$VFMA$PE$A:L22UL41UL21$X:L11$S22US41US21$IEEE1$IW$USESV6$~STKCKD$USESV7$~SHL$OSPACE$ROPI$EBA8$UX$STANDARDLIB$REQ8$PRES8$EABIv2 0x00000000   Number         0  anon$$obj.o ABSOLUTE
    __ARM_use_no_argv                        0x00000000   Number         0  main.o ABSOLUTE
    __ARM_exceptions_init                     - Undefined Weak Reference
    __alloca_initialize                       - Undefined Weak Reference
    __arm_fini_                               - Undefined Weak Reference
    __arm_preinit_                            - Undefined Weak Reference
    __cpp_initialize__aeabi_                  - Undefined Weak Reference
    __cxa_finalize                            - Undefined Weak Reference
    __rt_locale                               - Undefined Weak Reference
    __sigvec_lookup                           - Undefined Weak Reference
    _atexit_init                              - Undefined Weak Reference
    _call_atexit_fns                          - Undefined Weak Reference
    _clock_init                               - Undefined Weak Reference
    _fp_trap_init                             - Undefined Weak Reference
    _fp_trap_shutdown                         - Undefined Weak Reference
    _get_lc_collate                           - Undefined Weak Reference
    _get_lc_ctype                             - Undefined Weak Reference
    _get_lc_monetary                          - Undefined Weak Reference
    _get_lc_numeric                           - Undefined Weak Reference
    _get_lc_time                              - Undefined Weak Reference
    _getenv_init                              - Undefined Weak Reference
    _handle_redirection                       - Undefined Weak Reference
    _init_alloc                               - Undefined Weak Reference
    _init_user_alloc                          - Undefined Weak Reference
    _initio                                   - Undefined Weak Reference
    _rand_init                                - Undefined Weak Reference
    _signal_finish                            - Undefined Weak Reference
    _signal_init                              - Undefined Weak Reference
    _terminate_alloc                          - Undefined Weak Reference
    _terminate_user_alloc                     - Undefined Weak Reference
    _terminateio                              - Undefined Weak Reference
    __Vectors_Size                           0x00000188   Number         0  startup_stm32f407xx.o ABSOLUTE
    __Vectors                                0x08000000   Data           4  startup_stm32f407xx.o(RESET)
    __Vectors_End                            0x08000188   Data           0  startup_stm32f407xx.o(RESET)
    __main                                   0x08000189   Thumb Code     8  __main.o(!!!main)
    __scatterload                            0x08000191   Thumb Code     0  __scatter.o(!!!scatter)
    __scatterload_rt2                        0x08000191   Thumb Code    44  __scatter.o(!!!scatter)
    __scatterload_rt2_thumb_only             0x08000191   Thumb Code     0  __scatter.o(!!!scatter)
    __scatterload_null                       0x0800019f   Thumb Code     0  __scatter.o(!!!scatter)
    __scatterload_copy                       0x080001c5   Thumb Code    26  __scatter_copy.o(!!handler_copy)
    __scatterload_zeroinit                   0x080001e1   Thumb Code    28  __scatter_zi.o(!!handler_zi)
    __rt_lib_init                            0x080001fd   Thumb Code     0  libinit.o(.ARM.Collect$$libinit$$00000000)
    __rt_lib_init_fp_1                       0x080001ff   Thumb Code     0  libinit2.o(.ARM.Collect$$libinit$$00000001)
    __rt_lib_init_alloca_1                   0x08000203   Thumb Code     0  libinit2.o(.ARM.Collect$$libinit$$0000002E)
    __rt_lib_init_argv_1                     0x08000203   Thumb Code     0  libinit2.o(.ARM.Collect$$libinit$$0000002C)
    __rt_lib_init_atexit_1                   0x08000203   Thumb Code     0  libinit2.o(.ARM.Collect$$libinit$$0000001B)
    __rt_lib_init_clock_1                    0x08000203   Thumb Code     0  libinit2.o(.ARM.Collect$$libinit$$00000021)
    __rt_lib_init_cpp_1                      0x08000203   Thumb Code     0  libinit2.o(.ARM.Collect$$libinit$$00000032)
    __rt_lib_init_exceptions_1               0x08000203   Thumb Code     0  libinit2.o(.ARM.Collect$$libinit$$00000030)
    __rt_lib_init_fp_trap_1                  0x08000203   Thumb Code     0  libinit2.o(.ARM.Collect$$libinit$$0000001F)
    __rt_lib_init_getenv_1                   0x08000203   Thumb Code     0  libinit2.o(.ARM.Collect$$libinit$$00000023)
    __rt_lib_init_heap_1                     0x08000203   Thumb Code     0  libinit2.o(.ARM.Collect$$libinit$$0000000A)
    __rt_lib_init_lc_collate_1               0x08000203   Thumb Code     0  libinit2.o(.ARM.Collect$$libinit$$00000011)
    __rt_lib_init_lc_ctype_1                 0x08000203   Thumb Code     0  libinit2.o(.ARM.Collect$$libinit$$00000013)
    __rt_lib_init_lc_monetary_1              0x08000203   Thumb Code     0  libinit2.o(.ARM.Collect$$libinit$$00000015)
    __rt_lib_init_lc_numeric_1               0x08000203   Thumb Code     0  libinit2.o(.ARM.Collect$$libinit$$00000017)
    __rt_lib_init_lc_time_1                  0x08000203   Thumb Code     0  libinit2.o(.ARM.Collect$$libinit$$00000019)
    __rt_lib_init_preinit_1                  0x08000203   Thumb Code     0  libinit2.o(.ARM.Collect$$libinit$$00000004)
    __rt_lib_init_rand_1                     0x08000203   Thumb Code     0  libinit2.o(.ARM.Collect$$libinit$$0000000E)
    __rt_lib_init_return                     0x08000203   Thumb Code     0  libinit2.o(.ARM.Collect$$libinit$$00000033)
    __rt_lib_init_signal_1                   0x08000203   Thumb Code     0  libinit2.o(.ARM.Collect$$libinit$$0000001D)
    __rt_lib_init_stdio_1                    0x08000203   Thumb Code     0  libinit2.o(.ARM.Collect$$libinit$$00000025)
    __rt_lib_init_user_alloc_1               0x08000203   Thumb Code     0  libinit2.o(.ARM.Collect$$libinit$$0000000C)
    __rt_lib_shutdown                        0x08000205   Thumb Code     0  libshutdown.o(.ARM.Collect$$libshutdown$$00000000)
    __rt_lib_shutdown_cpp_1                  0x08000207   Thumb Code     0  libshutdown2.o(.ARM.Collect$$libshutdown$$00000004)
    __rt_lib_shutdown_fini_1                 0x08000207   Thumb Code     0  libshutdown2.o(.ARM.Collect$$libshutdown$$00000002)
    __rt_lib_shutdown_fp_trap_1              0x08000207   Thumb Code     0  libshutdown2.o(.ARM.Collect$$libshutdown$$00000009)
    __rt_lib_shutdown_heap_1                 0x08000207   Thumb Code     0  libshutdown2.o(.ARM.Collect$$libshutdown$$00000011)
    __rt_lib_shutdown_return                 0x08000207   Thumb Code     0  libshutdown2.o(.ARM.Collect$$libshutdown$$00000012)
    __rt_lib_shutdown_signal_1               0x08000207   Thumb Code     0  libshutdown2.o(.ARM.Collect$$libshutdown$$0000000C)
    __rt_lib_shutdown_stdio_1                0x08000207   Thumb Code     0  libshutdown2.o(.ARM.Collect$$libshutdown$$00000006)
    __rt_lib_shutdown_user_alloc_1           0x08000207   Thumb Code     0  libshutdown2.o(.ARM.Collect$$libshutdown$$0000000E)
    __rt_entry                               0x08000209   Thumb Code     0  __rtentry.o(.ARM.Collect$$rtentry$$00000000)
    __rt_entry_presh_1                       0x08000209   Thumb Code     0  __rtentry2.o(.ARM.Collect$$rtentry$$00000002)
    __rt_entry_sh                            0x08000209   Thumb Code     0  __rtentry4.o(.ARM.Collect$$rtentry$$00000004)
    __rt_entry_li                            0x0800020f   Thumb Code     0  __rtentry2.o(.ARM.Collect$$rtentry$$0000000A)
    __rt_entry_postsh_1                      0x0800020f   Thumb Code     0  __rtentry2.o(.ARM.Collect$$rtentry$$00000009)
    __rt_entry_main                          0x08000213   Thumb Code     0  __rtentry2.o(.ARM.Collect$$rtentry$$0000000D)
    __rt_entry_postli_1                      0x08000213   Thumb Code     0  __rtentry2.o(.ARM.Collect$$rtentry$$0000000C)
    __rt_exit                                0x0800021b   Thumb Code     0  rtexit.o(.ARM.Collect$$rtexit$$00000000)
    __rt_exit_ls                             0x0800021d   Thumb Code     0  rtexit2.o(.ARM.Collect$$rtexit$$00000003)
    __rt_exit_prels_1                        0x0800021d   Thumb Code     0  rtexit2.o(.ARM.Collect$$rtexit$$00000002)
    __rt_exit_exit                           0x08000221   Thumb Code     0  rtexit2.o(.ARM.Collect$$rtexit$$00000004)
    SVC_Handler                              0x08000229   Thumb Code    28  port.o(.emb_text)
    __asm___6_port_c_39a90d8d__prvStartFirstTask 0x08000249   Thumb Code    36  port.o(.emb_text)
    __asm___6_port_c_39a90d8d__prvEnableVFP  0x08000271   Thumb Code    16  port.o(.emb_text)
    PendSV_Handler                           0x08000285   Thumb Code    88  port.o(.emb_text)
    vPortGetIPSR                             0x080002e1   Thumb Code     6  port.o(.emb_text)
    Reset_Handler                            0x080002e9   Thumb Code     8  startup_stm32f407xx.o(.text)
    ADC_IRQHandler                           0x08000303   Thumb Code     0  startup_stm32f407xx.o(.text)
    CAN1_RX1_IRQHandler                      0x08000303   Thumb Code     0  startup_stm32f407xx.o(.text)
    CAN1_SCE_IRQHandler                      0x08000303   Thumb Code     0  startup_stm32f407xx.o(.text)
    CAN2_RX1_IRQHandler                      0x08000303   Thumb Code     0  startup_stm32f407xx.o(.text)
    CAN2_SCE_IRQHandler                      0x08000303   Thumb Code     0  startup_stm32f407xx.o(.text)
    DCMI_IRQHandler                          0x08000303   Thumb Code     0  startup_stm32f407xx.o(.text)
    DMA1_Stream0_IRQHandler                  0x08000303   Thumb Code     0  startup_stm32f407xx.o(.text)
    DMA1_Stream2_IRQHandler                  0x08000303   Thumb Code     0  startup_stm32f407xx.o(.text)
    DMA1_Stream4_IRQHandler                  0x08000303   Thumb Code     0  startup_stm32f407xx.o(.text)
    DMA1_Stream5_IRQHandler                  0x08000303   Thumb Code     0  startup_stm32f407xx.o(.text)
    DMA1_Stream6_IRQHandler                  0x08000303   Thumb Code     0  startup_stm32f407xx.o(.text)
    DMA1_Stream7_IRQHandler                  0x08000303   Thumb Code     0  startup_stm32f407xx.o(.text)
    DMA2_Stream0_IRQHandler                  0x08000303   Thumb Code     0  startup_stm32f407xx.o(.text)
    DMA2_Stream3_IRQHandler                  0x08000303   Thumb Code     0  startup_stm32f407xx.o(.text)
    DMA2_Stream4_IRQHandler                  0x08000303   Thumb Code     0  startup_stm32f407xx.o(.text)
    DMA2_Stream5_IRQHandler                  0x08000303   Thumb Code     0  startup_stm32f407xx.o(.text)
    ETH_IRQHandler                           0x08000303   Thumb Code     0  startup_stm32f407xx.o(.text)
    ETH_WKUP_IRQHandler                      0x08000303   Thumb Code     0  startup_stm32f407xx.o(.text)
    EXTI0_IRQHandler                         0x08000303   Thumb Code     0  startup_stm32f407xx.o(.text)
    EXTI15_10_IRQHandler                     0x08000303   Thumb Code     0  startup_stm32f407xx.o(.text)
    EXTI1_IRQHandler                         0x08000303   Thumb Code     0  startup_stm32f407xx.o(.text)
    EXTI2_IRQHandler                         0x08000303   Thumb Code     0  startup_stm32f407xx.o(.text)
    EXTI3_IRQHandler                         0x08000303   Thumb Code     0  startup_stm32f407xx.o(.text)
    EXTI4_IRQHandler                         0x08000303   Thumb Code     0  startup_stm32f407xx.o(.text)
    EXTI9_5_IRQHandler                       0x08000303   Thumb Code     0  startup_stm32f407xx.o(.text)
    FLASH_IRQHandler                         0x08000303   Thumb Code     0  startup_stm32f407xx.o(.text)
    FMC_IRQHandler                           0x08000303   Thumb Code     0  startup_stm32f407xx.o(.text)
    FPU_IRQHandler                           0x08000303   Thumb Code     0  startup_stm32f407xx.o(.text)
    HASH_RNG_IRQHandler                      0x08000303   Thumb Code     0  startup_stm32f407xx.o(.text)
    I2C1_ER_IRQHandler                       0x08000303   Thumb Code     0  startup_stm32f407xx.o(.text)
    I2C1_EV_IRQHandler                       0x08000303   Thumb Code     0  startup_stm32f407xx.o(.text)
    I2C2_ER_IRQHandler                       0x08000303   Thumb Code     0  startup_stm32f407xx.o(.text)
    I2C2_EV_IRQHandler                       0x08000303   Thumb Code     0  startup_stm32f407xx.o(.text)
    I2C3_ER_IRQHandler                       0x08000303   Thumb Code     0  startup_stm32f407xx.o(.text)
    I2C3_EV_IRQHandler                       0x08000303   Thumb Code     0  startup_stm32f407xx.o(.text)
    OTG_FS_IRQHandler                        0x08000303   Thumb Code     0  startup_stm32f407xx.o(.text)
    OTG_FS_WKUP_IRQHandler                   0x08000303   Thumb Code     0  startup_stm32f407xx.o(.text)
    OTG_HS_EP1_IN_IRQHandler                 0x08000303   Thumb Code     0  startup_stm32f407xx.o(.text)
    OTG_HS_EP1_OUT_IRQHandler                0x08000303   Thumb Code     0  startup_stm32f407xx.o(.text)
    OTG_HS_IRQHandler                        0x08000303   Thumb Code     0  startup_stm32f407xx.o(.text)
    OTG_HS_WKUP_IRQHandler                   0x08000303   Thumb Code     0  startup_stm32f407xx.o(.text)
    PVD_IRQHandler                           0x08000303   Thumb Code     0  startup_stm32f407xx.o(.text)
    RCC_IRQHandler                           0x08000303   Thumb Code     0  startup_stm32f407xx.o(.text)
    RTC_Alarm_IRQHandler                     0x08000303   Thumb Code     0  startup_stm32f407xx.o(.text)
    RTC_WKUP_IRQHandler                      0x08000303   Thumb Code     0  startup_stm32f407xx.o(.text)
    SDIO_IRQHandler                          0x08000303   Thumb Code     0  startup_stm32f407xx.o(.text)
    SPI1_IRQHandler                          0x08000303   Thumb Code     0  startup_stm32f407xx.o(.text)
    SPI2_IRQHandler                          0x08000303   Thumb Code     0  startup_stm32f407xx.o(.text)
    SPI3_IRQHandler                          0x08000303   Thumb Code     0  startup_stm32f407xx.o(.text)
    TAMP_STAMP_IRQHandler                    0x08000303   Thumb Code     0  startup_stm32f407xx.o(.text)
    TIM1_BRK_TIM9_IRQHandler                 0x08000303   Thumb Code     0  startup_stm32f407xx.o(.text)
    TIM1_CC_IRQHandler                       0x08000303   Thumb Code     0  startup_stm32f407xx.o(.text)
    TIM1_TRG_COM_TIM11_IRQHandler            0x08000303   Thumb Code     0  startup_stm32f407xx.o(.text)
    TIM2_IRQHandler                          0x08000303   Thumb Code     0  startup_stm32f407xx.o(.text)
    TIM3_IRQHandler                          0x08000303   Thumb Code     0  startup_stm32f407xx.o(.text)
    TIM4_IRQHandler                          0x08000303   Thumb Code     0  startup_stm32f407xx.o(.text)
    TIM5_IRQHandler                          0x08000303   Thumb Code     0  startup_stm32f407xx.o(.text)
    TIM6_DAC_IRQHandler                      0x08000303   Thumb Code     0  startup_stm32f407xx.o(.text)
    TIM7_IRQHandler                          0x08000303   Thumb Code     0  startup_stm32f407xx.o(.text)
    TIM8_BRK_TIM12_IRQHandler                0x08000303   Thumb Code     0  startup_stm32f407xx.o(.text)
    TIM8_CC_IRQHandler                       0x08000303   Thumb Code     0  startup_stm32f407xx.o(.text)
    TIM8_TRG_COM_TIM14_IRQHandler            0x08000303   Thumb Code     0  startup_stm32f407xx.o(.text)
    TIM8_UP_TIM13_IRQHandler                 0x08000303   Thumb Code     0  startup_stm32f407xx.o(.text)
    UART4_IRQHandler                         0x08000303   Thumb Code     0  startup_stm32f407xx.o(.text)
    UART5_IRQHandler                         0x08000303   Thumb Code     0  startup_stm32f407xx.o(.text)
    USART2_IRQHandler                        0x08000303   Thumb Code     0  startup_stm32f407xx.o(.text)
    WWDG_IRQHandler                          0x08000303   Thumb Code     0  startup_stm32f407xx.o(.text)
    __user_initial_stackheap                 0x08000305   Thumb Code     0  startup_stm32f407xx.o(.text)
    __aeabi_uldivmod                         0x08000329   Thumb Code     0  lludivv7m.o(.text)
    _ll_udiv                                 0x08000329   Thumb Code   238  lludivv7m.o(.text)
    __aeabi_memcpy                           0x08000417   Thumb Code     0  rt_memcpy_v6.o(.text)
    __rt_memcpy                              0x08000417   Thumb Code   138  rt_memcpy_v6.o(.text)
    _memcpy_lastbytes                        0x0800047d   Thumb Code     0  rt_memcpy_v6.o(.text)
    __aeabi_memcpy4                          0x080004a1   Thumb Code     0  rt_memcpy_w.o(.text)
    __aeabi_memcpy8                          0x080004a1   Thumb Code     0  rt_memcpy_w.o(.text)
    __rt_memcpy_w                            0x080004a1   Thumb Code   100  rt_memcpy_w.o(.text)
    _memcpy_lastbytes_aligned                0x080004e9   Thumb Code     0  rt_memcpy_w.o(.text)
    __aeabi_memclr4                          0x08000505   Thumb Code     0  rt_memclr_w.o(.text)
    __aeabi_memclr8                          0x08000505   Thumb Code     0  rt_memclr_w.o(.text)
    __rt_memclr_w                            0x08000505   Thumb Code    78  rt_memclr_w.o(.text)
    _memset_w                                0x08000509   Thumb Code     0  rt_memclr_w.o(.text)
    __use_two_region_memory                  0x08000553   Thumb Code     2  heapauxi.o(.text)
    __rt_heap_escrow$2region                 0x08000555   Thumb Code     2  heapauxi.o(.text)
    __rt_heap_expand$2region                 0x08000557   Thumb Code     2  heapauxi.o(.text)
    __user_setup_stackheap                   0x08000559   Thumb Code    74  sys_stackheap_outer.o(.text)
    exit                                     0x080005a3   Thumb Code    18  exit.o(.text)
    __user_libspace                          0x080005b5   Thumb Code     8  libspace.o(.text)
    __user_perproc_libspace                  0x080005b5   Thumb Code     0  libspace.o(.text)
    __user_perthread_libspace                0x080005b5   Thumb Code     0  libspace.o(.text)
    _sys_exit                                0x080005bd   Thumb Code     8  sys_exit.o(.text)
    __I$use$semihosting                      0x080005c9   Thumb Code     0  use_no_semi.o(.text)
    __use_no_semihosting_swi                 0x080005c9   Thumb Code     2  use_no_semi.o(.text)
    __semihosting_library_function           0x080005cb   Thumb Code     0  indicate_semi.o(.text)
    ALL_Init                                 0x080005cd   Thumb Code    60  freertos.o(i.ALL_Init)
    AllCanSend                               0x08000619   Thumb Code    32  task_cansend.o(i.AllCanSend)
    Board1_getGimbalInfo                     0x0800063d   Thumb Code   106  bsp_boardcommunication.o(i.Board1_getGimbalInfo)
    Board2_1_To_Board2_2                     0x080006b1   Thumb Code   102  bsp_boardcommunication.o(i.Board2_1_To_Board2_2)
    BusFault_Handler                         0x08000725   Thumb Code     4  stm32f4xx_it.o(i.BusFault_Handler)
    CAN1_RX0_IRQHandler                      0x08000729   Thumb Code    10  stm32f4xx_it.o(i.CAN1_RX0_IRQHandler)
    CAN1_TX_IRQHandler                       0x08000739   Thumb Code    10  stm32f4xx_it.o(i.CAN1_TX_IRQHandler)
    CAN2_RX0_IRQHandler                      0x08000749   Thumb Code    10  stm32f4xx_it.o(i.CAN2_RX0_IRQHandler)
    CAN2_TX_IRQHandler                       0x08000759   Thumb Code    10  stm32f4xx_it.o(i.CAN2_TX_IRQHandler)
    CAN_IT_Init                              0x08000799   Thumb Code    46  bsp_can.o(i.CAN_IT_Init)
    CAN_SendData                             0x080007cd   Thumb Code    74  bsp_can.o(i.CAN_SendData)
    Can1Receives                             0x08000819   Thumb Code    52  task_canreceive.o(i.Can1Receives)
    Can2Receives                             0x08000851   Thumb Code    88  task_canreceive.o(i.Can2Receives)
    Chassis_Init                             0x080008b1   Thumb Code   158  chassis.o(i.Chassis_Init)
    Chassis_motion_control                   0x08000981   Thumb Code   214  chassis.o(i.Chassis_motion_control)
    DMA1_Stream1_IRQHandler                  0x08000a79   Thumb Code    10  stm32f4xx_it.o(i.DMA1_Stream1_IRQHandler)
    DMA1_Stream3_IRQHandler                  0x08000a89   Thumb Code    10  stm32f4xx_it.o(i.DMA1_Stream3_IRQHandler)
    DMA2_Stream1_IRQHandler                  0x08000a99   Thumb Code    10  stm32f4xx_it.o(i.DMA2_Stream1_IRQHandler)
    DMA2_Stream2_IRQHandler                  0x08000aa9   Thumb Code    10  stm32f4xx_it.o(i.DMA2_Stream2_IRQHandler)
    DMA2_Stream6_IRQHandler                  0x08000ab9   Thumb Code    10  stm32f4xx_it.o(i.DMA2_Stream6_IRQHandler)
    DMA2_Stream7_IRQHandler                  0x08000ac9   Thumb Code    10  stm32f4xx_it.o(i.DMA2_Stream7_IRQHandler)
    DM_Enable                                0x08000be5   Thumb Code    82  dm_motor.o(i.DM_Enable)
    DM_getInfo                               0x08000c3d   Thumb Code   500  dm_motor.o(i.DM_getInfo)
    DM_onlineCheck                           0x08000e49   Thumb Code    54  task_dm_onlinecheck.o(i.DM_onlineCheck)
    DebugMon_Handler                         0x08000e8d   Thumb Code     2  stm32f4xx_it.o(i.DebugMon_Handler)
    Error_Handler                            0x08000e8f   Thumb Code     6  main.o(i.Error_Handler)
    HAL_CAN_ActivateNotification             0x08000e95   Thumb Code    42  stm32f4xx_hal_can.o(i.HAL_CAN_ActivateNotification)
    HAL_CAN_AddTxMessage                     0x08000ebf   Thumb Code   330  stm32f4xx_hal_can.o(i.HAL_CAN_AddTxMessage)
    HAL_CAN_ConfigFilter                     0x08001009   Thumb Code   284  stm32f4xx_hal_can.o(i.HAL_CAN_ConfigFilter)
    HAL_CAN_ErrorCallback                    0x08001129   Thumb Code     2  stm32f4xx_hal_can.o(i.HAL_CAN_ErrorCallback)
    HAL_CAN_GetRxMessage                     0x0800112b   Thumb Code   404  stm32f4xx_hal_can.o(i.HAL_CAN_GetRxMessage)
    HAL_CAN_IRQHandler                       0x080012bf   Thumb Code   590  stm32f4xx_hal_can.o(i.HAL_CAN_IRQHandler)
    HAL_CAN_Init                             0x0800150d   Thumb Code   372  stm32f4xx_hal_can.o(i.HAL_CAN_Init)
    HAL_CAN_MspInit                          0x08001681   Thumb Code   360  can.o(i.HAL_CAN_MspInit)
    HAL_CAN_RxFifo0FullCallback              0x08001801   Thumb Code     2  stm32f4xx_hal_can.o(i.HAL_CAN_RxFifo0FullCallback)
    HAL_CAN_RxFifo0MsgPendingCallback        0x08001805   Thumb Code   242  bsp_can.o(i.HAL_CAN_RxFifo0MsgPendingCallback)
    HAL_CAN_RxFifo1FullCallback              0x08001915   Thumb Code     2  stm32f4xx_hal_can.o(i.HAL_CAN_RxFifo1FullCallback)
    HAL_CAN_RxFifo1MsgPendingCallback        0x08001917   Thumb Code     2  stm32f4xx_hal_can.o(i.HAL_CAN_RxFifo1MsgPendingCallback)
    HAL_CAN_SleepCallback                    0x08001919   Thumb Code     2  stm32f4xx_hal_can.o(i.HAL_CAN_SleepCallback)
    HAL_CAN_Start                            0x0800191b   Thumb Code    94  stm32f4xx_hal_can.o(i.HAL_CAN_Start)
    HAL_CAN_TxMailbox0AbortCallback          0x08001979   Thumb Code     2  stm32f4xx_hal_can.o(i.HAL_CAN_TxMailbox0AbortCallback)
    HAL_CAN_TxMailbox0CompleteCallback       0x0800197b   Thumb Code     2  stm32f4xx_hal_can.o(i.HAL_CAN_TxMailbox0CompleteCallback)
    HAL_CAN_TxMailbox1AbortCallback          0x0800197d   Thumb Code     2  stm32f4xx_hal_can.o(i.HAL_CAN_TxMailbox1AbortCallback)
    HAL_CAN_TxMailbox1CompleteCallback       0x0800197f   Thumb Code     2  stm32f4xx_hal_can.o(i.HAL_CAN_TxMailbox1CompleteCallback)
    HAL_CAN_TxMailbox2AbortCallback          0x08001981   Thumb Code     2  stm32f4xx_hal_can.o(i.HAL_CAN_TxMailbox2AbortCallback)
    HAL_CAN_TxMailbox2CompleteCallback       0x08001983   Thumb Code     2  stm32f4xx_hal_can.o(i.HAL_CAN_TxMailbox2CompleteCallback)
    HAL_CAN_WakeUpFromRxMsgCallback          0x08001985   Thumb Code     2  stm32f4xx_hal_can.o(i.HAL_CAN_WakeUpFromRxMsgCallback)
    HAL_DMA_Abort                            0x08001987   Thumb Code   172  stm32f4xx_hal_dma.o(i.HAL_DMA_Abort)
    HAL_DMA_Abort_IT                         0x08001a33   Thumb Code    40  stm32f4xx_hal_dma.o(i.HAL_DMA_Abort_IT)
    HAL_DMA_IRQHandler                       0x08001a5d   Thumb Code   570  stm32f4xx_hal_dma.o(i.HAL_DMA_IRQHandler)
    HAL_DMA_Init                             0x08001c9d   Thumb Code   232  stm32f4xx_hal_dma.o(i.HAL_DMA_Init)
    HAL_DMA_Start_IT                         0x08001d89   Thumb Code   146  stm32f4xx_hal_dma.o(i.HAL_DMA_Start_IT)
    HAL_GPIO_Init                            0x08001e1d   Thumb Code   454  stm32f4xx_hal_gpio.o(i.HAL_GPIO_Init)
    HAL_GPIO_WritePin                        0x08002011   Thumb Code    12  stm32f4xx_hal_gpio.o(i.HAL_GPIO_WritePin)
    HAL_GetTick                              0x0800201d   Thumb Code     6  stm32f4xx_hal.o(i.HAL_GetTick)
    HAL_IncTick                              0x08002029   Thumb Code    16  stm32f4xx_hal.o(i.HAL_IncTick)
    HAL_Init                                 0x08002041   Thumb Code    54  stm32f4xx_hal.o(i.HAL_Init)
    HAL_InitTick                             0x0800207d   Thumb Code   140  stm32f4xx_hal_timebase_tim.o(i.HAL_InitTick)
    HAL_MspInit                              0x0800211d   Thumb Code    78  stm32f4xx_hal_msp.o(i.HAL_MspInit)
    HAL_NVIC_EnableIRQ                       0x08002171   Thumb Code    40  stm32f4xx_hal_cortex.o(i.HAL_NVIC_EnableIRQ)
    HAL_NVIC_SetPriority                     0x08002199   Thumb Code   124  stm32f4xx_hal_cortex.o(i.HAL_NVIC_SetPriority)
    HAL_NVIC_SetPriorityGrouping             0x08002215   Thumb Code    32  stm32f4xx_hal_cortex.o(i.HAL_NVIC_SetPriorityGrouping)
    HAL_RCCEx_PeriphCLKConfig                0x0800223d   Thumb Code   396  stm32f4xx_hal_rcc_ex.o(i.HAL_RCCEx_PeriphCLKConfig)
    HAL_RCC_ClockConfig                      0x080023dd   Thumb Code   368  stm32f4xx_hal_rcc.o(i.HAL_RCC_ClockConfig)
    HAL_RCC_GetClockConfig                   0x08002561   Thumb Code    58  stm32f4xx_hal_rcc.o(i.HAL_RCC_GetClockConfig)
    HAL_RCC_GetHCLKFreq                      0x080025a5   Thumb Code     6  stm32f4xx_hal_rcc.o(i.HAL_RCC_GetHCLKFreq)
    HAL_RCC_GetPCLK1Freq                     0x080025b1   Thumb Code    22  stm32f4xx_hal_rcc.o(i.HAL_RCC_GetPCLK1Freq)
    HAL_RCC_GetPCLK2Freq                     0x080025d1   Thumb Code    22  stm32f4xx_hal_rcc.o(i.HAL_RCC_GetPCLK2Freq)
    HAL_RCC_GetSysClockFreq                  0x080025f1   Thumb Code   162  stm32f4xx_hal_rcc.o(i.HAL_RCC_GetSysClockFreq)
    HAL_RCC_OscConfig                        0x080026a1   Thumb Code  1172  stm32f4xx_hal_rcc.o(i.HAL_RCC_OscConfig)
    HAL_RTC_Init                             0x08002b3d   Thumb Code   174  stm32f4xx_hal_rtc.o(i.HAL_RTC_Init)
    HAL_RTC_MspInit                          0x08002bf1   Thumb Code    50  rtc.o(i.HAL_RTC_MspInit)
    HAL_RTC_WaitForSynchro                   0x08002c2d   Thumb Code    52  stm32f4xx_hal_rtc.o(i.HAL_RTC_WaitForSynchro)
    HAL_TIMEx_BreakCallback                  0x08002c65   Thumb Code     2  stm32f4xx_hal_tim_ex.o(i.HAL_TIMEx_BreakCallback)
    HAL_TIMEx_CommutCallback                 0x08002c67   Thumb Code     2  stm32f4xx_hal_tim_ex.o(i.HAL_TIMEx_CommutCallback)
    HAL_TIM_Base_Init                        0x08002c69   Thumb Code   102  stm32f4xx_hal_tim.o(i.HAL_TIM_Base_Init)
    HAL_TIM_Base_MspInit                     0x08002ccf   Thumb Code     2  stm32f4xx_hal_tim.o(i.HAL_TIM_Base_MspInit)
    HAL_TIM_Base_Start_IT                    0x08002cd1   Thumb Code   138  stm32f4xx_hal_tim.o(i.HAL_TIM_Base_Start_IT)
    HAL_TIM_IC_CaptureCallback               0x08002d79   Thumb Code     2  stm32f4xx_hal_tim.o(i.HAL_TIM_IC_CaptureCallback)
    HAL_TIM_IRQHandler                       0x08002d7b   Thumb Code   364  stm32f4xx_hal_tim.o(i.HAL_TIM_IRQHandler)
    HAL_TIM_OC_DelayElapsedCallback          0x08002ee7   Thumb Code     2  stm32f4xx_hal_tim.o(i.HAL_TIM_OC_DelayElapsedCallback)
    HAL_TIM_PWM_PulseFinishedCallback        0x08002ee9   Thumb Code     2  stm32f4xx_hal_tim.o(i.HAL_TIM_PWM_PulseFinishedCallback)
    HAL_TIM_PeriodElapsedCallback            0x08002eed   Thumb Code    18  main.o(i.HAL_TIM_PeriodElapsedCallback)
    HAL_TIM_TriggerCallback                  0x08002f05   Thumb Code     2  stm32f4xx_hal_tim.o(i.HAL_TIM_TriggerCallback)
    HAL_UARTEx_ReceiveToIdle_DMA             0x08002f07   Thumb Code   112  stm32f4xx_hal_uart.o(i.HAL_UARTEx_ReceiveToIdle_DMA)
    HAL_UARTEx_RxEventCallback               0x08002f79   Thumb Code    32  bsp_usart.o(i.HAL_UARTEx_RxEventCallback)
    HAL_UART_ErrorCallback                   0x08002fa9   Thumb Code     2  stm32f4xx_hal_uart.o(i.HAL_UART_ErrorCallback)
    HAL_UART_IRQHandler                      0x08002fad   Thumb Code   772  stm32f4xx_hal_uart.o(i.HAL_UART_IRQHandler)
    HAL_UART_Init                            0x080032b5   Thumb Code   118  stm32f4xx_hal_uart.o(i.HAL_UART_Init)
    HAL_UART_MspInit                         0x0800332d   Thumb Code   852  usart.o(i.HAL_UART_MspInit)
    HAL_UART_RxCpltCallback                  0x080036c1   Thumb Code     2  stm32f4xx_hal_uart.o(i.HAL_UART_RxCpltCallback)
    HAL_UART_RxHalfCpltCallback              0x080036c3   Thumb Code     2  stm32f4xx_hal_uart.o(i.HAL_UART_RxHalfCpltCallback)
    HAL_UART_TxCpltCallback                  0x080036c5   Thumb Code     2  stm32f4xx_hal_uart.o(i.HAL_UART_TxCpltCallback)
    HardFault_Handler                        0x080036c7   Thumb Code     4  stm32f4xx_it.o(i.HardFault_Handler)
    M3508_getInfo                            0x080036cd   Thumb Code   254  m3508_motor.o(i.M3508_getInfo)
    M3508_setCurrent                         0x080037d5   Thumb Code    30  m3508_motor.o(i.M3508_setCurrent)
    MX_CAN1_Init                             0x080037f5   Thumb Code    60  can.o(i.MX_CAN1_Init)
    MX_CAN2_Init                             0x08003839   Thumb Code    64  can.o(i.MX_CAN2_Init)
    MX_DMA_Init                              0x08003881   Thumb Code   162  dma.o(i.MX_DMA_Init)
    MX_FREERTOS_Init                         0x08003929   Thumb Code   240  freertos.o(i.MX_FREERTOS_Init)
    MX_GPIO_Init                             0x08003a49   Thumb Code   232  gpio.o(i.MX_GPIO_Init)
    MX_RTC_Init                              0x08003b39   Thumb Code    42  rtc.o(i.MX_RTC_Init)
    MX_USART1_UART_Init                      0x08003b6d   Thumb Code    46  usart.o(i.MX_USART1_UART_Init)
    MX_USART3_UART_Init                      0x08003ba5   Thumb Code    44  usart.o(i.MX_USART3_UART_Init)
    MX_USART6_UART_Init                      0x08003bdd   Thumb Code    46  usart.o(i.MX_USART6_UART_Init)
    MemManage_Handler                        0x08003c15   Thumb Code     4  stm32f4xx_it.o(i.MemManage_Handler)
    NMI_Handler                              0x08003c19   Thumb Code     4  stm32f4xx_it.o(i.NMI_Handler)
    Position_PID                             0x08003c1d   Thumb Code   238  pid.o(i.Position_PID)
    Position_PIDInit                         0x08003d0d   Thumb Code   102  pid.o(i.Position_PIDInit)
    RTC_EnterInitMode                        0x08003d79   Thumb Code    74  stm32f4xx_hal_rtc.o(i.RTC_EnterInitMode)
    RTC_ExitInitMode                         0x08003dc3   Thumb Code    46  stm32f4xx_hal_rtc.o(i.RTC_ExitInitMode)
    RemoteControl_Processing                 0x08003df1   Thumb Code    40  task_remotecontrol.o(i.RemoteControl_Processing)
    Robot_Control                            0x08003e1d   Thumb Code    78  task_robotcontrol.o(i.Robot_Control)
    SBUS_Handle                              0x08003e79   Thumb Code   552  sbus.o(i.SBUS_Handle)
    SBUS_Init                                0x080040b1   Thumb Code    14  sbus.o(i.SBUS_Init)
    StartDefaultTask                         0x080040c9   Thumb Code    10  freertos.o(i.StartDefaultTask)
    SysTick_Handler                          0x080040d5   Thumb Code    46  port.o(i.SysTick_Handler)
    SystemClock_Config                       0x08004109   Thumb Code   176  main.o(i.SystemClock_Config)
    SystemInit                               0x080041c1   Thumb Code    14  system_stm32f4xx.o(i.SystemInit)
    TIM1_UP_TIM10_IRQHandler                 0x080041d5   Thumb Code    10  stm32f4xx_it.o(i.TIM1_UP_TIM10_IRQHandler)
    TIM_Base_SetConfig                       0x080041e5   Thumb Code   178  stm32f4xx_hal_tim.o(i.TIM_Base_SetConfig)
    UART_Start_Receive_DMA                   0x080047d9   Thumb Code   202  stm32f4xx_hal_uart.o(i.UART_Start_Receive_DMA)
    USART1_IRQHandler                        0x08004911   Thumb Code    10  stm32f4xx_it.o(i.USART1_IRQHandler)
    USART3_IRQHandler                        0x08004921   Thumb Code    10  stm32f4xx_it.o(i.USART3_IRQHandler)
    USART6_IRQHandler                        0x08004931   Thumb Code    10  stm32f4xx_it.o(i.USART6_IRQHandler)
    UsageFault_Handler                       0x08004941   Thumb Code     4  stm32f4xx_it.o(i.UsageFault_Handler)
    main                                     0x080049ab   Thumb Code    52  main.o(i.main)
    mecanum_forward_kinematics               0x08004a8d   Thumb Code   152  mecanum_wheel.o(i.mecanum_forward_kinematics)
    mecanum_init                             0x08004b25   Thumb Code    16  mecanum_wheel.o(i.mecanum_init)
    osDelay                                  0x08004b35   Thumb Code    24  cmsis_os.o(i.osDelay)
    osKernelStart                            0x08004b4d   Thumb Code    10  cmsis_os.o(i.osKernelStart)
    osThreadCreate                           0x08004b57   Thumb Code    94  cmsis_os.o(i.osThreadCreate)
    pvPortMalloc                             0x080051bd   Thumb Code   306  heap_4.o(i.pvPortMalloc)
    pxPortInitialiseStack                    0x08005309   Thumb Code    38  port.o(i.pxPortInitialiseStack)
    uxListRemove                             0x08005369   Thumb Code    40  list.o(i.uxListRemove)
    vApplicationGetIdleTaskMemory            0x08005391   Thumb Code    14  freertos.o(i.vApplicationGetIdleTaskMemory)
    vListInitialise                          0x080053a9   Thumb Code    26  list.o(i.vListInitialise)
    vListInitialiseItem                      0x080053c3   Thumb Code     6  list.o(i.vListInitialiseItem)
    vListInsert                              0x080053c9   Thumb Code    52  list.o(i.vListInsert)
    vListInsertEnd                           0x080053fd   Thumb Code    24  list.o(i.vListInsertEnd)
    vPortEnterCritical                       0x08005415   Thumb Code    76  port.o(i.vPortEnterCritical)
    vPortExitCritical                        0x08005469   Thumb Code    56  port.o(i.vPortExitCritical)
    vPortFree                                0x080054a5   Thumb Code   150  heap_4.o(i.vPortFree)
    vPortSetupTimerInterrupt                 0x08005549   Thumb Code    36  port.o(i.vPortSetupTimerInterrupt)
    vPortValidateInterruptPriority           0x08005571   Thumb Code   106  port.o(i.vPortValidateInterruptPriority)
    vTaskDelay                               0x080055e9   Thumb Code    82  tasks.o(i.vTaskDelay)
    vTaskDelayUntil                          0x08005645   Thumb Code   200  tasks.o(i.vTaskDelayUntil)
    vTaskDelete                              0x08005719   Thumb Code   202  tasks.o(i.vTaskDelete)
    vTaskInternalSetTimeOutState             0x0800580d   Thumb Code    14  tasks.o(i.vTaskInternalSetTimeOutState)
    vTaskMissedYield                         0x08005825   Thumb Code     8  tasks.o(i.vTaskMissedYield)
    vTaskPlaceOnEventList                    0x08005831   Thumb Code    52  tasks.o(i.vTaskPlaceOnEventList)
    vTaskStartScheduler                      0x08005869   Thumb Code   146  tasks.o(i.vTaskStartScheduler)
    vTaskSuspendAll                          0x08005919   Thumb Code    12  tasks.o(i.vTaskSuspendAll)
    vTaskSwitchContext                       0x08005929   Thumb Code   118  tasks.o(i.vTaskSwitchContext)
    xPortStartScheduler                      0x080059b5   Thumb Code   330  port.o(i.xPortStartScheduler)
    xQueueGenericCreate                      0x08005b1d   Thumb Code    90  queue.o(i.xQueueGenericCreate)
    xQueueGenericReset                       0x08005b79   Thumb Code   146  queue.o(i.xQueueGenericReset)
    xQueueGenericSend                        0x08005c11   Thumb Code   420  queue.o(i.xQueueGenericSend)
    xQueueGenericSendFromISR                 0x08005db9   Thumb Code   252  queue.o(i.xQueueGenericSendFromISR)
    xQueueReceive                            0x08005eb5   Thumb Code   356  queue.o(i.xQueueReceive)
    xTaskCheckForTimeOut                     0x0800601d   Thumb Code   132  tasks.o(i.xTaskCheckForTimeOut)
    xTaskCreate                              0x080060a9   Thumb Code   100  tasks.o(i.xTaskCreate)
    xTaskCreateStatic                        0x0800610d   Thumb Code   186  tasks.o(i.xTaskCreateStatic)
    xTaskGetSchedulerState                   0x080061c9   Thumb Code    24  tasks.o(i.xTaskGetSchedulerState)
    xTaskGetTickCount                        0x080061e9   Thumb Code     6  tasks.o(i.xTaskGetTickCount)
    xTaskIncrementTick                       0x080061f5   Thumb Code   282  tasks.o(i.xTaskIncrementTick)
    xTaskPriorityDisinherit                  0x0800633d   Thumb Code   188  tasks.o(i.xTaskPriorityDisinherit)
    xTaskRemoveFromEventList                 0x08006405   Thumb Code   128  tasks.o(i.xTaskRemoveFromEventList)
    xTaskResumeAll                           0x0800649d   Thumb Code   224  tasks.o(i.xTaskResumeAll)
    _fp_init                                 0x080065a1   Thumb Code    10  fpinit.o(x$fpl$fpinit)
    __fplib_config_fpu_vfp                   0x080065a9   Thumb Code     0  fpinit.o(x$fpl$fpinit)
    __fplib_config_pureend_doubles           0x080065a9   Thumb Code     0  fpinit.o(x$fpl$fpinit)
    AHBPrescTable                            0x08006694   Data          16  system_stm32f4xx.o(.constdata)
    APBPrescTable                            0x080066a4   Data           8  system_stm32f4xx.o(.constdata)
    Region$$Table$$Base                      0x08006738   Number         0  anon$$obj.o(Region$$Table)
    Region$$Table$$Limit                     0x08006758   Number         0  anon$$obj.o(Region$$Table)
    CAN1_ReceiveHandle                       0x20000000   Data           4  freertos.o(.data)
    CAN2_ReceiveHandle                       0x20000004   Data           4  freertos.o(.data)
    CAN_SendHandle                           0x20000008   Data           4  freertos.o(.data)
    Task_Can1MsgRecHandle                    0x2000000c   Data           4  freertos.o(.data)
    Task_Can2MsgRecHandle                    0x20000010   Data           4  freertos.o(.data)
    Task_CanSendHandle                       0x20000014   Data           4  freertos.o(.data)
    Task_DMOnlineCheckHandle                 0x20000018   Data           4  freertos.o(.data)
    Robot_Control_Handle                     0x2000001c   Data           4  freertos.o(.data)
    RemoteControl_Handle                     0x20000020   Data           4  freertos.o(.data)
    defaultTaskHandle                        0x20000024   Data           4  freertos.o(.data)
    StartTaskHandle                          0x20000028   Data           4  freertos.o(.data)
    uwTick                                   0x20000030   Data           4  stm32f4xx_hal.o(.data)
    uwTickPrio                               0x20000034   Data           4  stm32f4xx_hal.o(.data)
    uwTickFreq                               0x20000038   Data           1  stm32f4xx_hal.o(.data)
    SystemCoreClock                          0x2000003c   Data           4  system_stm32f4xx.o(.data)
    pxCurrentTCB                             0x20000040   Data           4  tasks.o(.data)
    SBUS_RX_Finish                           0x200000a8   Data           1  sbus.o(.data)
    DM_RxID                                  0x200000aa   Data           2  task_canreceive.o(.data)
    DM_Frame                                 0x200000ac   Data           2  task_dm_onlinecheck.o(.data)
    ControlMes_board2                        0x200000ae   Data           8  bsp_boardcommunication.o(.data)
    CAN1_0x1ff_Tx_Data                       0x200000b6   Data           8  bsp_can.o(.data)
    CAN1_0x200_Tx_Data                       0x200000be   Data           8  bsp_can.o(.data)
    CAN1_0x2ff_Tx_Data                       0x200000c6   Data           8  bsp_can.o(.data)
    CAN2_0x1ff_Tx_Data                       0x200000ce   Data           8  bsp_can.o(.data)
    CAN2_0x200_Tx_Data                       0x200000d6   Data           8  bsp_can.o(.data)
    CAN2_0x2ff_Tx_Data                       0x200000de   Data           8  bsp_can.o(.data)
    Velocity                                 0x200000e8   Data          12  mecanum_wheel.o(.data)
    hcan1                                    0x20000348   Data          40  can.o(.bss)
    hcan2                                    0x20000370   Data          40  can.o(.bss)
    hrtc                                     0x20000398   Data          32  rtc.o(.bss)
    huart1                                   0x200003b8   Data          72  usart.o(.bss)
    huart3                                   0x20000400   Data          72  usart.o(.bss)
    huart6                                   0x20000448   Data          72  usart.o(.bss)
    hdma_usart1_tx                           0x20000490   Data          96  usart.o(.bss)
    hdma_usart1_rx                           0x200004f0   Data          96  usart.o(.bss)
    hdma_usart3_tx                           0x20000550   Data          96  usart.o(.bss)
    hdma_usart3_rx                           0x200005b0   Data          96  usart.o(.bss)
    hdma_usart6_rx                           0x20000610   Data          96  usart.o(.bss)
    hdma_usart6_tx                           0x20000670   Data          96  usart.o(.bss)
    htim1                                    0x200006d0   Data          72  stm32f4xx_hal_timebase_tim.o(.bss)
    DM_Array                                 0x20004408   Data          72  dm_motor.o(.bss)
    M3508_Array                              0x20004450   Data         128  m3508_motor.o(.bss)
    SBUS                                     0x200044d0   Data          36  sbus.o(.bss)
    mappedData                               0x200044f4   Data          20  sbus.o(.bss)
    SBUS_RXBuffer                            0x20004508   Data          25  sbus.o(.bss)
    SBUS_Rx_Data                             0x20004521   Data          25  sbus.o(.bss)
    ControlMes                               0x2000453c   Data          40  bsp_boardcommunication.o(.bss)
    Can_Data                                 0x20004564   Data         152  bsp_can.o(.bss)
    Config_Mecanum                           0x20004644   Data          12  mecanum_wheel.o(.bss)
    Mecanum_Speeds                           0x20004650   Data          16  mecanum_wheel.o(.bss)
    PID_Wheel0                               0x20004660   Data          84  chassis.o(.bss)
    PID_Wheel1                               0x200046b4   Data          84  chassis.o(.bss)
    PID_Wheel2                               0x20004708   Data          84  chassis.o(.bss)
    PID_Wheel3                               0x2000475c   Data          84  chassis.o(.bss)
    __libspace_start                         0x200047b0   Data          96  libspace.o(.bss)
    __temporary_stack_top$libspace           0x20004810   Data           0  libspace.o(.bss)



==============================================================================

Memory Map of the image

  Image Entry point : 0x08000189

  Load Region LR_IROM1 (Base: 0x08000000, Size: 0x0000684c, Max: 0x00100000, ABSOLUTE)

    Execution Region ER_IROM1 (Exec base: 0x08000000, Load base: 0x08000000, Size: 0x00006758, Max: 0x00100000, ABSOLUTE)

    Exec Addr    Load Addr    Size         Type   Attr      Idx    E Section Name        Object

    0x08000000   0x08000000   0x00000188   Data   RO            3    RESET               startup_stm32f407xx.o
    0x08000188   0x08000188   0x00000008   Code   RO         6022  * !!!main             c_w.l(__main.o)
    0x08000190   0x08000190   0x00000034   Code   RO         6193    !!!scatter          c_w.l(__scatter.o)
    0x080001c4   0x080001c4   0x0000001a   Code   RO         6195    !!handler_copy      c_w.l(__scatter_copy.o)
    0x080001de   0x080001de   0x00000002   PAD
    0x080001e0   0x080001e0   0x0000001c   Code   RO         6197    !!handler_zi        c_w.l(__scatter_zi.o)
    0x080001fc   0x080001fc   0x00000002   Code   RO         6061    .ARM.Collect$$libinit$$00000000  c_w.l(libinit.o)
    0x080001fe   0x080001fe   0x00000004   Code   RO         6073    .ARM.Collect$$libinit$$00000001  c_w.l(libinit2.o)
    0x08000202   0x08000202   0x00000000   Code   RO         6076    .ARM.Collect$$libinit$$00000004  c_w.l(libinit2.o)
    0x08000202   0x08000202   0x00000000   Code   RO         6079    .ARM.Collect$$libinit$$0000000A  c_w.l(libinit2.o)
    0x08000202   0x08000202   0x00000000   Code   RO         6081    .ARM.Collect$$libinit$$0000000C  c_w.l(libinit2.o)
    0x08000202   0x08000202   0x00000000   Code   RO         6083    .ARM.Collect$$libinit$$0000000E  c_w.l(libinit2.o)
    0x08000202   0x08000202   0x00000000   Code   RO         6086    .ARM.Collect$$libinit$$00000011  c_w.l(libinit2.o)
    0x08000202   0x08000202   0x00000000   Code   RO         6088    .ARM.Collect$$libinit$$00000013  c_w.l(libinit2.o)
    0x08000202   0x08000202   0x00000000   Code   RO         6090    .ARM.Collect$$libinit$$00000015  c_w.l(libinit2.o)
    0x08000202   0x08000202   0x00000000   Code   RO         6092    .ARM.Collect$$libinit$$00000017  c_w.l(libinit2.o)
    0x08000202   0x08000202   0x00000000   Code   RO         6094    .ARM.Collect$$libinit$$00000019  c_w.l(libinit2.o)
    0x08000202   0x08000202   0x00000000   Code   RO         6096    .ARM.Collect$$libinit$$0000001B  c_w.l(libinit2.o)
    0x08000202   0x08000202   0x00000000   Code   RO         6098    .ARM.Collect$$libinit$$0000001D  c_w.l(libinit2.o)
    0x08000202   0x08000202   0x00000000   Code   RO         6100    .ARM.Collect$$libinit$$0000001F  c_w.l(libinit2.o)
    0x08000202   0x08000202   0x00000000   Code   RO         6102    .ARM.Collect$$libinit$$00000021  c_w.l(libinit2.o)
    0x08000202   0x08000202   0x00000000   Code   RO         6104    .ARM.Collect$$libinit$$00000023  c_w.l(libinit2.o)
    0x08000202   0x08000202   0x00000000   Code   RO         6106    .ARM.Collect$$libinit$$00000025  c_w.l(libinit2.o)
    0x08000202   0x08000202   0x00000000   Code   RO         6110    .ARM.Collect$$libinit$$0000002C  c_w.l(libinit2.o)
    0x08000202   0x08000202   0x00000000   Code   RO         6112    .ARM.Collect$$libinit$$0000002E  c_w.l(libinit2.o)
    0x08000202   0x08000202   0x00000000   Code   RO         6114    .ARM.Collect$$libinit$$00000030  c_w.l(libinit2.o)
    0x08000202   0x08000202   0x00000000   Code   RO         6116    .ARM.Collect$$libinit$$00000032  c_w.l(libinit2.o)
    0x08000202   0x08000202   0x00000002   Code   RO         6117    .ARM.Collect$$libinit$$00000033  c_w.l(libinit2.o)
    0x08000204   0x08000204   0x00000002   Code   RO         6148    .ARM.Collect$$libshutdown$$00000000  c_w.l(libshutdown.o)
    0x08000206   0x08000206   0x00000000   Code   RO         6174    .ARM.Collect$$libshutdown$$00000002  c_w.l(libshutdown2.o)
    0x08000206   0x08000206   0x00000000   Code   RO         6176    .ARM.Collect$$libshutdown$$00000004  c_w.l(libshutdown2.o)
    0x08000206   0x08000206   0x00000000   Code   RO         6178    .ARM.Collect$$libshutdown$$00000006  c_w.l(libshutdown2.o)
    0x08000206   0x08000206   0x00000000   Code   RO         6181    .ARM.Collect$$libshutdown$$00000009  c_w.l(libshutdown2.o)
    0x08000206   0x08000206   0x00000000   Code   RO         6184    .ARM.Collect$$libshutdown$$0000000C  c_w.l(libshutdown2.o)
    0x08000206   0x08000206   0x00000000   Code   RO         6186    .ARM.Collect$$libshutdown$$0000000E  c_w.l(libshutdown2.o)
    0x08000206   0x08000206   0x00000000   Code   RO         6189    .ARM.Collect$$libshutdown$$00000011  c_w.l(libshutdown2.o)
    0x08000206   0x08000206   0x00000002   Code   RO         6190    .ARM.Collect$$libshutdown$$00000012  c_w.l(libshutdown2.o)
    0x08000208   0x08000208   0x00000000   Code   RO         6024    .ARM.Collect$$rtentry$$00000000  c_w.l(__rtentry.o)
    0x08000208   0x08000208   0x00000000   Code   RO         6032    .ARM.Collect$$rtentry$$00000002  c_w.l(__rtentry2.o)
    0x08000208   0x08000208   0x00000006   Code   RO         6044    .ARM.Collect$$rtentry$$00000004  c_w.l(__rtentry4.o)
    0x0800020e   0x0800020e   0x00000000   Code   RO         6034    .ARM.Collect$$rtentry$$00000009  c_w.l(__rtentry2.o)
    0x0800020e   0x0800020e   0x00000004   Code   RO         6035    .ARM.Collect$$rtentry$$0000000A  c_w.l(__rtentry2.o)
    0x08000212   0x08000212   0x00000000   Code   RO         6037    .ARM.Collect$$rtentry$$0000000C  c_w.l(__rtentry2.o)
    0x08000212   0x08000212   0x00000008   Code   RO         6038    .ARM.Collect$$rtentry$$0000000D  c_w.l(__rtentry2.o)
    0x0800021a   0x0800021a   0x00000002   Code   RO         6065    .ARM.Collect$$rtexit$$00000000  c_w.l(rtexit.o)
    0x0800021c   0x0800021c   0x00000000   Code   RO         6121    .ARM.Collect$$rtexit$$00000002  c_w.l(rtexit2.o)
    0x0800021c   0x0800021c   0x00000004   Code   RO         6122    .ARM.Collect$$rtexit$$00000003  c_w.l(rtexit2.o)
    0x08000220   0x08000220   0x00000006   Code   RO         6123    .ARM.Collect$$rtexit$$00000004  c_w.l(rtexit2.o)
    0x08000226   0x08000226   0x00000002   PAD
    0x08000228   0x08000228   0x000000be   Code   RO         5235    .emb_text           port.o
    0x080002e6   0x080002e6   0x00000002   PAD
    0x080002e8   0x080002e8   0x00000040   Code   RO            4    .text               startup_stm32f407xx.o
    0x08000328   0x08000328   0x000000ee   Code   RO         6008    .text               c_w.l(lludivv7m.o)
    0x08000416   0x08000416   0x0000008a   Code   RO         6012    .text               c_w.l(rt_memcpy_v6.o)
    0x080004a0   0x080004a0   0x00000064   Code   RO         6014    .text               c_w.l(rt_memcpy_w.o)
    0x08000504   0x08000504   0x0000004e   Code   RO         6018    .text               c_w.l(rt_memclr_w.o)
    0x08000552   0x08000552   0x00000006   Code   RO         6020    .text               c_w.l(heapauxi.o)
    0x08000558   0x08000558   0x0000004a   Code   RO         6048    .text               c_w.l(sys_stackheap_outer.o)
    0x080005a2   0x080005a2   0x00000012   Code   RO         6050    .text               c_w.l(exit.o)
    0x080005b4   0x080005b4   0x00000008   Code   RO         6062    .text               c_w.l(libspace.o)
    0x080005bc   0x080005bc   0x0000000c   Code   RO         6118    .text               c_w.l(sys_exit.o)
    0x080005c8   0x080005c8   0x00000002   Code   RO         6137    .text               c_w.l(use_no_semi.o)
    0x080005ca   0x080005ca   0x00000000   Code   RO         6139    .text               c_w.l(indicate_semi.o)
    0x080005ca   0x080005ca   0x00000002   PAD
    0x080005cc   0x080005cc   0x0000004c   Code   RO          245    i.ALL_Init          freertos.o
    0x08000618   0x08000618   0x00000024   Code   RO         5536    i.AllCanSend        task_cansend.o
    0x0800063c   0x0800063c   0x00000074   Code   RO         5657    i.Board1_getGimbalInfo  bsp_boardcommunication.o
    0x080006b0   0x080006b0   0x00000074   Code   RO         5658    i.Board2_1_To_Board2_2  bsp_boardcommunication.o
    0x08000724   0x08000724   0x00000004   Code   RO          545    i.BusFault_Handler  stm32f4xx_it.o
    0x08000728   0x08000728   0x00000010   Code   RO          546    i.CAN1_RX0_IRQHandler  stm32f4xx_it.o
    0x08000738   0x08000738   0x00000010   Code   RO          547    i.CAN1_TX_IRQHandler  stm32f4xx_it.o
    0x08000748   0x08000748   0x00000010   Code   RO          548    i.CAN2_RX0_IRQHandler  stm32f4xx_it.o
    0x08000758   0x08000758   0x00000010   Code   RO          549    i.CAN2_TX_IRQHandler  stm32f4xx_it.o
    0x08000768   0x08000768   0x00000030   Code   RO         5698    i.CAN_FILTER_Init   bsp_can.o
    0x08000798   0x08000798   0x00000034   Code   RO         5699    i.CAN_IT_Init       bsp_can.o
    0x080007cc   0x080007cc   0x0000004a   Code   RO         5700    i.CAN_SendData      bsp_can.o
    0x08000816   0x08000816   0x00000002   PAD
    0x08000818   0x08000818   0x00000038   Code   RO         5499    i.Can1Receives      task_canreceive.o
    0x08000850   0x08000850   0x00000060   Code   RO         5500    i.Can2Receives      task_canreceive.o
    0x080008b0   0x080008b0   0x000000d0   Code   RO         5836    i.Chassis_Init      chassis.o
    0x08000980   0x08000980   0x000000f8   Code   RO         5837    i.Chassis_motion_control  chassis.o
    0x08000a78   0x08000a78   0x00000010   Code   RO          550    i.DMA1_Stream1_IRQHandler  stm32f4xx_it.o
    0x08000a88   0x08000a88   0x00000010   Code   RO          551    i.DMA1_Stream3_IRQHandler  stm32f4xx_it.o
    0x08000a98   0x08000a98   0x00000010   Code   RO          552    i.DMA2_Stream1_IRQHandler  stm32f4xx_it.o
    0x08000aa8   0x08000aa8   0x00000010   Code   RO          553    i.DMA2_Stream2_IRQHandler  stm32f4xx_it.o
    0x08000ab8   0x08000ab8   0x00000010   Code   RO          554    i.DMA2_Stream6_IRQHandler  stm32f4xx_it.o
    0x08000ac8   0x08000ac8   0x00000010   Code   RO          555    i.DMA2_Stream7_IRQHandler  stm32f4xx_it.o
    0x08000ad8   0x08000ad8   0x00000034   Code   RO         2472    i.DMA_CalcBaseAndBitshift  stm32f4xx_hal_dma.o
    0x08000b0c   0x08000b0c   0x000000aa   Code   RO         2473    i.DMA_CheckFifoParam  stm32f4xx_hal_dma.o
    0x08000bb6   0x08000bb6   0x0000002c   Code   RO         2474    i.DMA_SetConfig     stm32f4xx_hal_dma.o
    0x08000be2   0x08000be2   0x00000002   PAD
    0x08000be4   0x08000be4   0x00000058   Code   RO         5315    i.DM_Enable         dm_motor.o
    0x08000c3c   0x08000c3c   0x0000020c   Code   RO         5318    i.DM_getInfo        dm_motor.o
    0x08000e48   0x08000e48   0x00000044   Code   RO         5567    i.DM_onlineCheck    task_dm_onlinecheck.o
    0x08000e8c   0x08000e8c   0x00000002   Code   RO          556    i.DebugMon_Handler  stm32f4xx_it.o
    0x08000e8e   0x08000e8e   0x00000006   Code   RO           13    i.Error_Handler     main.o
    0x08000e94   0x08000e94   0x0000002a   Code   RO         1735    i.HAL_CAN_ActivateNotification  stm32f4xx_hal_can.o
    0x08000ebe   0x08000ebe   0x0000014a   Code   RO         1736    i.HAL_CAN_AddTxMessage  stm32f4xx_hal_can.o
    0x08001008   0x08001008   0x00000120   Code   RO         1737    i.HAL_CAN_ConfigFilter  stm32f4xx_hal_can.o
    0x08001128   0x08001128   0x00000002   Code   RO         1740    i.HAL_CAN_ErrorCallback  stm32f4xx_hal_can.o
    0x0800112a   0x0800112a   0x00000194   Code   RO         1743    i.HAL_CAN_GetRxMessage  stm32f4xx_hal_can.o
    0x080012be   0x080012be   0x0000024e   Code   RO         1747    i.HAL_CAN_IRQHandler  stm32f4xx_hal_can.o
    0x0800150c   0x0800150c   0x00000174   Code   RO         1748    i.HAL_CAN_Init      stm32f4xx_hal_can.o
    0x08001680   0x08001680   0x00000180   Code   RO          377    i.HAL_CAN_MspInit   can.o
    0x08001800   0x08001800   0x00000002   Code   RO         1755    i.HAL_CAN_RxFifo0FullCallback  stm32f4xx_hal_can.o
    0x08001802   0x08001802   0x00000002   PAD
    0x08001804   0x08001804   0x00000110   Code   RO         5701    i.HAL_CAN_RxFifo0MsgPendingCallback  bsp_can.o
    0x08001914   0x08001914   0x00000002   Code   RO         1757    i.HAL_CAN_RxFifo1FullCallback  stm32f4xx_hal_can.o
    0x08001916   0x08001916   0x00000002   Code   RO         1758    i.HAL_CAN_RxFifo1MsgPendingCallback  stm32f4xx_hal_can.o
    0x08001918   0x08001918   0x00000002   Code   RO         1759    i.HAL_CAN_SleepCallback  stm32f4xx_hal_can.o
    0x0800191a   0x0800191a   0x0000005e   Code   RO         1760    i.HAL_CAN_Start     stm32f4xx_hal_can.o
    0x08001978   0x08001978   0x00000002   Code   RO         1762    i.HAL_CAN_TxMailbox0AbortCallback  stm32f4xx_hal_can.o
    0x0800197a   0x0800197a   0x00000002   Code   RO         1763    i.HAL_CAN_TxMailbox0CompleteCallback  stm32f4xx_hal_can.o
    0x0800197c   0x0800197c   0x00000002   Code   RO         1764    i.HAL_CAN_TxMailbox1AbortCallback  stm32f4xx_hal_can.o
    0x0800197e   0x0800197e   0x00000002   Code   RO         1765    i.HAL_CAN_TxMailbox1CompleteCallback  stm32f4xx_hal_can.o
    0x08001980   0x08001980   0x00000002   Code   RO         1766    i.HAL_CAN_TxMailbox2AbortCallback  stm32f4xx_hal_can.o
    0x08001982   0x08001982   0x00000002   Code   RO         1767    i.HAL_CAN_TxMailbox2CompleteCallback  stm32f4xx_hal_can.o
    0x08001984   0x08001984   0x00000002   Code   RO         1769    i.HAL_CAN_WakeUpFromRxMsgCallback  stm32f4xx_hal_can.o
    0x08001986   0x08001986   0x000000ac   Code   RO         2475    i.HAL_DMA_Abort     stm32f4xx_hal_dma.o
    0x08001a32   0x08001a32   0x00000028   Code   RO         2476    i.HAL_DMA_Abort_IT  stm32f4xx_hal_dma.o
    0x08001a5a   0x08001a5a   0x00000002   PAD
    0x08001a5c   0x08001a5c   0x00000240   Code   RO         2480    i.HAL_DMA_IRQHandler  stm32f4xx_hal_dma.o
    0x08001c9c   0x08001c9c   0x000000ec   Code   RO         2481    i.HAL_DMA_Init      stm32f4xx_hal_dma.o
    0x08001d88   0x08001d88   0x00000092   Code   RO         2485    i.HAL_DMA_Start_IT  stm32f4xx_hal_dma.o
    0x08001e1a   0x08001e1a   0x00000002   PAD
    0x08001e1c   0x08001e1c   0x000001f4   Code   RO         2368    i.HAL_GPIO_Init     stm32f4xx_hal_gpio.o
    0x08002010   0x08002010   0x0000000c   Code   RO         2372    i.HAL_GPIO_WritePin  stm32f4xx_hal_gpio.o
    0x0800201c   0x0800201c   0x0000000c   Code   RO         2923    i.HAL_GetTick       stm32f4xx_hal.o
    0x08002028   0x08002028   0x00000018   Code   RO         2929    i.HAL_IncTick       stm32f4xx_hal.o
    0x08002040   0x08002040   0x0000003c   Code   RO         2930    i.HAL_Init          stm32f4xx_hal.o
    0x0800207c   0x0800207c   0x000000a0   Code   RO          711    i.HAL_InitTick      stm32f4xx_hal_timebase_tim.o
    0x0800211c   0x0800211c   0x00000054   Code   RO          687    i.HAL_MspInit       stm32f4xx_hal_msp.o
    0x08002170   0x08002170   0x00000028   Code   RO         2760    i.HAL_NVIC_EnableIRQ  stm32f4xx_hal_cortex.o
    0x08002198   0x08002198   0x0000007c   Code   RO         2766    i.HAL_NVIC_SetPriority  stm32f4xx_hal_cortex.o
    0x08002214   0x08002214   0x00000028   Code   RO         2767    i.HAL_NVIC_SetPriorityGrouping  stm32f4xx_hal_cortex.o
    0x0800223c   0x0800223c   0x000001a0   Code   RO         2074    i.HAL_RCCEx_PeriphCLKConfig  stm32f4xx_hal_rcc_ex.o
    0x080023dc   0x080023dc   0x00000184   Code   RO         1969    i.HAL_RCC_ClockConfig  stm32f4xx_hal_rcc.o
    0x08002560   0x08002560   0x00000044   Code   RO         1973    i.HAL_RCC_GetClockConfig  stm32f4xx_hal_rcc.o
    0x080025a4   0x080025a4   0x0000000c   Code   RO         1974    i.HAL_RCC_GetHCLKFreq  stm32f4xx_hal_rcc.o
    0x080025b0   0x080025b0   0x00000020   Code   RO         1976    i.HAL_RCC_GetPCLK1Freq  stm32f4xx_hal_rcc.o
    0x080025d0   0x080025d0   0x00000020   Code   RO         1977    i.HAL_RCC_GetPCLK2Freq  stm32f4xx_hal_rcc.o
    0x080025f0   0x080025f0   0x000000b0   Code   RO         1978    i.HAL_RCC_GetSysClockFreq  stm32f4xx_hal_rcc.o
    0x080026a0   0x080026a0   0x0000049c   Code   RO         1981    i.HAL_RCC_OscConfig  stm32f4xx_hal_rcc.o
    0x08002b3c   0x08002b3c   0x000000b4   Code   RO         3181    i.HAL_RTC_Init      stm32f4xx_hal_rtc.o
    0x08002bf0   0x08002bf0   0x0000003c   Code   RO          450    i.HAL_RTC_MspInit   rtc.o
    0x08002c2c   0x08002c2c   0x00000038   Code   RO         3189    i.HAL_RTC_WaitForSynchro  stm32f4xx_hal_rtc.o
    0x08002c64   0x08002c64   0x00000002   Code   RO         1467    i.HAL_TIMEx_BreakCallback  stm32f4xx_hal_tim_ex.o
    0x08002c66   0x08002c66   0x00000002   Code   RO         1468    i.HAL_TIMEx_CommutCallback  stm32f4xx_hal_tim_ex.o
    0x08002c68   0x08002c68   0x00000066   Code   RO          752    i.HAL_TIM_Base_Init  stm32f4xx_hal_tim.o
    0x08002cce   0x08002cce   0x00000002   Code   RO          754    i.HAL_TIM_Base_MspInit  stm32f4xx_hal_tim.o
    0x08002cd0   0x08002cd0   0x000000a8   Code   RO          757    i.HAL_TIM_Base_Start_IT  stm32f4xx_hal_tim.o
    0x08002d78   0x08002d78   0x00000002   Code   RO          786    i.HAL_TIM_IC_CaptureCallback  stm32f4xx_hal_tim.o
    0x08002d7a   0x08002d7a   0x0000016c   Code   RO          800    i.HAL_TIM_IRQHandler  stm32f4xx_hal_tim.o
    0x08002ee6   0x08002ee6   0x00000002   Code   RO          803    i.HAL_TIM_OC_DelayElapsedCallback  stm32f4xx_hal_tim.o
    0x08002ee8   0x08002ee8   0x00000002   Code   RO          830    i.HAL_TIM_PWM_PulseFinishedCallback  stm32f4xx_hal_tim.o
    0x08002eea   0x08002eea   0x00000002   PAD
    0x08002eec   0x08002eec   0x00000018   Code   RO           14    i.HAL_TIM_PeriodElapsedCallback  main.o
    0x08002f04   0x08002f04   0x00000002   Code   RO          843    i.HAL_TIM_TriggerCallback  stm32f4xx_hal_tim.o
    0x08002f06   0x08002f06   0x00000070   Code   RO         3580    i.HAL_UARTEx_ReceiveToIdle_DMA  stm32f4xx_hal_uart.o
    0x08002f76   0x08002f76   0x00000002   PAD
    0x08002f78   0x08002f78   0x00000030   Code   RO         5750    i.HAL_UARTEx_RxEventCallback  bsp_usart.o
    0x08002fa8   0x08002fa8   0x00000002   Code   RO         3596    i.HAL_UART_ErrorCallback  stm32f4xx_hal_uart.o
    0x08002faa   0x08002faa   0x00000002   PAD
    0x08002fac   0x08002fac   0x00000308   Code   RO         3599    i.HAL_UART_IRQHandler  stm32f4xx_hal_uart.o
    0x080032b4   0x080032b4   0x00000076   Code   RO         3600    i.HAL_UART_Init     stm32f4xx_hal_uart.o
    0x0800332a   0x0800332a   0x00000002   PAD
    0x0800332c   0x0800332c   0x00000394   Code   RO          492    i.HAL_UART_MspInit  usart.o
    0x080036c0   0x080036c0   0x00000002   Code   RO         3606    i.HAL_UART_RxCpltCallback  stm32f4xx_hal_uart.o
    0x080036c2   0x080036c2   0x00000002   Code   RO         3607    i.HAL_UART_RxHalfCpltCallback  stm32f4xx_hal_uart.o
    0x080036c4   0x080036c4   0x00000002   Code   RO         3611    i.HAL_UART_TxCpltCallback  stm32f4xx_hal_uart.o
    0x080036c6   0x080036c6   0x00000004   Code   RO          557    i.HardFault_Handler  stm32f4xx_it.o
    0x080036ca   0x080036ca   0x00000002   PAD
    0x080036cc   0x080036cc   0x00000108   Code   RO         5391    i.M3508_getInfo     m3508_motor.o
    0x080037d4   0x080037d4   0x0000001e   Code   RO         5392    i.M3508_setCurrent  m3508_motor.o
    0x080037f2   0x080037f2   0x00000002   PAD
    0x080037f4   0x080037f4   0x00000044   Code   RO          378    i.MX_CAN1_Init      can.o
    0x08003838   0x08003838   0x00000048   Code   RO          379    i.MX_CAN2_Init      can.o
    0x08003880   0x08003880   0x000000a8   Code   RO          425    i.MX_DMA_Init       dma.o
    0x08003928   0x08003928   0x00000120   Code   RO          246    i.MX_FREERTOS_Init  freertos.o
    0x08003a48   0x08003a48   0x000000f0   Code   RO          221    i.MX_GPIO_Init      gpio.o
    0x08003b38   0x08003b38   0x00000034   Code   RO          451    i.MX_RTC_Init       rtc.o
    0x08003b6c   0x08003b6c   0x00000038   Code   RO          493    i.MX_USART1_UART_Init  usart.o
    0x08003ba4   0x08003ba4   0x00000038   Code   RO          494    i.MX_USART3_UART_Init  usart.o
    0x08003bdc   0x08003bdc   0x00000038   Code   RO          495    i.MX_USART6_UART_Init  usart.o
    0x08003c14   0x08003c14   0x00000004   Code   RO          558    i.MemManage_Handler  stm32f4xx_it.o
    0x08003c18   0x08003c18   0x00000004   Code   RO          559    i.NMI_Handler       stm32f4xx_it.o
    0x08003c1c   0x08003c1c   0x000000ee   Code   RO         5884    i.Position_PID      pid.o
    0x08003d0a   0x08003d0a   0x00000002   PAD
    0x08003d0c   0x08003d0c   0x0000006c   Code   RO         5885    i.Position_PIDInit  pid.o
    0x08003d78   0x08003d78   0x0000004a   Code   RO         3192    i.RTC_EnterInitMode  stm32f4xx_hal_rtc.o
    0x08003dc2   0x08003dc2   0x0000002e   Code   RO         3193    i.RTC_ExitInitMode  stm32f4xx_hal_rtc.o
    0x08003df0   0x08003df0   0x0000002c   Code   RO         5629    i.RemoteControl_Processing  task_remotecontrol.o
    0x08003e1c   0x08003e1c   0x0000005c   Code   RO         5598    i.Robot_Control     task_robotcontrol.o
    0x08003e78   0x08003e78   0x00000238   Code   RO         5436    i.SBUS_Handle       sbus.o
    0x080040b0   0x080040b0   0x00000018   Code   RO         5437    i.SBUS_Init         sbus.o
    0x080040c8   0x080040c8   0x0000000a   Code   RO          247    i.StartDefaultTask  freertos.o
    0x080040d2   0x080040d2   0x00000002   PAD
    0x080040d4   0x080040d4   0x00000034   Code   RO         5236    i.SysTick_Handler   port.o
    0x08004108   0x08004108   0x000000b8   Code   RO           15    i.SystemClock_Config  main.o
    0x080041c0   0x080041c0   0x00000014   Code   RO         3944    i.SystemInit        system_stm32f4xx.o
    0x080041d4   0x080041d4   0x00000010   Code   RO          560    i.TIM1_UP_TIM10_IRQHandler  stm32f4xx_it.o
    0x080041e4   0x080041e4   0x000000e0   Code   RO          845    i.TIM_Base_SetConfig  stm32f4xx_hal_tim.o
    0x080042c4   0x080042c4   0x00000012   Code   RO         3613    i.UART_DMAAbortOnError  stm32f4xx_hal_uart.o
    0x080042d6   0x080042d6   0x00000050   Code   RO         3614    i.UART_DMAError     stm32f4xx_hal_uart.o
    0x08004326   0x08004326   0x000000b4   Code   RO         3615    i.UART_DMAReceiveCplt  stm32f4xx_hal_uart.o
    0x080043da   0x080043da   0x00000024   Code   RO         3617    i.UART_DMARxHalfCplt  stm32f4xx_hal_uart.o
    0x080043fe   0x080043fe   0x0000006c   Code   RO         3623    i.UART_EndRxTransfer  stm32f4xx_hal_uart.o
    0x0800446a   0x0800446a   0x00000020   Code   RO         3624    i.UART_EndTransmit_IT  stm32f4xx_hal_uart.o
    0x0800448a   0x0800448a   0x00000026   Code   RO         3625    i.UART_EndTxTransfer  stm32f4xx_hal_uart.o
    0x080044b0   0x080044b0   0x000000fc   Code   RO         3626    i.UART_Receive_IT   stm32f4xx_hal_uart.o
    0x080045ac   0x080045ac   0x0000022c   Code   RO         3627    i.UART_SetConfig    stm32f4xx_hal_uart.o
    0x080047d8   0x080047d8   0x000000d8   Code   RO         3628    i.UART_Start_Receive_DMA  stm32f4xx_hal_uart.o
    0x080048b0   0x080048b0   0x00000060   Code   RO         3630    i.UART_Transmit_IT  stm32f4xx_hal_uart.o
    0x08004910   0x08004910   0x00000010   Code   RO          561    i.USART1_IRQHandler  stm32f4xx_it.o
    0x08004920   0x08004920   0x00000010   Code   RO          562    i.USART3_IRQHandler  stm32f4xx_it.o
    0x08004930   0x08004930   0x00000010   Code   RO          563    i.USART6_IRQHandler  stm32f4xx_it.o
    0x08004940   0x08004940   0x00000004   Code   RO          564    i.UsageFault_Handler  stm32f4xx_it.o
    0x08004944   0x08004944   0x00000010   Code   RO         2773    i.__NVIC_GetPriorityGrouping  stm32f4xx_hal_cortex.o
    0x08004954   0x08004954   0x00000028   Code   RO         2774    i.__NVIC_SetPriority  stm32f4xx_hal_cortex.o
    0x0800497c   0x0800497c   0x0000002e   Code   RO         5887    i.abs_limit         pid.o
    0x080049aa   0x080049aa   0x00000034   Code   RO           16    i.main              main.o
    0x080049de   0x080049de   0x0000000e   Code   RO         4801    i.makeFreeRtosPriority  cmsis_os.o
    0x080049ec   0x080049ec   0x00000054   Code   RO         5438    i.map_to_1024       sbus.o
    0x08004a40   0x08004a40   0x0000001c   Code   RO         5439    i.map_to_2levels    sbus.o
    0x08004a5c   0x08004a5c   0x00000030   Code   RO         5440    i.map_to_3levels    sbus.o
    0x08004a8c   0x08004a8c   0x00000098   Code   RO         5796    i.mecanum_forward_kinematics  mecanum_wheel.o
    0x08004b24   0x08004b24   0x00000010   Code   RO         5797    i.mecanum_init      mecanum_wheel.o
    0x08004b34   0x08004b34   0x00000018   Code   RO         4803    i.osDelay           cmsis_os.o
    0x08004b4c   0x08004b4c   0x0000000a   Code   RO         4806    i.osKernelStart     cmsis_os.o
    0x08004b56   0x08004b56   0x0000005e   Code   RO         4840    i.osThreadCreate    cmsis_os.o
    0x08004bb4   0x08004bb4   0x00000098   Code   RO         4455    i.prvAddCurrentTaskToDelayedList  tasks.o
    0x08004c4c   0x08004c4c   0x000000b4   Code   RO         4456    i.prvAddNewTaskToReadyList  tasks.o
    0x08004d00   0x08004d00   0x00000048   Code   RO         4457    i.prvCheckTasksWaitingTermination  tasks.o
    0x08004d48   0x08004d48   0x0000002a   Code   RO         4121    i.prvCopyDataFromQueue  queue.o
    0x08004d72   0x08004d72   0x0000007e   Code   RO         4122    i.prvCopyDataToQueue  queue.o
    0x08004df0   0x08004df0   0x00000050   Code   RO         4458    i.prvDeleteTCB      tasks.o
    0x08004e40   0x08004e40   0x0000007c   Code   RO         5168    i.prvHeapInit       heap_4.o
    0x08004ebc   0x08004ebc   0x00000028   Code   RO         4459    i.prvIdleTask       tasks.o
    0x08004ee4   0x08004ee4   0x00000026   Code   RO         4125    i.prvInitialiseNewQueue  queue.o
    0x08004f0a   0x08004f0a   0x000000b4   Code   RO         4460    i.prvInitialiseNewTask  tasks.o
    0x08004fbe   0x08004fbe   0x00000002   PAD
    0x08004fc0   0x08004fc0   0x00000068   Code   RO         4461    i.prvInitialiseTaskLists  tasks.o
    0x08005028   0x08005028   0x00000068   Code   RO         5169    i.prvInsertBlockIntoFreeList  heap_4.o
    0x08005090   0x08005090   0x0000001a   Code   RO         4126    i.prvIsQueueEmpty   queue.o
    0x080050aa   0x080050aa   0x0000001e   Code   RO         4127    i.prvIsQueueFull    queue.o
    0x080050c8   0x080050c8   0x00000034   Code   RO         4462    i.prvResetNextTaskUnblockTime  tasks.o
    0x080050fc   0x080050fc   0x00000040   Code   RO         5237    i.prvTaskExitError  port.o
    0x0800513c   0x0800513c   0x0000007e   Code   RO         4128    i.prvUnlockQueue    queue.o
    0x080051ba   0x080051ba   0x00000002   PAD
    0x080051bc   0x080051bc   0x0000014c   Code   RO         5170    i.pvPortMalloc      heap_4.o
    0x08005308   0x08005308   0x0000002c   Code   RO         5238    i.pxPortInitialiseStack  port.o
    0x08005334   0x08005334   0x00000034   Code   RO         5321    i.uint_to_float     dm_motor.o
    0x08005368   0x08005368   0x00000028   Code   RO         4081    i.uxListRemove      list.o
    0x08005390   0x08005390   0x00000018   Code   RO          248    i.vApplicationGetIdleTaskMemory  freertos.o
    0x080053a8   0x080053a8   0x0000001a   Code   RO         4082    i.vListInitialise   list.o
    0x080053c2   0x080053c2   0x00000006   Code   RO         4083    i.vListInitialiseItem  list.o
    0x080053c8   0x080053c8   0x00000034   Code   RO         4084    i.vListInsert       list.o
    0x080053fc   0x080053fc   0x00000018   Code   RO         4085    i.vListInsertEnd    list.o
    0x08005414   0x08005414   0x00000054   Code   RO         5240    i.vPortEnterCritical  port.o
    0x08005468   0x08005468   0x0000003c   Code   RO         5241    i.vPortExitCritical  port.o
    0x080054a4   0x080054a4   0x000000a4   Code   RO         5171    i.vPortFree         heap_4.o
    0x08005548   0x08005548   0x00000028   Code   RO         5242    i.vPortSetupTimerInterrupt  port.o
    0x08005570   0x08005570   0x00000078   Code   RO         5243    i.vPortValidateInterruptPriority  port.o
    0x080055e8   0x080055e8   0x0000005c   Code   RO         4472    i.vTaskDelay        tasks.o
    0x08005644   0x08005644   0x000000d4   Code   RO         4473    i.vTaskDelayUntil   tasks.o
    0x08005718   0x08005718   0x000000f4   Code   RO         4474    i.vTaskDelete       tasks.o
    0x0800580c   0x0800580c   0x00000018   Code   RO         4476    i.vTaskInternalSetTimeOutState  tasks.o
    0x08005824   0x08005824   0x0000000c   Code   RO         4477    i.vTaskMissedYield  tasks.o
    0x08005830   0x08005830   0x00000038   Code   RO         4479    i.vTaskPlaceOnEventList  tasks.o
    0x08005868   0x08005868   0x000000b0   Code   RO         4486    i.vTaskStartScheduler  tasks.o
    0x08005918   0x08005918   0x00000010   Code   RO         4488    i.vTaskSuspendAll   tasks.o
    0x08005928   0x08005928   0x0000008c   Code   RO         4489    i.vTaskSwitchContext  tasks.o
    0x080059b4   0x080059b4   0x00000168   Code   RO         5244    i.xPortStartScheduler  port.o
    0x08005b1c   0x08005b1c   0x0000005a   Code   RO         4137    i.xQueueGenericCreate  queue.o
    0x08005b76   0x08005b76   0x00000002   PAD
    0x08005b78   0x08005b78   0x00000098   Code   RO         4139    i.xQueueGenericReset  queue.o
    0x08005c10   0x08005c10   0x000001a8   Code   RO         4140    i.xQueueGenericSend  queue.o
    0x08005db8   0x08005db8   0x000000fc   Code   RO         4141    i.xQueueGenericSendFromISR  queue.o
    0x08005eb4   0x08005eb4   0x00000168   Code   RO         4147    i.xQueueReceive     queue.o
    0x0800601c   0x0800601c   0x0000008c   Code   RO         4491    i.xTaskCheckForTimeOut  tasks.o
    0x080060a8   0x080060a8   0x00000064   Code   RO         4492    i.xTaskCreate       tasks.o
    0x0800610c   0x0800610c   0x000000ba   Code   RO         4493    i.xTaskCreateStatic  tasks.o
    0x080061c6   0x080061c6   0x00000002   PAD
    0x080061c8   0x080061c8   0x00000020   Code   RO         4498    i.xTaskGetSchedulerState  tasks.o
    0x080061e8   0x080061e8   0x0000000c   Code   RO         4499    i.xTaskGetTickCount  tasks.o
    0x080061f4   0x080061f4   0x00000148   Code   RO         4501    i.xTaskIncrementTick  tasks.o
    0x0800633c   0x0800633c   0x000000c8   Code   RO         4504    i.xTaskPriorityDisinherit  tasks.o
    0x08006404   0x08006404   0x00000098   Code   RO         4506    i.xTaskRemoveFromEventList  tasks.o
    0x0800649c   0x0800649c   0x00000104   Code   RO         4507    i.xTaskResumeAll    tasks.o
    0x080065a0   0x080065a0   0x0000000a   Code   RO         6133    x$fpl$fpinit        fz_wm.l(fpinit.o)
    0x080065aa   0x080065aa   0x00000002   PAD
    0x080065ac   0x080065ac   0x000000e0   Data   RO          250    .constdata          freertos.o
    0x0800668c   0x0800668c   0x00000008   Data   RO         2487    .constdata          stm32f4xx_hal_dma.o
    0x08006694   0x08006694   0x00000018   Data   RO         3945    .constdata          system_stm32f4xx.o
    0x080066ac   0x080066ac   0x0000008a   Data   RO          251    .conststring        freertos.o
    0x08006736   0x08006736   0x00000002   PAD
    0x08006738   0x08006738   0x00000020   Data   RO         6191    Region$$Table       anon$$obj.o


    Execution Region RW_IRAM1 (Exec base: 0x20000000, Load base: 0x08006758, Size: 0x00004e10, Max: 0x0001c000, ABSOLUTE)

    Exec Addr    Load Addr    Size         Type   Attr      Idx    E Section Name        Object

    0x20000000   0x08006758   0x0000002c   Data   RW          252    .data               freertos.o
    0x2000002c   0x08006784   0x00000004   Data   RW          381    .data               can.o
    0x20000030   0x08006788   0x00000009   Data   RW         2937    .data               stm32f4xx_hal.o
    0x20000039   0x08006791   0x00000003   PAD
    0x2000003c   0x08006794   0x00000004   Data   RW         3946    .data               system_stm32f4xx.o
    0x20000040   0x08006798   0x0000003c   Data   RW         4510    .data               tasks.o
    0x2000007c   0x080067d4   0x00000020   Data   RW         5177    .data               heap_4.o
    0x2000009c   0x080067f4   0x0000000c   Data   RW         5245    .data               port.o
    0x200000a8   0x08006800   0x00000001   Data   RW         5442    .data               sbus.o
    0x200000a9   0x08006801   0x00000001   PAD
    0x200000aa   0x08006802   0x00000002   Data   RW         5501    .data               task_canreceive.o
    0x200000ac   0x08006804   0x00000002   Data   RW         5568    .data               task_dm_onlinecheck.o
    0x200000ae   0x08006806   0x00000008   Data   RW         5660    .data               bsp_boardcommunication.o
    0x200000b6   0x0800680e   0x00000031   Data   RW         5703    .data               bsp_can.o
    0x200000e7   0x0800683f   0x00000001   PAD
    0x200000e8   0x08006840   0x0000000c   Data   RW         5801    .data               mecanum_wheel.o
    0x200000f4        -       0x00000254   Zero   RW          249    .bss                freertos.o
    0x20000348        -       0x00000050   Zero   RW          380    .bss                can.o
    0x20000398        -       0x00000020   Zero   RW          452    .bss                rtc.o
    0x200003b8        -       0x00000318   Zero   RW          496    .bss                usart.o
    0x200006d0        -       0x00000048   Zero   RW          714    .bss                stm32f4xx_hal_timebase_tim.o
    0x20000718        -       0x000000f0   Zero   RW         4509    .bss                tasks.o
    0x20000808        -       0x00003c00   Zero   RW         5176    .bss                heap_4.o
    0x20004408        -       0x00000048   Zero   RW         5322    .bss                dm_motor.o
    0x20004450        -       0x00000080   Zero   RW         5393    .bss                m3508_motor.o
    0x200044d0        -       0x0000006a   Zero   RW         5441    .bss                sbus.o
    0x2000453a   0x0800684c   0x00000002   PAD
    0x2000453c        -       0x00000028   Zero   RW         5659    .bss                bsp_boardcommunication.o
    0x20004564        -       0x000000e0   Zero   RW         5702    .bss                bsp_can.o
    0x20004644        -       0x0000001c   Zero   RW         5800    .bss                mecanum_wheel.o
    0x20004660        -       0x00000150   Zero   RW         5838    .bss                chassis.o
    0x200047b0        -       0x00000060   Zero   RW         6063    .bss                c_w.l(libspace.o)
    0x20004810        -       0x00000200   Zero   RW            2    HEAP                startup_stm32f407xx.o
    0x20004a10        -       0x00000400   Zero   RW            1    STACK               startup_stm32f407xx.o


    Execution Region RW_IRAM2 (Exec base: 0x2001c000, Load base: 0x0800684c, Size: 0x00000000, Max: 0x00004000, ABSOLUTE)

    **** No section assigned to this execution region ****


==============================================================================

Image component sizes


      Code (inc. data)   RO Data    RW Data    ZI Data      Debug   Object Name

       232         24          0          8         40       2697   bsp_boardcommunication.o
       446         36          0         49        224       4650   bsp_can.o
        48         16          0          0          0       1073   bsp_usart.o
       524         40          0          4         80       2698   can.o
       456         84          0          0        336       1402   chassis.o
       142          0          0          0          0      23291   cmsis_os.o
       664         30          0          0         72       3700   dm_motor.o
       168          6          0          0          0       1014   dma.o
         0          0          0          0          0      20012   event_groups.o
       398         74        362         44        596      12284   freertos.o
       240          8          0          0          0       1219   gpio.o
       724         74          0         32      15360       7683   heap_4.o
       148          0          0          0          0       3822   list.o
       294         10          0          0        128       2981   m3508_motor.o
       266         14          0          0          0     743856   main.o
       168          0          0         12         28       2869   mecanum_wheel.o
       392          6          0          0          0       2594   pid.o
      1014         92          0         12          0      12429   port.o
      1666         14          0          0          0      15638   queue.o
       112         20          0          0         32       1755   rtc.o
       752         40          0          1        106       4526   sbus.o
        64         26        392          0       1536        868   startup_stm32f407xx.o
        96         20          0          9          0       8334   stm32f4xx_hal.o
      2144          4          0          0          0      14951   stm32f4xx_hal_can.o
       260         22          0          0          0      33690   stm32f4xx_hal_cortex.o
      1436         16          8          0          0       7350   stm32f4xx_hal_dma.o
       512         46          0          0          0       2304   stm32f4xx_hal_gpio.o
        84          6          0          0          0       1026   stm32f4xx_hal_msp.o
      1888         94          0          0          0       6585   stm32f4xx_hal_rcc.o
       416         20          0          0          0       1572   stm32f4xx_hal_rcc_ex.o
       356         10          0          0          0       3515   stm32f4xx_hal_rtc.o
       868         76          0          0          0       6942   stm32f4xx_hal_tim.o
         4          0          0          0          0       1789   stm32f4xx_hal_tim_ex.o
       160         20          0          0         72       1627   stm32f4xx_hal_timebase_tim.o
      2626         28          0          0          0      14853   stm32f4xx_hal_uart.o
       246         84          0          0          0      10298   stm32f4xx_it.o
         0          0          0          0          0        384   stream_buffer.o
        20          6         24          4          0       1323   system_stm32f4xx.o
       152         12          0          2          0       1504   task_canreceive.o
        36          4          0          0          0        609   task_cansend.o
        68         14          0          2          0       1352   task_dm_onlinecheck.o
        44          4          0          0          0       1115   task_remotecontrol.o
        92         14          0          0          0       1140   task_robotcontrol.o
      3242        400          0         60        240      29368   tasks.o
      1084         96          0          0        792       3954   usart.o

    ----------------------------------------------------------------------
     24788       1610        820        244      19644    1028646   Object Totals
         0          0         32          0          0          0   (incl. Generated)
        36          0          2          5          2          0   (incl. Padding)

    ----------------------------------------------------------------------

      Code (inc. data)   RO Data    RW Data    ZI Data      Debug   Library Member Name

         8          0          0          0          0         68   __main.o
         0          0          0          0          0          0   __rtentry.o
        12          0          0          0          0          0   __rtentry2.o
         6          0          0          0          0          0   __rtentry4.o
        52          8          0          0          0          0   __scatter.o
        26          0          0          0          0          0   __scatter_copy.o
        28          0          0          0          0          0   __scatter_zi.o
        18          0          0          0          0         80   exit.o
         6          0          0          0          0        152   heapauxi.o
         0          0          0          0          0          0   indicate_semi.o
         2          0          0          0          0          0   libinit.o
         6          0          0          0          0          0   libinit2.o
         2          0          0          0          0          0   libshutdown.o
         2          0          0          0          0          0   libshutdown2.o
         8          4          0          0         96         68   libspace.o
       238          0          0          0          0        100   lludivv7m.o
        78          0          0          0          0         80   rt_memclr_w.o
       138          0          0          0          0         68   rt_memcpy_v6.o
       100          0          0          0          0         80   rt_memcpy_w.o
         2          0          0          0          0          0   rtexit.o
        10          0          0          0          0          0   rtexit2.o
        12          4          0          0          0         68   sys_exit.o
        74          0          0          0          0         80   sys_stackheap_outer.o
         2          0          0          0          0         68   use_no_semi.o
        10          0          0          0          0        116   fpinit.o

    ----------------------------------------------------------------------
       848         16          0          0         96       1028   Library Totals
         8          0          0          0          0          0   (incl. Padding)

    ----------------------------------------------------------------------

      Code (inc. data)   RO Data    RW Data    ZI Data      Debug   Library Name

       830         16          0          0         96        912   c_w.l
        10          0          0          0          0        116   fz_wm.l

    ----------------------------------------------------------------------
       848         16          0          0         96       1028   Library Totals

    ----------------------------------------------------------------------

==============================================================================


      Code (inc. data)   RO Data    RW Data    ZI Data      Debug   

     25636       1626        820        244      19740    1009410   Grand Totals
     25636       1626        820        244      19740    1009410   ELF Image Totals
     25636       1626        820        244          0          0   ROM Totals

==============================================================================

    Total RO  Size (Code + RO Data)                26456 (  25.84kB)
    Total RW  Size (RW Data + ZI Data)             19984 (  19.52kB)
    Total ROM Size (Code + RO Data + RW Data)      26700 (  26.07kB)

==============================================================================

