*** Using Compiler 'V5.06 update 7 (build 960)', folder: 'D:\mdk\ARM\ARMCC\Bin'
Build target 'Hero_board1_SJW'
compiling Dial.c...
compiling Reset.c...
compiling Shoot.c...
compiling TDF.c...
compiling Cloud_Control.c...
compiling FrictionWheel.c...
compiling Protocol_UpperComputer.c...
compiling FeedForward.c...
compiling BSP_Usart.c...
compiling J4310_Motor.c...
compiling Task_CommunicateWithPC.c...
compiling DT7.c...
compiling DJI_VT13.c...
compiling freertos.c...
compiling Task_DT7.c...
compiling Task_CanSend.c...
compiling Task_J4310_onlineCheck.c...
compiling Task_CanReceive.c...
compiling Task_VOFA.c...
compiling Task_RobotControl.c...
linking...
Program Size: Code=48736 RO-data=3064 RW-data=728 ZI-data=27432  
FromELF: creating hex file...
".\Hero_board1_SJW\Hero_board1_SJW.axf" - 0 Error(s), 0 Warning(s).
Build Time Elapsed:  00:00:13
