Component: ARM Compiler 5.06 update 7 (build 960) Tool: armlink [4d3601]

==============================================================================

Section Cross References

    startup_stm32f407xx.o(STACK) refers (Special) to heapauxi.o(.text) for __use_two_region_memory
    startup_stm32f407xx.o(HEAP) refers (Special) to heapauxi.o(.text) for __use_two_region_memory
    startup_stm32f407xx.o(RESET) refers (Special) to heapauxi.o(.text) for __use_two_region_memory
    startup_stm32f407xx.o(RESET) refers to startup_stm32f407xx.o(STACK) for __initial_sp
    startup_stm32f407xx.o(RESET) refers to startup_stm32f407xx.o(.text) for Reset_Handler
    startup_stm32f407xx.o(RESET) refers to stm32f4xx_it.o(i.NMI_Handler) for NMI_Handler
    startup_stm32f407xx.o(RESET) refers to stm32f4xx_it.o(i.HardFault_Handler) for HardFault_Handler
    startup_stm32f407xx.o(RESET) refers to stm32f4xx_it.o(i.MemManage_Handler) for MemManage_Handler
    startup_stm32f407xx.o(RESET) refers to stm32f4xx_it.o(i.BusFault_Handler) for BusFault_Handler
    startup_stm32f407xx.o(RESET) refers to stm32f4xx_it.o(i.UsageFault_Handler) for UsageFault_Handler
    startup_stm32f407xx.o(RESET) refers to port.o(.emb_text) for SVC_Handler
    startup_stm32f407xx.o(RESET) refers to stm32f4xx_it.o(i.DebugMon_Handler) for DebugMon_Handler
    startup_stm32f407xx.o(RESET) refers to port.o(i.SysTick_Handler) for SysTick_Handler
    startup_stm32f407xx.o(RESET) refers to stm32f4xx_it.o(i.DMA1_Stream1_IRQHandler) for DMA1_Stream1_IRQHandler
    startup_stm32f407xx.o(RESET) refers to stm32f4xx_it.o(i.DMA1_Stream3_IRQHandler) for DMA1_Stream3_IRQHandler
    startup_stm32f407xx.o(RESET) refers to stm32f4xx_it.o(i.CAN1_TX_IRQHandler) for CAN1_TX_IRQHandler
    startup_stm32f407xx.o(RESET) refers to stm32f4xx_it.o(i.CAN1_RX0_IRQHandler) for CAN1_RX0_IRQHandler
    startup_stm32f407xx.o(RESET) refers to stm32f4xx_it.o(i.TIM1_UP_TIM10_IRQHandler) for TIM1_UP_TIM10_IRQHandler
    startup_stm32f407xx.o(RESET) refers to stm32f4xx_it.o(i.USART1_IRQHandler) for USART1_IRQHandler
    startup_stm32f407xx.o(RESET) refers to stm32f4xx_it.o(i.USART3_IRQHandler) for USART3_IRQHandler
    startup_stm32f407xx.o(RESET) refers to stm32f4xx_it.o(i.DMA2_Stream1_IRQHandler) for DMA2_Stream1_IRQHandler
    startup_stm32f407xx.o(RESET) refers to stm32f4xx_it.o(i.DMA2_Stream2_IRQHandler) for DMA2_Stream2_IRQHandler
    startup_stm32f407xx.o(RESET) refers to stm32f4xx_it.o(i.CAN2_TX_IRQHandler) for CAN2_TX_IRQHandler
    startup_stm32f407xx.o(RESET) refers to stm32f4xx_it.o(i.CAN2_RX0_IRQHandler) for CAN2_RX0_IRQHandler
    startup_stm32f407xx.o(RESET) refers to stm32f4xx_it.o(i.DMA2_Stream6_IRQHandler) for DMA2_Stream6_IRQHandler
    startup_stm32f407xx.o(RESET) refers to stm32f4xx_it.o(i.DMA2_Stream7_IRQHandler) for DMA2_Stream7_IRQHandler
    startup_stm32f407xx.o(RESET) refers to stm32f4xx_it.o(i.USART6_IRQHandler) for USART6_IRQHandler
    startup_stm32f407xx.o(.text) refers (Special) to heapauxi.o(.text) for __use_two_region_memory
    startup_stm32f407xx.o(.text) refers to system_stm32f4xx.o(i.SystemInit) for SystemInit
    startup_stm32f407xx.o(.text) refers to __main.o(!!!main) for __main
    startup_stm32f407xx.o(.text) refers to startup_stm32f407xx.o(HEAP) for Heap_Mem
    startup_stm32f407xx.o(.text) refers to startup_stm32f407xx.o(STACK) for Stack_Mem
    main.o(i.HAL_TIM_PeriodElapsedCallback) refers to stm32f4xx_hal.o(i.HAL_IncTick) for HAL_IncTick
    main.o(i.SystemClock_Config) refers to rt_memclr_w.o(.text) for __aeabi_memclr4
    main.o(i.SystemClock_Config) refers to stm32f4xx_hal_rcc.o(i.HAL_RCC_OscConfig) for HAL_RCC_OscConfig
    main.o(i.SystemClock_Config) refers to main.o(i.Error_Handler) for Error_Handler
    main.o(i.SystemClock_Config) refers to stm32f4xx_hal_rcc.o(i.HAL_RCC_ClockConfig) for HAL_RCC_ClockConfig
    main.o(i.main) refers to stm32f4xx_hal.o(i.HAL_Init) for HAL_Init
    main.o(i.main) refers to main.o(i.SystemClock_Config) for SystemClock_Config
    main.o(i.main) refers to gpio.o(i.MX_GPIO_Init) for MX_GPIO_Init
    main.o(i.main) refers to dma.o(i.MX_DMA_Init) for MX_DMA_Init
    main.o(i.main) refers to can.o(i.MX_CAN1_Init) for MX_CAN1_Init
    main.o(i.main) refers to can.o(i.MX_CAN2_Init) for MX_CAN2_Init
    main.o(i.main) refers to usart.o(i.MX_USART1_UART_Init) for MX_USART1_UART_Init
    main.o(i.main) refers to usart.o(i.MX_USART3_UART_Init) for MX_USART3_UART_Init
    main.o(i.main) refers to usart.o(i.MX_USART6_UART_Init) for MX_USART6_UART_Init
    main.o(i.main) refers to rtc.o(i.MX_RTC_Init) for MX_RTC_Init
    main.o(i.main) refers to freertos.o(i.MX_FREERTOS_Init) for MX_FREERTOS_Init
    main.o(i.main) refers to cmsis_os.o(i.osKernelStart) for osKernelStart
    gpio.o(i.MX_GPIO_Init) refers to rt_memclr_w.o(.text) for __aeabi_memclr4
    gpio.o(i.MX_GPIO_Init) refers to stm32f4xx_hal_gpio.o(i.HAL_GPIO_WritePin) for HAL_GPIO_WritePin
[...]
    i.osDelay                                0x08004110   Section        0  cmsis_os.o(i.osDelay)
    i.osKernelStart                          0x08004128   Section        0  cmsis_os.o(i.osKernelStart)
    i.osThreadCreate                         0x08004132   Section        0  cmsis_os.o(i.osThreadCreate)
    i.prvAddCurrentTaskToDelayedList         0x08004190   Section        0  tasks.o(i.prvAddCurrentTaskToDelayedList)
    prvAddCurrentTaskToDelayedList           0x08004191   Thumb Code   124  tasks.o(i.prvAddCurrentTaskToDelayedList)
    i.prvAddNewTaskToReadyList               0x08004228   Section        0  tasks.o(i.prvAddNewTaskToReadyList)
    prvAddNewTaskToReadyList                 0x08004229   Thumb Code   150  tasks.o(i.prvAddNewTaskToReadyList)
    i.prvCheckTasksWaitingTermination        0x080042dc   Section        0  tasks.o(i.prvCheckTasksWaitingTermination)
    prvCheckTasksWaitingTermination          0x080042dd   Thumb Code    60  tasks.o(i.prvCheckTasksWaitingTermination)
    i.prvCopyDataFromQueue                   0x08004324   Section        0  queue.o(i.prvCopyDataFromQueue)
    prvCopyDataFromQueue                     0x08004325   Thumb Code    42  queue.o(i.prvCopyDataFromQueue)
    i.prvCopyDataToQueue                     0x0800434e   Section        0  queue.o(i.prvCopyDataToQueue)
    prvCopyDataToQueue                       0x0800434f   Thumb Code   126  queue.o(i.prvCopyDataToQueue)
    i.prvDeleteTCB                           0x080043cc   Section        0  tasks.o(i.prvDeleteTCB)
    prvDeleteTCB                             0x080043cd   Thumb Code    80  tasks.o(i.prvDeleteTCB)
    i.prvHeapInit                            0x0800441c   Section        0  heap_4.o(i.prvHeapInit)
    prvHeapInit                              0x0800441d   Thumb Code    98  heap_4.o(i.prvHeapInit)
    i.prvIdleTask                            0x08004498   Section        0  tasks.o(i.prvIdleTask)
    prvIdleTask                              0x08004499   Thumb Code    32  tasks.o(i.prvIdleTask)
    i.prvInitialiseNewQueue                  0x080044c0   Section        0  queue.o(i.prvInitialiseNewQueue)
    prvInitialiseNewQueue                    0x080044c1   Thumb Code    38  queue.o(i.prvInitialiseNewQueue)
    i.prvInitialiseNewTask                   0x080044e6   Section        0  tasks.o(i.prvInitialiseNewTask)
    prvInitialiseNewTask                     0x080044e7   Thumb Code   180  tasks.o(i.prvInitialiseNewTask)
    i.prvInitialiseTaskLists                 0x0800459c   Section        0  tasks.o(i.prvInitialiseTaskLists)
    prvInitialiseTaskLists                   0x0800459d   Thumb Code    70  tasks.o(i.prvInitialiseTaskLists)
    i.prvInsertBlockIntoFreeList             0x08004604   Section        0  heap_4.o(i.prvInsertBlockIntoFreeList)
    prvInsertBlockIntoFreeList               0x08004605   Thumb Code    96  heap_4.o(i.prvInsertBlockIntoFreeList)
    i.prvIsQueueEmpty                        0x0800466c   Section        0  queue.o(i.prvIsQueueEmpty)
    prvIsQueueEmpty                          0x0800466d   Thumb Code    26  queue.o(i.prvIsQueueEmpty)
    i.prvIsQueueFull                         0x08004686   Section        0  queue.o(i.prvIsQueueFull)
    prvIsQueueFull                           0x08004687   Thumb Code    30  queue.o(i.prvIsQueueFull)
    i.prvResetNextTaskUnblockTime            0x080046a4   Section        0  tasks.o(i.prvResetNextTaskUnblockTime)
    prvResetNextTaskUnblockTime              0x080046a5   Thumb Code    42  tasks.o(i.prvResetNextTaskUnblockTime)
    i.prvTaskExitError                       0x080046d8   Section        0  port.o(i.prvTaskExitError)
    prvTaskExitError                         0x080046d9   Thumb Code    60  port.o(i.prvTaskExitError)
    i.prvUnlockQueue                         0x08004718   Section        0  queue.o(i.prvUnlockQueue)
    prvUnlockQueue                           0x08004719   Thumb Code   126  queue.o(i.prvUnlockQueue)
    i.pvPortMalloc                           0x08004798   Section        0  heap_4.o(i.pvPortMalloc)
    i.pxPortInitialiseStack                  0x080048e4   Section        0  port.o(i.pxPortInitialiseStack)
    i.uint_to_float                          0x08004910   Section        0  dm_motor.o(i.uint_to_float)
    uint_to_float                            0x08004911   Thumb Code    52  dm_motor.o(i.uint_to_float)
    i.uxListRemove                           0x08004944   Section        0  list.o(i.uxListRemove)
    i.vApplicationGetIdleTaskMemory          0x0800496c   Section        0  freertos.o(i.vApplicationGetIdleTaskMemory)
    i.vListInitialise                        0x08004984   Section        0  list.o(i.vListInitialise)
    i.vListInitialiseItem                    0x0800499e   Section        0  list.o(i.vListInitialiseItem)
    i.vListInsert                            0x080049a4   Section        0  list.o(i.vListInsert)
    i.vListInsertEnd                         0x080049d8   Section        0  list.o(i.vListInsertEnd)
    i.vPortEnterCritical                     0x080049f0   Section        0  port.o(i.vPortEnterCritical)
    i.vPortExitCritical                      0x08004a44   Section        0  port.o(i.vPortExitCritical)
    i.vPortFree                              0x08004a80   Section        0  heap_4.o(i.vPortFree)
    i.vPortSetupTimerInterrupt               0x08004b24   Section        0  port.o(i.vPortSetupTimerInterrupt)
    i.vPortValidateInterruptPriority         0x08004b4c   Section        0  port.o(i.vPortValidateInterruptPriority)
    i.vTaskDelay                             0x08004bc4   Section        0  tasks.o(i.vTaskDelay)
    i.vTaskDelayUntil                        0x08004c20   Section        0  tasks.o(i.vTaskDelayUntil)
    i.vTaskDelete                            0x08004cf4   Section        0  tasks.o(i.vTaskDelete)
    i.vTaskInternalSetTimeOutState           0x08004de8   Section        0  tasks.o(i.vTaskInternalSetTimeOutState)
    i.vTaskMissedYield                       0x08004e00   Section        0  tasks.o(i.vTaskMissedYield)
    i.vTaskPlaceOnEventList                  0x08004e0c   Section        0  tasks.o(i.vTaskPlaceOnEventList)
    i.vTaskStartScheduler                    0x08004e44   Section        0  tasks.o(i.vTaskStartScheduler)
    i.vTaskSuspendAll                        0x08004ef4   Section        0  tasks.o(i.vTaskSuspendAll)
    i.vTaskSwitchContext                     0x08004f04   Section        0  tasks.o(i.vTaskSwitchContext)
    i.xPortStartScheduler                    0x08004f90   Section        0  port.o(i.xPortStartScheduler)
    i.xQueueGenericCreate                    0x080050f8   Section        0  queue.o(i.xQueueGenericCreate)
    i.xQueueGenericReset                     0x08005154   Section        0  queue.o(i.xQueueGenericReset)
    i.xQueueGenericSend                      0x080051ec   Section        0  queue.o(i.xQueueGenericSend)
    i.xQueueGenericSendFromISR               0x08005394   Section        0  queue.o(i.xQueueGenericSendFromISR)
    i.xQueueReceive                          0x08005490   Section        0  queue.o(i.xQueueReceive)
    i.xTaskCheckForTimeOut                   0x080055f8   Section        0  tasks.o(i.xTaskCheckForTimeOut)
    i.xTaskCreate                            0x08005684   Section        0  tasks.o(i.xTaskCreate)
    i.xTaskCreateStatic                      0x080056e8   Section        0  tasks.o(i.xTaskCreateStatic)
    i.xTaskGetSchedulerState                 0x080057a4   Section        0  tasks.o(i.xTaskGetSchedulerState)
    i.xTaskGetTickCount                      0x080057c4   Section        0  tasks.o(i.xTaskGetTickCount)
    i.xTaskIncrementTick                     0x080057d0   Section        0  tasks.o(i.xTaskIncrementTick)
    i.xTaskPriorityDisinherit                0x08005918   Section        0  tasks.o(i.xTaskPriorityDisinherit)
    i.xTaskRemoveFromEventList               0x080059e0   Section        0  tasks.o(i.xTaskRemoveFromEventList)
    i.xTaskResumeAll                         0x08005a78   Section        0  tasks.o(i.xTaskResumeAll)
    x$fpl$fpinit                             0x08005b7c   Section       10  fpinit.o(x$fpl$fpinit)
    $v0                                      0x08005b7c   Number         0  fpinit.o(x$fpl$fpinit)
    .constdata                               0x08005b88   Section      196  freertos.o(.constdata)
    .constdata                               0x08005c4c   Section        8  stm32f4xx_hal_dma.o(.constdata)
    flagBitshiftOffset                       0x08005c4c   Data           8  stm32f4xx_hal_dma.o(.constdata)
    .constdata                               0x08005c54   Section       24  system_stm32f4xx.o(.constdata)
    .conststring                             0x08005c6c   Section      118  freertos.o(.conststring)
    .data                                    0x20000000   Section       40  freertos.o(.data)
    .data                                    0x20000028   Section        4  can.o(.data)
    HAL_RCC_CAN1_CLK_ENABLED                 0x20000028   Data           4  can.o(.data)
    .data                                    0x2000002c   Section        9  stm32f4xx_hal.o(.data)
    .data                                    0x20000038   Section        4  system_stm32f4xx.o(.data)
    .data                                    0x2000003c   Section       60  tasks.o(.data)
    pxDelayedTaskList                        0x20000040   Data           4  tasks.o(.data)
    pxOverflowDelayedTaskList                0x20000044   Data           4  tasks.o(.data)
    uxDeletedTasksWaitingCleanUp             0x20000048   Data           4  tasks.o(.data)
    uxCurrentNumberOfTasks                   0x2000004c   Data           4  tasks.o(.data)
    xTickCount                               0x20000050   Data           4  tasks.o(.data)
    uxTopReadyPriority                       0x20000054   Data           4  tasks.o(.data)
    xSchedulerRunning                        0x20000058   Data           4  tasks.o(.data)
    xPendedTicks                             0x2000005c   Data           4  tasks.o(.data)
    xYieldPending                            0x20000060   Data           4  tasks.o(.data)
    xNumOfOverflows                          0x20000064   Data           4  tasks.o(.data)
    uxTaskNumber                             0x20000068   Data           4  tasks.o(.data)
    xNextTaskUnblockTime                     0x2000006c   Data           4  tasks.o(.data)
    xIdleTaskHandle                          0x20000070   Data           4  tasks.o(.data)
    uxSchedulerSuspended                     0x20000074   Data           4  tasks.o(.data)
    .data                                    0x20000078   Section       32  heap_4.o(.data)
    xStart                                   0x20000078   Data           8  heap_4.o(.data)
    pxEnd                                    0x20000080   Data           4  heap_4.o(.data)
    xFreeBytesRemaining                      0x20000084   Data           4  heap_4.o(.data)
    xMinimumEverFreeBytesRemaining           0x20000088   Data           4  heap_4.o(.data)
    xNumberOfSuccessfulAllocations           0x2000008c   Data           4  heap_4.o(.data)
    xNumberOfSuccessfulFrees                 0x20000090   Data           4  heap_4.o(.data)
    xBlockAllocatedBit                       0x20000094   Data           4  heap_4.o(.data)
    .data                                    0x20000098   Section       12  port.o(.data)
    uxCriticalNesting                        0x20000098   Data           4  port.o(.data)
    ucMaxSysCallPriority                     0x2000009c   Data           1  port.o(.data)
    ulMaxPRIGROUPValue                       0x200000a0   Data           4  port.o(.data)
    .data                                    0x200000a4   Section        4  task_canreceive.o(.data)
    .data                                    0x200000a8   Section        8  task_dm_onlinecheck.o(.data)
    .data                                    0x200000b0   Section        8  bsp_boardcommunication.o(.data)
    .data                                    0x200000b8   Section       49  bsp_can.o(.data)
    Can_Type                                 0x200000e8   Data           1  bsp_can.o(.data)
    .bss                                     0x200000ec   Section      596  freertos.o(.bss)
    xIdleTaskTCBBuffer                       0x200000ec   Data          84  freertos.o(.bss)
    xIdleStack                               0x20000140   Data         512  freertos.o(.bss)
    .bss                                     0x20000340   Section       80  can.o(.bss)
    .bss                                     0x20000390   Section       32  rtc.o(.bss)
    .bss                                     0x200003b0   Section      792  usart.o(.bss)
    .bss                                     0x200006c8   Section       72  stm32f4xx_hal_timebase_tim.o(.bss)
    .bss                                     0x20000710   Section      240  tasks.o(.bss)
    pxReadyTasksLists                        0x20000710   Data         140  tasks.o(.bss)
    xDelayedTaskList1                        0x2000079c   Data          20  tasks.o(.bss)
    xDelayedTaskList2                        0x200007b0   Data          20  tasks.o(.bss)
    xPendingReadyList                        0x200007c4   Data          20  tasks.o(.bss)
    xTasksWaitingTermination                 0x200007d8   Data          20  tasks.o(.bss)
    xSuspendedTaskList                       0x200007ec   Data          20  tasks.o(.bss)
    .bss                                     0x20000800   Section    15360  heap_4.o(.bss)
    ucHeap                                   0x20000800   Data       15360  heap_4.o(.bss)
    .bss                                     0x20004400   Section      256  dm_motor.o(.bss)
    .bss                                     0x20004500   Section      224  bsp_can.o(.bss)
    Can_Export_Data                          0x20004598   Data          72  bsp_can.o(.bss)
    .bss                                     0x200045e0   Section       96  libspace.o(.bss)
    HEAP                                     0x20004640   Section      512  startup_stm32f407xx.o(HEAP)
    Heap_Mem                                 0x20004640   Data         512  startup_stm32f407xx.o(HEAP)
    STACK                                    0x20004840   Section     1024  startup_stm32f407xx.o(STACK)
    Stack_Mem                                0x20004840   Data        1024  startup_stm32f407xx.o(STACK)
    __initial_sp                             0x20004c40   Data           0  startup_stm32f407xx.o(STACK)

    Global Symbols

    Symbol Name                              Value     Ov Type        Size  Object(Section)

    BuildAttributes$$THM_ISAv4$E$P$D$K$B$S$7EM$VFPi3$EXTD16$VFPS$VFMA$PE$A:L22UL41UL21$X:L11$S22US41US21$IEEE1$IW$USESV6$~STKCKD$USESV7$~SHL$OSPACE$ROPI$EBA8$UX$STANDARDLIB$REQ8$PRES8$EABIv2 0x00000000   Number         0  anon$$obj.o ABSOLUTE
    __ARM_use_no_argv                        0x00000000   Number         0  main.o ABSOLUTE
    __ARM_exceptions_init                     - Undefined Weak Reference
    __alloca_initialize                       - Undefined Weak Reference
    __arm_fini_                               - Undefined Weak Reference
    __arm_preinit_                            - Undefined Weak Reference
    __cpp_initialize__aeabi_                  - Undefined Weak Reference
    __cxa_finalize                            - Undefined Weak Reference
    __rt_locale                               - Undefined Weak Reference
    __sigvec_lookup                           - Undefined Weak Reference
    _atexit_init                              - Undefined Weak Reference
    _call_atexit_fns                          - Undefined Weak Reference
    _clock_init                               - Undefined Weak Reference
    _fp_trap_init                             - Undefined Weak Reference
    _fp_trap_shutdown                         - Undefined Weak Reference
    _get_lc_collate                           - Undefined Weak Reference
    _get_lc_ctype                             - Undefined Weak Reference
    _get_lc_monetary                          - Undefined Weak Reference
    _get_lc_numeric                           - Undefined Weak Reference
    _get_lc_time                              - Undefined Weak Reference
    _getenv_init                              - Undefined Weak Reference
    _handle_redirection                       - Undefined Weak Reference
    _init_alloc                               - Undefined Weak Reference
    _init_user_alloc                          - Undefined Weak Reference
    _initio                                   - Undefined Weak Reference
    _rand_init                                - Undefined Weak Reference
    _signal_finish                            - Undefined Weak Reference
    _signal_init                              - Undefined Weak Reference
    _terminate_alloc                          - Undefined Weak Reference
    _terminate_user_alloc                     - Undefined Weak Reference
    _terminateio                              - Undefined Weak Reference
    __Vectors_Size                           0x00000188   Number         0  startup_stm32f407xx.o ABSOLUTE
    __Vectors                                0x08000000   Data           4  startup_stm32f407xx.o(RESET)
    __Vectors_End                            0x08000188   Data           0  startup_stm32f407xx.o(RESET)
    __main                                   0x08000189   Thumb Code     8  __main.o(!!!main)
    __scatterload                            0x08000191   Thumb Code     0  __scatter.o(!!!scatter)
    __scatterload_rt2                        0x08000191   Thumb Code    44  __scatter.o(!!!scatter)
    __scatterload_rt2_thumb_only             0x08000191   Thumb Code     0  __scatter.o(!!!scatter)
    __scatterload_null                       0x0800019f   Thumb Code     0  __scatter.o(!!!scatter)
    __scatterload_copy                       0x080001c5   Thumb Code    26  __scatter_copy.o(!!handler_copy)
    __scatterload_zeroinit                   0x080001e1   Thumb Code    28  __scatter_zi.o(!!handler_zi)
    __rt_lib_init                            0x080001fd   Thumb Code     0  libinit.o(.ARM.Collect$$libinit$$00000000)
    __rt_lib_init_fp_1                       0x080001ff   Thumb Code     0  libinit2.o(.ARM.Collect$$libinit$$00000001)
    __rt_lib_init_alloca_1                   0x08000203   Thumb Code     0  libinit2.o(.ARM.Collect$$libinit$$0000002E)
    __rt_lib_init_argv_1                     0x08000203   Thumb Code     0  libinit2.o(.ARM.Collect$$libinit$$0000002C)
    __rt_lib_init_atexit_1                   0x08000203   Thumb Code     0  libinit2.o(.ARM.Collect$$libinit$$0000001B)
    __rt_lib_init_clock_1                    0x08000203   Thumb Code     0  libinit2.o(.ARM.Collect$$libinit$$00000021)
    __rt_lib_init_cpp_1                      0x08000203   Thumb Code     0  libinit2.o(.ARM.Collect$$libinit$$00000032)
    __rt_lib_init_exceptions_1               0x08000203   Thumb Code     0  libinit2.o(.ARM.Collect$$libinit$$00000030)
    __rt_lib_init_fp_trap_1                  0x08000203   Thumb Code     0  libinit2.o(.ARM.Collect$$libinit$$0000001F)
    __rt_lib_init_getenv_1                   0x08000203   Thumb Code     0  libinit2.o(.ARM.Collect$$libinit$$00000023)
    __rt_lib_init_heap_1                     0x08000203   Thumb Code     0  libinit2.o(.ARM.Collect$$libinit$$0000000A)
    __rt_lib_init_lc_collate_1               0x08000203   Thumb Code     0  libinit2.o(.ARM.Collect$$libinit$$00000011)
    __rt_lib_init_lc_ctype_1                 0x08000203   Thumb Code     0  libinit2.o(.ARM.Collect$$libinit$$00000013)
    __rt_lib_init_lc_monetary_1              0x08000203   Thumb Code     0  libinit2.o(.ARM.Collect$$libinit$$00000015)
    __rt_lib_init_lc_numeric_1               0x08000203   Thumb Code     0  libinit2.o(.ARM.Collect$$libinit$$00000017)
    __rt_lib_init_lc_time_1                  0x08000203   Thumb Code     0  libinit2.o(.ARM.Collect$$libinit$$00000019)
    __rt_lib_init_preinit_1                  0x08000203   Thumb Code     0  libinit2.o(.ARM.Collect$$libinit$$00000004)
    __rt_lib_init_rand_1                     0x08000203   Thumb Code     0  libinit2.o(.ARM.Collect$$libinit$$0000000E)
    __rt_lib_init_return                     0x08000203   Thumb Code     0  libinit2.o(.ARM.Collect$$libinit$$00000033)
    __rt_lib_init_signal_1                   0x08000203   Thumb Code     0  libinit2.o(.ARM.Collect$$libinit$$0000001D)
    __rt_lib_init_stdio_1                    0x08000203   Thumb Code     0  libinit2.o(.ARM.Collect$$libinit$$00000025)
    __rt_lib_init_user_alloc_1               0x08000203   Thumb Code     0  libinit2.o(.ARM.Collect$$libinit$$0000000C)
    __rt_lib_shutdown                        0x08000205   Thumb Code     0  libshutdown.o(.ARM.Collect$$libshutdown$$00000000)
    __rt_lib_shutdown_cpp_1                  0x08000207   Thumb Code     0  libshutdown2.o(.ARM.Collect$$libshutdown$$00000004)
    __rt_lib_shutdown_fini_1                 0x08000207   Thumb Code     0  libshutdown2.o(.ARM.Collect$$libshutdown$$00000002)
    __rt_lib_shutdown_fp_trap_1              0x08000207   Thumb Code     0  libshutdown2.o(.ARM.Collect$$libshutdown$$00000009)
    __rt_lib_shutdown_heap_1                 0x08000207   Thumb Code     0  libshutdown2.o(.ARM.Collect$$libshutdown$$00000011)
    __rt_lib_shutdown_return                 0x08000207   Thumb Code     0  libshutdown2.o(.ARM.Collect$$libshutdown$$00000012)
    __rt_lib_shutdown_signal_1               0x08000207   Thumb Code     0  libshutdown2.o(.ARM.Collect$$libshutdown$$0000000C)
    __rt_lib_shutdown_stdio_1                0x08000207   Thumb Code     0  libshutdown2.o(.ARM.Collect$$libshutdown$$00000006)
    __rt_lib_shutdown_user_alloc_1           0x08000207   Thumb Code     0  libshutdown2.o(.ARM.Collect$$libshutdown$$0000000E)
    __rt_entry                               0x08000209   Thumb Code     0  __rtentry.o(.ARM.Collect$$rtentry$$00000000)
    __rt_entry_presh_1                       0x08000209   Thumb Code     0  __rtentry2.o(.ARM.Collect$$rtentry$$00000002)
    __rt_entry_sh                            0x08000209   Thumb Code     0  __rtentry4.o(.ARM.Collect$$rtentry$$00000004)
    __rt_entry_li                            0x0800020f   Thumb Code     0  __rtentry2.o(.ARM.Collect$$rtentry$$0000000A)
    __rt_entry_postsh_1                      0x0800020f   Thumb Code     0  __rtentry2.o(.ARM.Collect$$rtentry$$00000009)
    __rt_entry_main                          0x08000213   Thumb Code     0  __rtentry2.o(.ARM.Collect$$rtentry$$0000000D)
    __rt_entry_postli_1                      0x08000213   Thumb Code     0  __rtentry2.o(.ARM.Collect$$rtentry$$0000000C)
    __rt_exit                                0x0800021b   Thumb Code     0  rtexit.o(.ARM.Collect$$rtexit$$00000000)
    __rt_exit_ls                             0x0800021d   Thumb Code     0  rtexit2.o(.ARM.Collect$$rtexit$$00000003)
    __rt_exit_prels_1                        0x0800021d   Thumb Code     0  rtexit2.o(.ARM.Collect$$rtexit$$00000002)
    __rt_exit_exit                           0x08000221   Thumb Code     0  rtexit2.o(.ARM.Collect$$rtexit$$00000004)
    SVC_Handler                              0x08000229   Thumb Code    28  port.o(.emb_text)
    __asm___6_port_c_39a90d8d__prvStartFirstTask 0x08000249   Thumb Code    36  port.o(.emb_text)
    __asm___6_port_c_39a90d8d__prvEnableVFP  0x08000271   Thumb Code    16  port.o(.emb_text)
    PendSV_Handler                           0x08000285   Thumb Code    88  port.o(.emb_text)
    vPortGetIPSR                             0x080002e1   Thumb Code     6  port.o(.emb_text)
    Reset_Handler                            0x080002e9   Thumb Code     8  startup_stm32f407xx.o(.text)
    ADC_IRQHandler                           0x08000303   Thumb Code     0  startup_stm32f407xx.o(.text)
    CAN1_RX1_IRQHandler                      0x08000303   Thumb Code     0  startup_stm32f407xx.o(.text)
    CAN1_SCE_IRQHandler                      0x08000303   Thumb Code     0  startup_stm32f407xx.o(.text)
    CAN2_RX1_IRQHandler                      0x08000303   Thumb Code     0  startup_stm32f407xx.o(.text)
    CAN2_SCE_IRQHandler                      0x08000303   Thumb Code     0  startup_stm32f407xx.o(.text)
    DCMI_IRQHandler                          0x08000303   Thumb Code     0  startup_stm32f407xx.o(.text)
    DMA1_Stream0_IRQHandler                  0x08000303   Thumb Code     0  startup_stm32f407xx.o(.text)
    DMA1_Stream2_IRQHandler                  0x08000303   Thumb Code     0  startup_stm32f407xx.o(.text)
    DMA1_Stream4_IRQHandler                  0x08000303   Thumb Code     0  startup_stm32f407xx.o(.text)
    DMA1_Stream5_IRQHandler                  0x08000303   Thumb Code     0  startup_stm32f407xx.o(.text)
    DMA1_Stream6_IRQHandler                  0x08000303   Thumb Code     0  startup_stm32f407xx.o(.text)
    DMA1_Stream7_IRQHandler                  0x08000303   Thumb Code     0  startup_stm32f407xx.o(.text)
    DMA2_Stream0_IRQHandler                  0x08000303   Thumb Code     0  startup_stm32f407xx.o(.text)
    DMA2_Stream3_IRQHandler                  0x08000303   Thumb Code     0  startup_stm32f407xx.o(.text)
    DMA2_Stream4_IRQHandler                  0x08000303   Thumb Code     0  startup_stm32f407xx.o(.text)
    DMA2_Stream5_IRQHandler                  0x08000303   Thumb Code     0  startup_stm32f407xx.o(.text)
    ETH_IRQHandler                           0x08000303   Thumb Code     0  startup_stm32f407xx.o(.text)
    ETH_WKUP_IRQHandler                      0x08000303   Thumb Code     0  startup_stm32f407xx.o(.text)
    EXTI0_IRQHandler                         0x08000303   Thumb Code     0  startup_stm32f407xx.o(.text)
    EXTI15_10_IRQHandler                     0x08000303   Thumb Code     0  startup_stm32f407xx.o(.text)
    EXTI1_IRQHandler                         0x08000303   Thumb Code     0  startup_stm32f407xx.o(.text)
    EXTI2_IRQHandler                         0x08000303   Thumb Code     0  startup_stm32f407xx.o(.text)
    EXTI3_IRQHandler                         0x08000303   Thumb Code     0  startup_stm32f407xx.o(.text)
    EXTI4_IRQHandler                         0x08000303   Thumb Code     0  startup_stm32f407xx.o(.text)
    EXTI9_5_IRQHandler                       0x08000303   Thumb Code     0  startup_stm32f407xx.o(.text)
    FLASH_IRQHandler                         0x08000303   Thumb Code     0  startup_stm32f407xx.o(.text)
    FMC_IRQHandler                           0x08000303   Thumb Code     0  startup_stm32f407xx.o(.text)
    FPU_IRQHandler                           0x08000303   Thumb Code     0  startup_stm32f407xx.o(.text)
    HASH_RNG_IRQHandler                      0x08000303   Thumb Code     0  startup_stm32f407xx.o(.text)
    I2C1_ER_IRQHandler                       0x08000303   Thumb Code     0  startup_stm32f407xx.o(.text)
    I2C1_EV_IRQHandler                       0x08000303   Thumb Code     0  startup_stm32f407xx.o(.text)
    I2C2_ER_IRQHandler                       0x08000303   Thumb Code     0  startup_stm32f407xx.o(.text)
    I2C2_EV_IRQHandler                       0x08000303   Thumb Code     0  startup_stm32f407xx.o(.text)
    I2C3_ER_IRQHandler                       0x08000303   Thumb Code     0  startup_stm32f407xx.o(.text)
    I2C3_EV_IRQHandler                       0x08000303   Thumb Code     0  startup_stm32f407xx.o(.text)
    OTG_FS_IRQHandler                        0x08000303   Thumb Code     0  startup_stm32f407xx.o(.text)
    OTG_FS_WKUP_IRQHandler                   0x08000303   Thumb Code     0  startup_stm32f407xx.o(.text)
    OTG_HS_EP1_IN_IRQHandler                 0x08000303   Thumb Code     0  startup_stm32f407xx.o(.text)
    OTG_HS_EP1_OUT_IRQHandler                0x08000303   Thumb Code     0  startup_stm32f407xx.o(.text)
    OTG_HS_IRQHandler                        0x08000303   Thumb Code     0  startup_stm32f407xx.o(.text)
    OTG_HS_WKUP_IRQHandler                   0x08000303   Thumb Code     0  startup_stm32f407xx.o(.text)
    PVD_IRQHandler                           0x08000303   Thumb Code     0  startup_stm32f407xx.o(.text)
    RCC_IRQHandler                           0x08000303   Thumb Code     0  startup_stm32f407xx.o(.text)
    RTC_Alarm_IRQHandler                     0x08000303   Thumb Code     0  startup_stm32f407xx.o(.text)
    RTC_WKUP_IRQHandler                      0x08000303   Thumb Code     0  startup_stm32f407xx.o(.text)
    SDIO_IRQHandler                          0x08000303   Thumb Code     0  startup_stm32f407xx.o(.text)
    SPI1_IRQHandler                          0x08000303   Thumb Code     0  startup_stm32f407xx.o(.text)
    SPI2_IRQHandler                          0x08000303   Thumb Code     0  startup_stm32f407xx.o(.text)
    SPI3_IRQHandler                          0x08000303   Thumb Code     0  startup_stm32f407xx.o(.text)
    TAMP_STAMP_IRQHandler                    0x08000303   Thumb Code     0  startup_stm32f407xx.o(.text)
    TIM1_BRK_TIM9_IRQHandler                 0x08000303   Thumb Code     0  startup_stm32f407xx.o(.text)
    TIM1_CC_IRQHandler                       0x08000303   Thumb Code     0  startup_stm32f407xx.o(.text)
    TIM1_TRG_COM_TIM11_IRQHandler            0x08000303   Thumb Code     0  startup_stm32f407xx.o(.text)
    TIM2_IRQHandler                          0x08000303   Thumb Code     0  startup_stm32f407xx.o(.text)
    TIM3_IRQHandler                          0x08000303   Thumb Code     0  startup_stm32f407xx.o(.text)
    TIM4_IRQHandler                          0x08000303   Thumb Code     0  startup_stm32f407xx.o(.text)
    TIM5_IRQHandler                          0x08000303   Thumb Code     0  startup_stm32f407xx.o(.text)
    TIM6_DAC_IRQHandler                      0x08000303   Thumb Code     0  startup_stm32f407xx.o(.text)
    TIM7_IRQHandler                          0x08000303   Thumb Code     0  startup_stm32f407xx.o(.text)
    TIM8_BRK_TIM12_IRQHandler                0x08000303   Thumb Code     0  startup_stm32f407xx.o(.text)
    TIM8_CC_IRQHandler                       0x08000303   Thumb Code     0  startup_stm32f407xx.o(.text)
    TIM8_TRG_COM_TIM14_IRQHandler            0x08000303   Thumb Code     0  startup_stm32f407xx.o(.text)
    TIM8_UP_TIM13_IRQHandler                 0x08000303   Thumb Code     0  startup_stm32f407xx.o(.text)
    UART4_IRQHandler                         0x08000303   Thumb Code     0  startup_stm32f407xx.o(.text)
    UART5_IRQHandler                         0x08000303   Thumb Code     0  startup_stm32f407xx.o(.text)
    USART2_IRQHandler                        0x08000303   Thumb Code     0  startup_stm32f407xx.o(.text)
    WWDG_IRQHandler                          0x08000303   Thumb Code     0  startup_stm32f407xx.o(.text)
    __user_initial_stackheap                 0x08000305   Thumb Code     0  startup_stm32f407xx.o(.text)
    __aeabi_uldivmod                         0x08000329   Thumb Code     0  lludivv7m.o(.text)
    _ll_udiv                                 0x08000329   Thumb Code   238  lludivv7m.o(.text)
    __aeabi_memcpy                           0x08000417   Thumb Code     0  rt_memcpy_v6.o(.text)
    __rt_memcpy                              0x08000417   Thumb Code   138  rt_memcpy_v6.o(.text)
    _memcpy_lastbytes                        0x0800047d   Thumb Code     0  rt_memcpy_v6.o(.text)
    __aeabi_memcpy4                          0x080004a1   Thumb Code     0  rt_memcpy_w.o(.text)
    __aeabi_memcpy8                          0x080004a1   Thumb Code     0  rt_memcpy_w.o(.text)
    __rt_memcpy_w                            0x080004a1   Thumb Code   100  rt_memcpy_w.o(.text)
    _memcpy_lastbytes_aligned                0x080004e9   Thumb Code     0  rt_memcpy_w.o(.text)
    __aeabi_memclr4                          0x08000505   Thumb Code     0  rt_memclr_w.o(.text)
    __aeabi_memclr8                          0x08000505   Thumb Code     0  rt_memclr_w.o(.text)
    __rt_memclr_w                            0x08000505   Thumb Code    78  rt_memclr_w.o(.text)
    _memset_w                                0x08000509   Thumb Code     0  rt_memclr_w.o(.text)
    __use_two_region_memory                  0x08000553   Thumb Code     2  heapauxi.o(.text)
    __rt_heap_escrow$2region                 0x08000555   Thumb Code     2  heapauxi.o(.text)
    __rt_heap_expand$2region                 0x08000557   Thumb Code     2  heapauxi.o(.text)
    __user_setup_stackheap                   0x08000559   Thumb Code    74  sys_stackheap_outer.o(.text)
    exit                                     0x080005a3   Thumb Code    18  exit.o(.text)
    __user_libspace                          0x080005b5   Thumb Code     8  libspace.o(.text)
    __user_perproc_libspace                  0x080005b5   Thumb Code     0  libspace.o(.text)
    __user_perthread_libspace                0x080005b5   Thumb Code     0  libspace.o(.text)
    _sys_exit                                0x080005bd   Thumb Code     8  sys_exit.o(.text)
    __I$use$semihosting                      0x080005c9   Thumb Code     0  use_no_semi.o(.text)
    __use_no_semihosting_swi                 0x080005c9   Thumb Code     2  use_no_semi.o(.text)
    __semihosting_library_function           0x080005cb   Thumb Code     0  indicate_semi.o(.text)
    ALL_Init                                 0x080005cd   Thumb Code    84  freertos.o(i.ALL_Init)
    AllCanSend                               0x08000631   Thumb Code    32  task_cansend.o(i.AllCanSend)
    Board2_2_getTrackInfo                    0x08000655   Thumb Code    70  bsp_boardcommunication.o(i.Board2_2_getTrackInfo)
    BusFault_Handler                         0x080006a1   Thumb Code     4  stm32f4xx_it.o(i.BusFault_Handler)
    CAN1_RX0_IRQHandler                      0x080006a5   Thumb Code    10  stm32f4xx_it.o(i.CAN1_RX0_IRQHandler)
    CAN1_TX_IRQHandler                       0x080006b5   Thumb Code    10  stm32f4xx_it.o(i.CAN1_TX_IRQHandler)
    CAN2_RX0_IRQHandler                      0x080006c5   Thumb Code    10  stm32f4xx_it.o(i.CAN2_RX0_IRQHandler)
    CAN2_TX_IRQHandler                       0x080006d5   Thumb Code    10  stm32f4xx_it.o(i.CAN2_TX_IRQHandler)
    CAN_IT_Init                              0x08000715   Thumb Code    46  bsp_can.o(i.CAN_IT_Init)
    CAN_SendData                             0x08000749   Thumb Code    74  bsp_can.o(i.CAN_SendData)
    Can1Receives                             0x08000795   Thumb Code    66  task_canreceive.o(i.Can1Receives)
    Can2Receives                             0x080007e1   Thumb Code    92  task_canreceive.o(i.Can2Receives)
    DMA1_Stream1_IRQHandler                  0x08000845   Thumb Code    10  stm32f4xx_it.o(i.DMA1_Stream1_IRQHandler)
    DMA1_Stream3_IRQHandler                  0x08000855   Thumb Code    10  stm32f4xx_it.o(i.DMA1_Stream3_IRQHandler)
    DMA2_Stream1_IRQHandler                  0x08000865   Thumb Code    10  stm32f4xx_it.o(i.DMA2_Stream1_IRQHandler)
    DMA2_Stream2_IRQHandler                  0x08000875   Thumb Code    10  stm32f4xx_it.o(i.DMA2_Stream2_IRQHandler)
    DMA2_Stream6_IRQHandler                  0x08000885   Thumb Code    10  stm32f4xx_it.o(i.DMA2_Stream6_IRQHandler)
    DMA2_Stream7_IRQHandler                  0x08000895   Thumb Code    10  stm32f4xx_it.o(i.DMA2_Stream7_IRQHandler)
    DM_Enable                                0x08000985   Thumb Code    82  dm_motor.o(i.DM_Enable)
    DM_getInfo                               0x080009dd   Thumb Code   416  dm_motor.o(i.DM_getInfo)
    DM_onlineCheck                           0x08000b95   Thumb Code   164  task_dm_onlinecheck.o(i.DM_onlineCheck)
    DM_setParameter                          0x08000c55   Thumb Code   188  dm_motor.o(i.DM_setParameter)
    DebugMon_Handler                         0x08000d29   Thumb Code     2  stm32f4xx_it.o(i.DebugMon_Handler)
    Error_Handler                            0x08000d2b   Thumb Code     6  main.o(i.Error_Handler)
    HAL_CAN_ActivateNotification             0x08000d31   Thumb Code    42  stm32f4xx_hal_can.o(i.HAL_CAN_ActivateNotification)
    HAL_CAN_AddTxMessage                     0x08000d5b   Thumb Code   330  stm32f4xx_hal_can.o(i.HAL_CAN_AddTxMessage)
    HAL_CAN_ConfigFilter                     0x08000ea5   Thumb Code   284  stm32f4xx_hal_can.o(i.HAL_CAN_ConfigFilter)
    HAL_CAN_ErrorCallback                    0x08000fc5   Thumb Code     2  stm32f4xx_hal_can.o(i.HAL_CAN_ErrorCallback)
    HAL_CAN_GetRxMessage                     0x08000fc7   Thumb Code   404  stm32f4xx_hal_can.o(i.HAL_CAN_GetRxMessage)
    HAL_CAN_IRQHandler                       0x0800115b   Thumb Code   590  stm32f4xx_hal_can.o(i.HAL_CAN_IRQHandler)
    HAL_CAN_Init                             0x080013a9   Thumb Code   372  stm32f4xx_hal_can.o(i.HAL_CAN_Init)
    HAL_CAN_MspInit                          0x0800151d   Thumb Code   360  can.o(i.HAL_CAN_MspInit)
    HAL_CAN_RxFifo0FullCallback              0x0800169d   Thumb Code     2  stm32f4xx_hal_can.o(i.HAL_CAN_RxFifo0FullCallback)
    HAL_CAN_RxFifo0MsgPendingCallback        0x080016a1   Thumb Code   242  bsp_can.o(i.HAL_CAN_RxFifo0MsgPendingCallback)
    HAL_CAN_RxFifo1FullCallback              0x080017b1   Thumb Code     2  stm32f4xx_hal_can.o(i.HAL_CAN_RxFifo1FullCallback)
    HAL_CAN_RxFifo1MsgPendingCallback        0x080017b3   Thumb Code     2  stm32f4xx_hal_can.o(i.HAL_CAN_RxFifo1MsgPendingCallback)
    HAL_CAN_SleepCallback                    0x080017b5   Thumb Code     2  stm32f4xx_hal_can.o(i.HAL_CAN_SleepCallback)
    HAL_CAN_Start                            0x080017b7   Thumb Code    94  stm32f4xx_hal_can.o(i.HAL_CAN_Start)
    HAL_CAN_TxMailbox0AbortCallback          0x08001815   Thumb Code     2  stm32f4xx_hal_can.o(i.HAL_CAN_TxMailbox0AbortCallback)
    HAL_CAN_TxMailbox0CompleteCallback       0x08001817   Thumb Code     2  stm32f4xx_hal_can.o(i.HAL_CAN_TxMailbox0CompleteCallback)
    HAL_CAN_TxMailbox1AbortCallback          0x08001819   Thumb Code     2  stm32f4xx_hal_can.o(i.HAL_CAN_TxMailbox1AbortCallback)
    HAL_CAN_TxMailbox1CompleteCallback       0x0800181b   Thumb Code     2  stm32f4xx_hal_can.o(i.HAL_CAN_TxMailbox1CompleteCallback)
    HAL_CAN_TxMailbox2AbortCallback          0x0800181d   Thumb Code     2  stm32f4xx_hal_can.o(i.HAL_CAN_TxMailbox2AbortCallback)
    HAL_CAN_TxMailbox2CompleteCallback       0x0800181f   Thumb Code     2  stm32f4xx_hal_can.o(i.HAL_CAN_TxMailbox2CompleteCallback)
    HAL_CAN_WakeUpFromRxMsgCallback          0x08001821   Thumb Code     2  stm32f4xx_hal_can.o(i.HAL_CAN_WakeUpFromRxMsgCallback)
    HAL_DMA_Abort                            0x08001823   Thumb Code   172  stm32f4xx_hal_dma.o(i.HAL_DMA_Abort)
    HAL_DMA_Abort_IT                         0x080018cf   Thumb Code    40  stm32f4xx_hal_dma.o(i.HAL_DMA_Abort_IT)
    HAL_DMA_IRQHandler                       0x080018f9   Thumb Code   570  stm32f4xx_hal_dma.o(i.HAL_DMA_IRQHandler)
    HAL_DMA_Init                             0x08001b39   Thumb Code   232  stm32f4xx_hal_dma.o(i.HAL_DMA_Init)
    HAL_GPIO_Init                            0x08001c25   Thumb Code   454  stm32f4xx_hal_gpio.o(i.HAL_GPIO_Init)
    HAL_GPIO_WritePin                        0x08001e19   Thumb Code    12  stm32f4xx_hal_gpio.o(i.HAL_GPIO_WritePin)
    HAL_GetTick                              0x08001e25   Thumb Code     6  stm32f4xx_hal.o(i.HAL_GetTick)
    HAL_IncTick                              0x08001e31   Thumb Code    16  stm32f4xx_hal.o(i.HAL_IncTick)
    HAL_Init                                 0x08001e49   Thumb Code    54  stm32f4xx_hal.o(i.HAL_Init)
    HAL_InitTick                             0x08001e85   Thumb Code   140  stm32f4xx_hal_timebase_tim.o(i.HAL_InitTick)
    HAL_MspInit                              0x08001f25   Thumb Code    78  stm32f4xx_hal_msp.o(i.HAL_MspInit)
    HAL_NVIC_EnableIRQ                       0x08001f79   Thumb Code    40  stm32f4xx_hal_cortex.o(i.HAL_NVIC_EnableIRQ)
    HAL_NVIC_SetPriority                     0x08001fa1   Thumb Code   124  stm32f4xx_hal_cortex.o(i.HAL_NVIC_SetPriority)
    HAL_NVIC_SetPriorityGrouping             0x0800201d   Thumb Code    32  stm32f4xx_hal_cortex.o(i.HAL_NVIC_SetPriorityGrouping)
    HAL_RCCEx_PeriphCLKConfig                0x08002045   Thumb Code   396  stm32f4xx_hal_rcc_ex.o(i.HAL_RCCEx_PeriphCLKConfig)
    HAL_RCC_ClockConfig                      0x080021e5   Thumb Code   368  stm32f4xx_hal_rcc.o(i.HAL_RCC_ClockConfig)
    HAL_RCC_GetClockConfig                   0x08002369   Thumb Code    58  stm32f4xx_hal_rcc.o(i.HAL_RCC_GetClockConfig)
    HAL_RCC_GetHCLKFreq                      0x080023ad   Thumb Code     6  stm32f4xx_hal_rcc.o(i.HAL_RCC_GetHCLKFreq)
    HAL_RCC_GetPCLK1Freq                     0x080023b9   Thumb Code    22  stm32f4xx_hal_rcc.o(i.HAL_RCC_GetPCLK1Freq)
    HAL_RCC_GetPCLK2Freq                     0x080023d9   Thumb Code    22  stm32f4xx_hal_rcc.o(i.HAL_RCC_GetPCLK2Freq)
    HAL_RCC_GetSysClockFreq                  0x080023f9   Thumb Code   162  stm32f4xx_hal_rcc.o(i.HAL_RCC_GetSysClockFreq)
    HAL_RCC_OscConfig                        0x080024a9   Thumb Code  1172  stm32f4xx_hal_rcc.o(i.HAL_RCC_OscConfig)
    HAL_RTC_Init                             0x08002945   Thumb Code   174  stm32f4xx_hal_rtc.o(i.HAL_RTC_Init)
    HAL_RTC_MspInit                          0x080029f9   Thumb Code    50  rtc.o(i.HAL_RTC_MspInit)
    HAL_RTC_WaitForSynchro                   0x08002a35   Thumb Code    52  stm32f4xx_hal_rtc.o(i.HAL_RTC_WaitForSynchro)
    HAL_TIMEx_BreakCallback                  0x08002a6d   Thumb Code     2  stm32f4xx_hal_tim_ex.o(i.HAL_TIMEx_BreakCallback)
    HAL_TIMEx_CommutCallback                 0x08002a6f   Thumb Code     2  stm32f4xx_hal_tim_ex.o(i.HAL_TIMEx_CommutCallback)
    HAL_TIM_Base_Init                        0x08002a71   Thumb Code   102  stm32f4xx_hal_tim.o(i.HAL_TIM_Base_Init)
    HAL_TIM_Base_MspInit                     0x08002ad7   Thumb Code     2  stm32f4xx_hal_tim.o(i.HAL_TIM_Base_MspInit)
    HAL_TIM_Base_Start_IT                    0x08002ad9   Thumb Code   138  stm32f4xx_hal_tim.o(i.HAL_TIM_Base_Start_IT)
    HAL_TIM_IC_CaptureCallback               0x08002b81   Thumb Code     2  stm32f4xx_hal_tim.o(i.HAL_TIM_IC_CaptureCallback)
    HAL_TIM_IRQHandler                       0x08002b83   Thumb Code   364  stm32f4xx_hal_tim.o(i.HAL_TIM_IRQHandler)
    HAL_TIM_OC_DelayElapsedCallback          0x08002cef   Thumb Code     2  stm32f4xx_hal_tim.o(i.HAL_TIM_OC_DelayElapsedCallback)
    HAL_TIM_PWM_PulseFinishedCallback        0x08002cf1   Thumb Code     2  stm32f4xx_hal_tim.o(i.HAL_TIM_PWM_PulseFinishedCallback)
    HAL_TIM_PeriodElapsedCallback            0x08002cf5   Thumb Code    18  main.o(i.HAL_TIM_PeriodElapsedCallback)
    HAL_TIM_TriggerCallback                  0x08002d0d   Thumb Code     2  stm32f4xx_hal_tim.o(i.HAL_TIM_TriggerCallback)
    HAL_UARTEx_RxEventCallback               0x08002d0f   Thumb Code     2  bsp_usart.o(i.HAL_UARTEx_RxEventCallback)
    HAL_UART_ErrorCallback                   0x08002d11   Thumb Code     2  stm32f4xx_hal_uart.o(i.HAL_UART_ErrorCallback)
    HAL_UART_IRQHandler                      0x08002d15   Thumb Code   772  stm32f4xx_hal_uart.o(i.HAL_UART_IRQHandler)
    HAL_UART_Init                            0x0800301d   Thumb Code   118  stm32f4xx_hal_uart.o(i.HAL_UART_Init)
    HAL_UART_MspInit                         0x08003095   Thumb Code   852  usart.o(i.HAL_UART_MspInit)
    HAL_UART_RxCpltCallback                  0x08003429   Thumb Code     2  stm32f4xx_hal_uart.o(i.HAL_UART_RxCpltCallback)
    HAL_UART_TxCpltCallback                  0x0800342b   Thumb Code     2  stm32f4xx_hal_uart.o(i.HAL_UART_TxCpltCallback)
    HardFault_Handler                        0x0800342d   Thumb Code     4  stm32f4xx_it.o(i.HardFault_Handler)
    MX_CAN1_Init                             0x08003431   Thumb Code    64  can.o(i.MX_CAN1_Init)
    MX_CAN2_Init                             0x08003479   Thumb Code    64  can.o(i.MX_CAN2_Init)
    MX_DMA_Init                              0x080034c1   Thumb Code   162  dma.o(i.MX_DMA_Init)
    MX_FREERTOS_Init                         0x08003569   Thumb Code   216  freertos.o(i.MX_FREERTOS_Init)
    MX_GPIO_Init                             0x0800366d   Thumb Code   232  gpio.o(i.MX_GPIO_Init)
    MX_RTC_Init                              0x0800375d   Thumb Code    42  rtc.o(i.MX_RTC_Init)
    MX_USART1_UART_Init                      0x08003791   Thumb Code    46  usart.o(i.MX_USART1_UART_Init)
    MX_USART3_UART_Init                      0x080037c9   Thumb Code    46  usart.o(i.MX_USART3_UART_Init)
    MX_USART6_UART_Init                      0x08003801   Thumb Code    46  usart.o(i.MX_USART6_UART_Init)
    MemManage_Handler                        0x08003839   Thumb Code     4  stm32f4xx_it.o(i.MemManage_Handler)
    NMI_Handler                              0x0800383d   Thumb Code     4  stm32f4xx_it.o(i.NMI_Handler)
    RTC_EnterInitMode                        0x08003841   Thumb Code    74  stm32f4xx_hal_rtc.o(i.RTC_EnterInitMode)
    RTC_ExitInitMode                         0x0800388b   Thumb Code    46  stm32f4xx_hal_rtc.o(i.RTC_ExitInitMode)
    Robot_Control                            0x080038b9   Thumb Code   314  task_robotcontrol.o(i.Robot_Control)
    StartDefaultTask                         0x08003a0d   Thumb Code    10  freertos.o(i.StartDefaultTask)
    SysTick_Handler                          0x08003a19   Thumb Code    46  port.o(i.SysTick_Handler)
    SystemClock_Config                       0x08003a4d   Thumb Code   176  main.o(i.SystemClock_Config)
    SystemInit                               0x08003b05   Thumb Code    14  system_stm32f4xx.o(i.SystemInit)
    TIM1_UP_TIM10_IRQHandler                 0x08003b19   Thumb Code    10  stm32f4xx_it.o(i.TIM1_UP_TIM10_IRQHandler)
    TIM_Base_SetConfig                       0x08003b29   Thumb Code   178  stm32f4xx_hal_tim.o(i.TIM_Base_SetConfig)
    USART1_IRQHandler                        0x08004031   Thumb Code    10  stm32f4xx_it.o(i.USART1_IRQHandler)
    USART3_IRQHandler                        0x08004041   Thumb Code    10  stm32f4xx_it.o(i.USART3_IRQHandler)
    USART6_IRQHandler                        0x08004051   Thumb Code    10  stm32f4xx_it.o(i.USART6_IRQHandler)
    UsageFault_Handler                       0x08004061   Thumb Code     4  stm32f4xx_it.o(i.UsageFault_Handler)
    main                                     0x080040cf   Thumb Code    52  main.o(i.main)
    osDelay                                  0x08004111   Thumb Code    24  cmsis_os.o(i.osDelay)
    osKernelStart                            0x08004129   Thumb Code    10  cmsis_os.o(i.osKernelStart)
    osThreadCreate                           0x08004133   Thumb Code    94  cmsis_os.o(i.osThreadCreate)
    pvPortMalloc                             0x08004799   Thumb Code   306  heap_4.o(i.pvPortMalloc)
    pxPortInitialiseStack                    0x080048e5   Thumb Code    38  port.o(i.pxPortInitialiseStack)
    uxListRemove                             0x08004945   Thumb Code    40  list.o(i.uxListRemove)
    vApplicationGetIdleTaskMemory            0x0800496d   Thumb Code    14  freertos.o(i.vApplicationGetIdleTaskMemory)
    vListInitialise                          0x08004985   Thumb Code    26  list.o(i.vListInitialise)
    vListInitialiseItem                      0x0800499f   Thumb Code     6  list.o(i.vListInitialiseItem)
    vListInsert                              0x080049a5   Thumb Code    52  list.o(i.vListInsert)
    vListInsertEnd                           0x080049d9   Thumb Code    24  list.o(i.vListInsertEnd)
    vPortEnterCritical                       0x080049f1   Thumb Code    76  port.o(i.vPortEnterCritical)
    vPortExitCritical                        0x08004a45   Thumb Code    56  port.o(i.vPortExitCritical)
    vPortFree                                0x08004a81   Thumb Code   150  heap_4.o(i.vPortFree)
    vPortSetupTimerInterrupt                 0x08004b25   Thumb Code    36  port.o(i.vPortSetupTimerInterrupt)
    vPortValidateInterruptPriority           0x08004b4d   Thumb Code   106  port.o(i.vPortValidateInterruptPriority)
    vTaskDelay                               0x08004bc5   Thumb Code    82  tasks.o(i.vTaskDelay)
    vTaskDelayUntil                          0x08004c21   Thumb Code   200  tasks.o(i.vTaskDelayUntil)
    vTaskDelete                              0x08004cf5   Thumb Code   202  tasks.o(i.vTaskDelete)
    vTaskInternalSetTimeOutState             0x08004de9   Thumb Code    14  tasks.o(i.vTaskInternalSetTimeOutState)
    vTaskMissedYield                         0x08004e01   Thumb Code     8  tasks.o(i.vTaskMissedYield)
    vTaskPlaceOnEventList                    0x08004e0d   Thumb Code    52  tasks.o(i.vTaskPlaceOnEventList)
    vTaskStartScheduler                      0x08004e45   Thumb Code   146  tasks.o(i.vTaskStartScheduler)
    vTaskSuspendAll                          0x08004ef5   Thumb Code    12  tasks.o(i.vTaskSuspendAll)
    vTaskSwitchContext                       0x08004f05   Thumb Code   118  tasks.o(i.vTaskSwitchContext)
    xPortStartScheduler                      0x08004f91   Thumb Code   330  port.o(i.xPortStartScheduler)
    xQueueGenericCreate                      0x080050f9   Thumb Code    90  queue.o(i.xQueueGenericCreate)
    xQueueGenericReset                       0x08005155   Thumb Code   146  queue.o(i.xQueueGenericReset)
    xQueueGenericSend                        0x080051ed   Thumb Code   420  queue.o(i.xQueueGenericSend)
    xQueueGenericSendFromISR                 0x08005395   Thumb Code   252  queue.o(i.xQueueGenericSendFromISR)
    xQueueReceive                            0x08005491   Thumb Code   356  queue.o(i.xQueueReceive)
    xTaskCheckForTimeOut                     0x080055f9   Thumb Code   132  tasks.o(i.xTaskCheckForTimeOut)
    xTaskCreate                              0x08005685   Thumb Code   100  tasks.o(i.xTaskCreate)
    xTaskCreateStatic                        0x080056e9   Thumb Code   186  tasks.o(i.xTaskCreateStatic)
    xTaskGetSchedulerState                   0x080057a5   Thumb Code    24  tasks.o(i.xTaskGetSchedulerState)
    xTaskGetTickCount                        0x080057c5   Thumb Code     6  tasks.o(i.xTaskGetTickCount)
    xTaskIncrementTick                       0x080057d1   Thumb Code   282  tasks.o(i.xTaskIncrementTick)
    xTaskPriorityDisinherit                  0x08005919   Thumb Code   188  tasks.o(i.xTaskPriorityDisinherit)
    xTaskRemoveFromEventList                 0x080059e1   Thumb Code   128  tasks.o(i.xTaskRemoveFromEventList)
    xTaskResumeAll                           0x08005a79   Thumb Code   224  tasks.o(i.xTaskResumeAll)
    _fp_init                                 0x08005b7d   Thumb Code    10  fpinit.o(x$fpl$fpinit)
    __fplib_config_fpu_vfp                   0x08005b85   Thumb Code     0  fpinit.o(x$fpl$fpinit)
    __fplib_config_pureend_doubles           0x08005b85   Thumb Code     0  fpinit.o(x$fpl$fpinit)
    AHBPrescTable                            0x08005c54   Data          16  system_stm32f4xx.o(.constdata)
    APBPrescTable                            0x08005c64   Data           8  system_stm32f4xx.o(.constdata)
    Region$$Table$$Base                      0x08005ce4   Number         0  anon$$obj.o(Region$$Table)
    Region$$Table$$Limit                     0x08005d04   Number         0  anon$$obj.o(Region$$Table)
    CAN1_ReceiveHandle                       0x20000000   Data           4  freertos.o(.data)
    CAN2_ReceiveHandle                       0x20000004   Data           4  freertos.o(.data)
    CAN_SendHandle                           0x20000008   Data           4  freertos.o(.data)
    Task_Can1MsgRecHandle                    0x2000000c   Data           4  freertos.o(.data)
    Task_Can2MsgRecHandle                    0x20000010   Data           4  freertos.o(.data)
    Task_CanSendHandle                       0x20000014   Data           4  freertos.o(.data)
    Task_DMOnlineCheckHandle                 0x20000018   Data           4  freertos.o(.data)
    Robot_Control_Handle                     0x2000001c   Data           4  freertos.o(.data)
    defaultTaskHandle                        0x20000020   Data           4  freertos.o(.data)
    StartTaskHandle                          0x20000024   Data           4  freertos.o(.data)
    uwTick                                   0x2000002c   Data           4  stm32f4xx_hal.o(.data)
    uwTickPrio                               0x20000030   Data           4  stm32f4xx_hal.o(.data)
    uwTickFreq                               0x20000034   Data           1  stm32f4xx_hal.o(.data)
    SystemCoreClock                          0x20000038   Data           4  system_stm32f4xx.o(.data)
    pxCurrentTCB                             0x2000003c   Data           4  tasks.o(.data)
    DM_RxID_CAN1                             0x200000a4   Data           2  task_canreceive.o(.data)
    DM_RxID_CAN2                             0x200000a6   Data           2  task_canreceive.o(.data)
    DM_Frame_LF                              0x200000a8   Data           2  task_dm_onlinecheck.o(.data)
    DM_Frame_LR                              0x200000aa   Data           2  task_dm_onlinecheck.o(.data)
    DM_Frame_RR                              0x200000ac   Data           2  task_dm_onlinecheck.o(.data)
    DM_Frame_RF                              0x200000ae   Data           2  task_dm_onlinecheck.o(.data)
    ControlMes_board2                        0x200000b0   Data           8  bsp_boardcommunication.o(.data)
    CAN1_0x1ff_Tx_Data                       0x200000b8   Data           8  bsp_can.o(.data)
    CAN1_0x200_Tx_Data                       0x200000c0   Data           8  bsp_can.o(.data)
    CAN1_0x2ff_Tx_Data                       0x200000c8   Data           8  bsp_can.o(.data)
    CAN2_0x1ff_Tx_Data                       0x200000d0   Data           8  bsp_can.o(.data)
    CAN2_0x200_Tx_Data                       0x200000d8   Data           8  bsp_can.o(.data)
    CAN2_0x2ff_Tx_Data                       0x200000e0   Data           8  bsp_can.o(.data)
    hcan1                                    0x20000340   Data          40  can.o(.bss)
    hcan2                                    0x20000368   Data          40  can.o(.bss)
    hrtc                                     0x20000390   Data          32  rtc.o(.bss)
    huart1                                   0x200003b0   Data          72  usart.o(.bss)
    huart3                                   0x200003f8   Data          72  usart.o(.bss)
    huart6                                   0x20000440   Data          72  usart.o(.bss)
    hdma_usart1_tx                           0x20000488   Data          96  usart.o(.bss)
    hdma_usart1_rx                           0x200004e8   Data          96  usart.o(.bss)
    hdma_usart3_tx                           0x20000548   Data          96  usart.o(.bss)
    hdma_usart3_rx                           0x200005a8   Data          96  usart.o(.bss)
    hdma_usart6_rx                           0x20000608   Data          96  usart.o(.bss)
    hdma_usart6_tx                           0x20000668   Data          96  usart.o(.bss)
    htim1                                    0x200006c8   Data          72  stm32f4xx_hal_timebase_tim.o(.bss)
    DM_Array                                 0x20004400   Data         256  dm_motor.o(.bss)
    Can_Data                                 0x20004500   Data         152  bsp_can.o(.bss)
    __libspace_start                         0x200045e0   Data          96  libspace.o(.bss)
    __temporary_stack_top$libspace           0x20004640   Data           0  libspace.o(.bss)



==============================================================================

Memory Map of the image

  Image Entry point : 0x08000189

  Load Region LR_IROM1 (Base: 0x08000000, Size: 0x00005df0, Max: 0x00100000, ABSOLUTE)

    Execution Region ER_IROM1 (Exec base: 0x08000000, Load base: 0x08000000, Size: 0x00005d04, Max: 0x00100000, ABSOLUTE)

    Exec Addr    Load Addr    Size         Type   Attr      Idx    E Section Name        Object

    0x08000000   0x08000000   0x00000188   Data   RO            3    RESET               startup_stm32f407xx.o
    0x08000188   0x08000188   0x00000008   Code   RO         5639  * !!!main             c_w.l(__main.o)
    0x08000190   0x08000190   0x00000034   Code   RO         5810    !!!scatter          c_w.l(__scatter.o)
    0x080001c4   0x080001c4   0x0000001a   Code   RO         5812    !!handler_copy      c_w.l(__scatter_copy.o)
    0x080001de   0x080001de   0x00000002   PAD
    0x080001e0   0x080001e0   0x0000001c   Code   RO         5814    !!handler_zi        c_w.l(__scatter_zi.o)
    0x080001fc   0x080001fc   0x00000002   Code   RO         5678    .ARM.Collect$$libinit$$00000000  c_w.l(libinit.o)
    0x080001fe   0x080001fe   0x00000004   Code   RO         5690    .ARM.Collect$$libinit$$00000001  c_w.l(libinit2.o)
    0x08000202   0x08000202   0x00000000   Code   RO         5693    .ARM.Collect$$libinit$$00000004  c_w.l(libinit2.o)
    0x08000202   0x08000202   0x00000000   Code   RO         5696    .ARM.Collect$$libinit$$0000000A  c_w.l(libinit2.o)
    0x08000202   0x08000202   0x00000000   Code   RO         5698    .ARM.Collect$$libinit$$0000000C  c_w.l(libinit2.o)
    0x08000202   0x08000202   0x00000000   Code   RO         5700    .ARM.Collect$$libinit$$0000000E  c_w.l(libinit2.o)
    0x08000202   0x08000202   0x00000000   Code   RO         5703    .ARM.Collect$$libinit$$00000011  c_w.l(libinit2.o)
    0x08000202   0x08000202   0x00000000   Code   RO         5705    .ARM.Collect$$libinit$$00000013  c_w.l(libinit2.o)
    0x08000202   0x08000202   0x00000000   Code   RO         5707    .ARM.Collect$$libinit$$00000015  c_w.l(libinit2.o)
    0x08000202   0x08000202   0x00000000   Code   RO         5709    .ARM.Collect$$libinit$$00000017  c_w.l(libinit2.o)
    0x08000202   0x08000202   0x00000000   Code   RO         5711    .ARM.Collect$$libinit$$00000019  c_w.l(libinit2.o)
    0x08000202   0x08000202   0x00000000   Code   RO         5713    .ARM.Collect$$libinit$$0000001B  c_w.l(libinit2.o)
    0x08000202   0x08000202   0x00000000   Code   RO         5715    .ARM.Collect$$libinit$$0000001D  c_w.l(libinit2.o)
    0x08000202   0x08000202   0x00000000   Code   RO         5717    .ARM.Collect$$libinit$$0000001F  c_w.l(libinit2.o)
    0x08000202   0x08000202   0x00000000   Code   RO         5719    .ARM.Collect$$libinit$$00000021  c_w.l(libinit2.o)
    0x08000202   0x08000202   0x00000000   Code   RO         5721    .ARM.Collect$$libinit$$00000023  c_w.l(libinit2.o)
    0x08000202   0x08000202   0x00000000   Code   RO         5723    .ARM.Collect$$libinit$$00000025  c_w.l(libinit2.o)
    0x08000202   0x08000202   0x00000000   Code   RO         5727    .ARM.Collect$$libinit$$0000002C  c_w.l(libinit2.o)
    0x08000202   0x08000202   0x00000000   Code   RO         5729    .ARM.Collect$$libinit$$0000002E  c_w.l(libinit2.o)
    0x08000202   0x08000202   0x00000000   Code   RO         5731    .ARM.Collect$$libinit$$00000030  c_w.l(libinit2.o)
    0x08000202   0x08000202   0x00000000   Code   RO         5733    .ARM.Collect$$libinit$$00000032  c_w.l(libinit2.o)
    0x08000202   0x08000202   0x00000002   Code   RO         5734    .ARM.Collect$$libinit$$00000033  c_w.l(libinit2.o)
    0x08000204   0x08000204   0x00000002   Code   RO         5765    .ARM.Collect$$libshutdown$$00000000  c_w.l(libshutdown.o)
    0x08000206   0x08000206   0x00000000   Code   RO         5791    .ARM.Collect$$libshutdown$$00000002  c_w.l(libshutdown2.o)
    0x08000206   0x08000206   0x00000000   Code   RO         5793    .ARM.Collect$$libshutdown$$00000004  c_w.l(libshutdown2.o)
    0x08000206   0x08000206   0x00000000   Code   RO         5795    .ARM.Collect$$libshutdown$$00000006  c_w.l(libshutdown2.o)
    0x08000206   0x08000206   0x00000000   Code   RO         5798    .ARM.Collect$$libshutdown$$00000009  c_w.l(libshutdown2.o)
    0x08000206   0x08000206   0x00000000   Code   RO         5801    .ARM.Collect$$libshutdown$$0000000C  c_w.l(libshutdown2.o)
    0x08000206   0x08000206   0x00000000   Code   RO         5803    .ARM.Collect$$libshutdown$$0000000E  c_w.l(libshutdown2.o)
    0x08000206   0x08000206   0x00000000   Code   RO         5806    .ARM.Collect$$libshutdown$$00000011  c_w.l(libshutdown2.o)
    0x08000206   0x08000206   0x00000002   Code   RO         5807    .ARM.Collect$$libshutdown$$00000012  c_w.l(libshutdown2.o)
    0x08000208   0x08000208   0x00000000   Code   RO         5641    .ARM.Collect$$rtentry$$00000000  c_w.l(__rtentry.o)
    0x08000208   0x08000208   0x00000000   Code   RO         5649    .ARM.Collect$$rtentry$$00000002  c_w.l(__rtentry2.o)
    0x08000208   0x08000208   0x00000006   Code   RO         5661    .ARM.Collect$$rtentry$$00000004  c_w.l(__rtentry4.o)
    0x0800020e   0x0800020e   0x00000000   Code   RO         5651    .ARM.Collect$$rtentry$$00000009  c_w.l(__rtentry2.o)
    0x0800020e   0x0800020e   0x00000004   Code   RO         5652    .ARM.Collect$$rtentry$$0000000A  c_w.l(__rtentry2.o)
    0x08000212   0x08000212   0x00000000   Code   RO         5654    .ARM.Collect$$rtentry$$0000000C  c_w.l(__rtentry2.o)
    0x08000212   0x08000212   0x00000008   Code   RO         5655    .ARM.Collect$$rtentry$$0000000D  c_w.l(__rtentry2.o)
    0x0800021a   0x0800021a   0x00000002   Code   RO         5682    .ARM.Collect$$rtexit$$00000000  c_w.l(rtexit.o)
    0x0800021c   0x0800021c   0x00000000   Code   RO         5738    .ARM.Collect$$rtexit$$00000002  c_w.l(rtexit2.o)
    0x0800021c   0x0800021c   0x00000004   Code   RO         5739    .ARM.Collect$$rtexit$$00000003  c_w.l(rtexit2.o)
    0x08000220   0x08000220   0x00000006   Code   RO         5740    .ARM.Collect$$rtexit$$00000004  c_w.l(rtexit2.o)
    0x08000226   0x08000226   0x00000002   PAD
    0x08000228   0x08000228   0x000000be   Code   RO         5202    .emb_text           port.o
    0x080002e6   0x080002e6   0x00000002   PAD
    0x080002e8   0x080002e8   0x00000040   Code   RO            4    .text               startup_stm32f407xx.o
    0x08000328   0x08000328   0x000000ee   Code   RO         5625    .text               c_w.l(lludivv7m.o)
    0x08000416   0x08000416   0x0000008a   Code   RO         5629    .text               c_w.l(rt_memcpy_v6.o)
    0x080004a0   0x080004a0   0x00000064   Code   RO         5631    .text               c_w.l(rt_memcpy_w.o)
    0x08000504   0x08000504   0x0000004e   Code   RO         5635    .text               c_w.l(rt_memclr_w.o)
    0x08000552   0x08000552   0x00000006   Code   RO         5637    .text               c_w.l(heapauxi.o)
    0x08000558   0x08000558   0x0000004a   Code   RO         5665    .text               c_w.l(sys_stackheap_outer.o)
    0x080005a2   0x080005a2   0x00000012   Code   RO         5667    .text               c_w.l(exit.o)
    0x080005b4   0x080005b4   0x00000008   Code   RO         5679    .text               c_w.l(libspace.o)
    0x080005bc   0x080005bc   0x0000000c   Code   RO         5735    .text               c_w.l(sys_exit.o)
    0x080005c8   0x080005c8   0x00000002   Code   RO         5754    .text               c_w.l(use_no_semi.o)
    0x080005ca   0x080005ca   0x00000000   Code   RO         5756    .text               c_w.l(indicate_semi.o)
    0x080005ca   0x080005ca   0x00000002   PAD
    0x080005cc   0x080005cc   0x00000064   Code   RO          245    i.ALL_Init          freertos.o
    0x08000630   0x08000630   0x00000024   Code   RO         5394    i.AllCanSend        task_cansend.o
    0x08000654   0x08000654   0x0000004c   Code   RO         5488    i.Board2_2_getTrackInfo  bsp_boardcommunication.o
    0x080006a0   0x080006a0   0x00000004   Code   RO          512    i.BusFault_Handler  stm32f4xx_it.o
    0x080006a4   0x080006a4   0x00000010   Code   RO          513    i.CAN1_RX0_IRQHandler  stm32f4xx_it.o
    0x080006b4   0x080006b4   0x00000010   Code   RO          514    i.CAN1_TX_IRQHandler  stm32f4xx_it.o
    0x080006c4   0x080006c4   0x00000010   Code   RO          515    i.CAN2_RX0_IRQHandler  stm32f4xx_it.o
    0x080006d4   0x080006d4   0x00000010   Code   RO          516    i.CAN2_TX_IRQHandler  stm32f4xx_it.o
    0x080006e4   0x080006e4   0x00000030   Code   RO         5525    i.CAN_FILTER_Init   bsp_can.o
    0x08000714   0x08000714   0x00000034   Code   RO         5526    i.CAN_IT_Init       bsp_can.o
    0x08000748   0x08000748   0x0000004a   Code   RO         5527    i.CAN_SendData      bsp_can.o
    0x08000792   0x08000792   0x00000002   PAD
    0x08000794   0x08000794   0x0000004c   Code   RO         5357    i.Can1Receives      task_canreceive.o
    0x080007e0   0x080007e0   0x00000064   Code   RO         5358    i.Can2Receives      task_canreceive.o
    0x08000844   0x08000844   0x00000010   Code   RO          517    i.DMA1_Stream1_IRQHandler  stm32f4xx_it.o
    0x08000854   0x08000854   0x00000010   Code   RO          518    i.DMA1_Stream3_IRQHandler  stm32f4xx_it.o
    0x08000864   0x08000864   0x00000010   Code   RO          519    i.DMA2_Stream1_IRQHandler  stm32f4xx_it.o
    0x08000874   0x08000874   0x00000010   Code   RO          520    i.DMA2_Stream2_IRQHandler  stm32f4xx_it.o
    0x08000884   0x08000884   0x00000010   Code   RO          521    i.DMA2_Stream6_IRQHandler  stm32f4xx_it.o
    0x08000894   0x08000894   0x00000010   Code   RO          522    i.DMA2_Stream7_IRQHandler  stm32f4xx_it.o
    0x080008a4   0x080008a4   0x00000034   Code   RO         2439    i.DMA_CalcBaseAndBitshift  stm32f4xx_hal_dma.o
    0x080008d8   0x080008d8   0x000000aa   Code   RO         2440    i.DMA_CheckFifoParam  stm32f4xx_hal_dma.o
    0x08000982   0x08000982   0x00000002   PAD
    0x08000984   0x08000984   0x00000058   Code   RO         5282    i.DM_Enable         dm_motor.o
    0x080009dc   0x080009dc   0x000001b8   Code   RO         5285    i.DM_getInfo        dm_motor.o
    0x08000b94   0x08000b94   0x000000c0   Code   RO         5425    i.DM_onlineCheck    task_dm_onlinecheck.o
    0x08000c54   0x08000c54   0x000000d4   Code   RO         5286    i.DM_setParameter   dm_motor.o
    0x08000d28   0x08000d28   0x00000002   Code   RO          523    i.DebugMon_Handler  stm32f4xx_it.o
    0x08000d2a   0x08000d2a   0x00000006   Code   RO           13    i.Error_Handler     main.o
    0x08000d30   0x08000d30   0x0000002a   Code   RO         1702    i.HAL_CAN_ActivateNotification  stm32f4xx_hal_can.o
    0x08000d5a   0x08000d5a   0x0000014a   Code   RO         1703    i.HAL_CAN_AddTxMessage  stm32f4xx_hal_can.o
    0x08000ea4   0x08000ea4   0x00000120   Code   RO         1704    i.HAL_CAN_ConfigFilter  stm32f4xx_hal_can.o
    0x08000fc4   0x08000fc4   0x00000002   Code   RO         1707    i.HAL_CAN_ErrorCallback  stm32f4xx_hal_can.o
    0x08000fc6   0x08000fc6   0x00000194   Code   RO         1710    i.HAL_CAN_GetRxMessage  stm32f4xx_hal_can.o
    0x0800115a   0x0800115a   0x0000024e   Code   RO         1714    i.HAL_CAN_IRQHandler  stm32f4xx_hal_can.o
    0x080013a8   0x080013a8   0x00000174   Code   RO         1715    i.HAL_CAN_Init      stm32f4xx_hal_can.o
    0x0800151c   0x0800151c   0x00000180   Code   RO          344    i.HAL_CAN_MspInit   can.o
    0x0800169c   0x0800169c   0x00000002   Code   RO         1722    i.HAL_CAN_RxFifo0FullCallback  stm32f4xx_hal_can.o
    0x0800169e   0x0800169e   0x00000002   PAD
    0x080016a0   0x080016a0   0x00000110   Code   RO         5528    i.HAL_CAN_RxFifo0MsgPendingCallback  bsp_can.o
    0x080017b0   0x080017b0   0x00000002   Code   RO         1724    i.HAL_CAN_RxFifo1FullCallback  stm32f4xx_hal_can.o
    0x080017b2   0x080017b2   0x00000002   Code   RO         1725    i.HAL_CAN_RxFifo1MsgPendingCallback  stm32f4xx_hal_can.o
    0x080017b4   0x080017b4   0x00000002   Code   RO         1726    i.HAL_CAN_SleepCallback  stm32f4xx_hal_can.o
    0x080017b6   0x080017b6   0x0000005e   Code   RO         1727    i.HAL_CAN_Start     stm32f4xx_hal_can.o
    0x08001814   0x08001814   0x00000002   Code   RO         1729    i.HAL_CAN_TxMailbox0AbortCallback  stm32f4xx_hal_can.o
    0x08001816   0x08001816   0x00000002   Code   RO         1730    i.HAL_CAN_TxMailbox0CompleteCallback  stm32f4xx_hal_can.o
    0x08001818   0x08001818   0x00000002   Code   RO         1731    i.HAL_CAN_TxMailbox1AbortCallback  stm32f4xx_hal_can.o
    0x0800181a   0x0800181a   0x00000002   Code   RO         1732    i.HAL_CAN_TxMailbox1CompleteCallback  stm32f4xx_hal_can.o
    0x0800181c   0x0800181c   0x00000002   Code   RO         1733    i.HAL_CAN_TxMailbox2AbortCallback  stm32f4xx_hal_can.o
    0x0800181e   0x0800181e   0x00000002   Code   RO         1734    i.HAL_CAN_TxMailbox2CompleteCallback  stm32f4xx_hal_can.o
    0x08001820   0x08001820   0x00000002   Code   RO         1736    i.HAL_CAN_WakeUpFromRxMsgCallback  stm32f4xx_hal_can.o
    0x08001822   0x08001822   0x000000ac   Code   RO         2442    i.HAL_DMA_Abort     stm32f4xx_hal_dma.o
    0x080018ce   0x080018ce   0x00000028   Code   RO         2443    i.HAL_DMA_Abort_IT  stm32f4xx_hal_dma.o
    0x080018f6   0x080018f6   0x00000002   PAD
    0x080018f8   0x080018f8   0x00000240   Code   RO         2447    i.HAL_DMA_IRQHandler  stm32f4xx_hal_dma.o
    0x08001b38   0x08001b38   0x000000ec   Code   RO         2448    i.HAL_DMA_Init      stm32f4xx_hal_dma.o
    0x08001c24   0x08001c24   0x000001f4   Code   RO         2335    i.HAL_GPIO_Init     stm32f4xx_hal_gpio.o
    0x08001e18   0x08001e18   0x0000000c   Code   RO         2339    i.HAL_GPIO_WritePin  stm32f4xx_hal_gpio.o
    0x08001e24   0x08001e24   0x0000000c   Code   RO         2890    i.HAL_GetTick       stm32f4xx_hal.o
    0x08001e30   0x08001e30   0x00000018   Code   RO         2896    i.HAL_IncTick       stm32f4xx_hal.o
    0x08001e48   0x08001e48   0x0000003c   Code   RO         2897    i.HAL_Init          stm32f4xx_hal.o
    0x08001e84   0x08001e84   0x000000a0   Code   RO          678    i.HAL_InitTick      stm32f4xx_hal_timebase_tim.o
    0x08001f24   0x08001f24   0x00000054   Code   RO          654    i.HAL_MspInit       stm32f4xx_hal_msp.o
    0x08001f78   0x08001f78   0x00000028   Code   RO         2727    i.HAL_NVIC_EnableIRQ  stm32f4xx_hal_cortex.o
    0x08001fa0   0x08001fa0   0x0000007c   Code   RO         2733    i.HAL_NVIC_SetPriority  stm32f4xx_hal_cortex.o
    0x0800201c   0x0800201c   0x00000028   Code   RO         2734    i.HAL_NVIC_SetPriorityGrouping  stm32f4xx_hal_cortex.o
    0x08002044   0x08002044   0x000001a0   Code   RO         2041    i.HAL_RCCEx_PeriphCLKConfig  stm32f4xx_hal_rcc_ex.o
    0x080021e4   0x080021e4   0x00000184   Code   RO         1936    i.HAL_RCC_ClockConfig  stm32f4xx_hal_rcc.o
    0x08002368   0x08002368   0x00000044   Code   RO         1940    i.HAL_RCC_GetClockConfig  stm32f4xx_hal_rcc.o
    0x080023ac   0x080023ac   0x0000000c   Code   RO         1941    i.HAL_RCC_GetHCLKFreq  stm32f4xx_hal_rcc.o
    0x080023b8   0x080023b8   0x00000020   Code   RO         1943    i.HAL_RCC_GetPCLK1Freq  stm32f4xx_hal_rcc.o
    0x080023d8   0x080023d8   0x00000020   Code   RO         1944    i.HAL_RCC_GetPCLK2Freq  stm32f4xx_hal_rcc.o
    0x080023f8   0x080023f8   0x000000b0   Code   RO         1945    i.HAL_RCC_GetSysClockFreq  stm32f4xx_hal_rcc.o
    0x080024a8   0x080024a8   0x0000049c   Code   RO         1948    i.HAL_RCC_OscConfig  stm32f4xx_hal_rcc.o
    0x08002944   0x08002944   0x000000b4   Code   RO         3148    i.HAL_RTC_Init      stm32f4xx_hal_rtc.o
    0x080029f8   0x080029f8   0x0000003c   Code   RO          417    i.HAL_RTC_MspInit   rtc.o
    0x08002a34   0x08002a34   0x00000038   Code   RO         3156    i.HAL_RTC_WaitForSynchro  stm32f4xx_hal_rtc.o
    0x08002a6c   0x08002a6c   0x00000002   Code   RO         1434    i.HAL_TIMEx_BreakCallback  stm32f4xx_hal_tim_ex.o
    0x08002a6e   0x08002a6e   0x00000002   Code   RO         1435    i.HAL_TIMEx_CommutCallback  stm32f4xx_hal_tim_ex.o
    0x08002a70   0x08002a70   0x00000066   Code   RO          719    i.HAL_TIM_Base_Init  stm32f4xx_hal_tim.o
    0x08002ad6   0x08002ad6   0x00000002   Code   RO          721    i.HAL_TIM_Base_MspInit  stm32f4xx_hal_tim.o
    0x08002ad8   0x08002ad8   0x000000a8   Code   RO          724    i.HAL_TIM_Base_Start_IT  stm32f4xx_hal_tim.o
    0x08002b80   0x08002b80   0x00000002   Code   RO          753    i.HAL_TIM_IC_CaptureCallback  stm32f4xx_hal_tim.o
    0x08002b82   0x08002b82   0x0000016c   Code   RO          767    i.HAL_TIM_IRQHandler  stm32f4xx_hal_tim.o
    0x08002cee   0x08002cee   0x00000002   Code   RO          770    i.HAL_TIM_OC_DelayElapsedCallback  stm32f4xx_hal_tim.o
    0x08002cf0   0x08002cf0   0x00000002   Code   RO          797    i.HAL_TIM_PWM_PulseFinishedCallback  stm32f4xx_hal_tim.o
    0x08002cf2   0x08002cf2   0x00000002   PAD
    0x08002cf4   0x08002cf4   0x00000018   Code   RO           14    i.HAL_TIM_PeriodElapsedCallback  main.o
    0x08002d0c   0x08002d0c   0x00000002   Code   RO          810    i.HAL_TIM_TriggerCallback  stm32f4xx_hal_tim.o
    0x08002d0e   0x08002d0e   0x00000002   Code   RO         5577    i.HAL_UARTEx_RxEventCallback  bsp_usart.o
    0x08002d10   0x08002d10   0x00000002   Code   RO         3563    i.HAL_UART_ErrorCallback  stm32f4xx_hal_uart.o
    0x08002d12   0x08002d12   0x00000002   PAD
    0x08002d14   0x08002d14   0x00000308   Code   RO         3566    i.HAL_UART_IRQHandler  stm32f4xx_hal_uart.o
    0x0800301c   0x0800301c   0x00000076   Code   RO         3567    i.HAL_UART_Init     stm32f4xx_hal_uart.o
    0x08003092   0x08003092   0x00000002   PAD
    0x08003094   0x08003094   0x00000394   Code   RO          459    i.HAL_UART_MspInit  usart.o
    0x08003428   0x08003428   0x00000002   Code   RO         3573    i.HAL_UART_RxCpltCallback  stm32f4xx_hal_uart.o
    0x0800342a   0x0800342a   0x00000002   Code   RO         3578    i.HAL_UART_TxCpltCallback  stm32f4xx_hal_uart.o
    0x0800342c   0x0800342c   0x00000004   Code   RO          524    i.HardFault_Handler  stm32f4xx_it.o
    0x08003430   0x08003430   0x00000048   Code   RO          345    i.MX_CAN1_Init      can.o
    0x08003478   0x08003478   0x00000048   Code   RO          346    i.MX_CAN2_Init      can.o
    0x080034c0   0x080034c0   0x000000a8   Code   RO          392    i.MX_DMA_Init       dma.o
    0x08003568   0x08003568   0x00000104   Code   RO          246    i.MX_FREERTOS_Init  freertos.o
    0x0800366c   0x0800366c   0x000000f0   Code   RO          221    i.MX_GPIO_Init      gpio.o
    0x0800375c   0x0800375c   0x00000034   Code   RO          418    i.MX_RTC_Init       rtc.o
    0x08003790   0x08003790   0x00000038   Code   RO          460    i.MX_USART1_UART_Init  usart.o
    0x080037c8   0x080037c8   0x00000038   Code   RO          461    i.MX_USART3_UART_Init  usart.o
    0x08003800   0x08003800   0x00000038   Code   RO          462    i.MX_USART6_UART_Init  usart.o
    0x08003838   0x08003838   0x00000004   Code   RO          525    i.MemManage_Handler  stm32f4xx_it.o
    0x0800383c   0x0800383c   0x00000004   Code   RO          526    i.NMI_Handler       stm32f4xx_it.o
    0x08003840   0x08003840   0x0000004a   Code   RO         3159    i.RTC_EnterInitMode  stm32f4xx_hal_rtc.o
    0x0800388a   0x0800388a   0x0000002e   Code   RO         3160    i.RTC_ExitInitMode  stm32f4xx_hal_rtc.o
    0x080038b8   0x080038b8   0x00000154   Code   RO         5456    i.Robot_Control     task_robotcontrol.o
    0x08003a0c   0x08003a0c   0x0000000a   Code   RO          247    i.StartDefaultTask  freertos.o
    0x08003a16   0x08003a16   0x00000002   PAD
    0x08003a18   0x08003a18   0x00000034   Code   RO         5203    i.SysTick_Handler   port.o
    0x08003a4c   0x08003a4c   0x000000b8   Code   RO           15    i.SystemClock_Config  main.o
    0x08003b04   0x08003b04   0x00000014   Code   RO         3911    i.SystemInit        system_stm32f4xx.o
    0x08003b18   0x08003b18   0x00000010   Code   RO          527    i.TIM1_UP_TIM10_IRQHandler  stm32f4xx_it.o
    0x08003b28   0x08003b28   0x000000e0   Code   RO          812    i.TIM_Base_SetConfig  stm32f4xx_hal_tim.o
    0x08003c08   0x08003c08   0x00000012   Code   RO         3580    i.UART_DMAAbortOnError  stm32f4xx_hal_uart.o
    0x08003c1a   0x08003c1a   0x0000006c   Code   RO         3590    i.UART_EndRxTransfer  stm32f4xx_hal_uart.o
    0x08003c86   0x08003c86   0x00000020   Code   RO         3591    i.UART_EndTransmit_IT  stm32f4xx_hal_uart.o
    0x08003ca6   0x08003ca6   0x000000fc   Code   RO         3593    i.UART_Receive_IT   stm32f4xx_hal_uart.o
    0x08003da2   0x08003da2   0x00000002   PAD
    0x08003da4   0x08003da4   0x0000022c   Code   RO         3594    i.UART_SetConfig    stm32f4xx_hal_uart.o
    0x08003fd0   0x08003fd0   0x00000060   Code   RO         3597    i.UART_Transmit_IT  stm32f4xx_hal_uart.o
    0x08004030   0x08004030   0x00000010   Code   RO          528    i.USART1_IRQHandler  stm32f4xx_it.o
    0x08004040   0x08004040   0x00000010   Code   RO          529    i.USART3_IRQHandler  stm32f4xx_it.o
    0x08004050   0x08004050   0x00000010   Code   RO          530    i.USART6_IRQHandler  stm32f4xx_it.o
    0x08004060   0x08004060   0x00000004   Code   RO          531    i.UsageFault_Handler  stm32f4xx_it.o
    0x08004064   0x08004064   0x00000010   Code   RO         2740    i.__NVIC_GetPriorityGrouping  stm32f4xx_hal_cortex.o
    0x08004074   0x08004074   0x00000028   Code   RO         2741    i.__NVIC_SetPriority  stm32f4xx_hal_cortex.o
    0x0800409c   0x0800409c   0x00000032   Code   RO         5287    i.float_to_uint     dm_motor.o
    0x080040ce   0x080040ce   0x00000034   Code   RO           16    i.main              main.o
    0x08004102   0x08004102   0x0000000e   Code   RO         4768    i.makeFreeRtosPriority  cmsis_os.o
    0x08004110   0x08004110   0x00000018   Code   RO         4770    i.osDelay           cmsis_os.o
    0x08004128   0x08004128   0x0000000a   Code   RO         4773    i.osKernelStart     cmsis_os.o
    0x08004132   0x08004132   0x0000005e   Code   RO         4807    i.osThreadCreate    cmsis_os.o
    0x08004190   0x08004190   0x00000098   Code   RO         4422    i.prvAddCurrentTaskToDelayedList  tasks.o
    0x08004228   0x08004228   0x000000b4   Code   RO         4423    i.prvAddNewTaskToReadyList  tasks.o
    0x080042dc   0x080042dc   0x00000048   Code   RO         4424    i.prvCheckTasksWaitingTermination  tasks.o
    0x08004324   0x08004324   0x0000002a   Code   RO         4088    i.prvCopyDataFromQueue  queue.o
    0x0800434e   0x0800434e   0x0000007e   Code   RO         4089    i.prvCopyDataToQueue  queue.o
    0x080043cc   0x080043cc   0x00000050   Code   RO         4425    i.prvDeleteTCB      tasks.o
    0x0800441c   0x0800441c   0x0000007c   Code   RO         5135    i.prvHeapInit       heap_4.o
    0x08004498   0x08004498   0x00000028   Code   RO         4426    i.prvIdleTask       tasks.o
    0x080044c0   0x080044c0   0x00000026   Code   RO         4092    i.prvInitialiseNewQueue  queue.o
    0x080044e6   0x080044e6   0x000000b4   Code   RO         4427    i.prvInitialiseNewTask  tasks.o
    0x0800459a   0x0800459a   0x00000002   PAD
    0x0800459c   0x0800459c   0x00000068   Code   RO         4428    i.prvInitialiseTaskLists  tasks.o
    0x08004604   0x08004604   0x00000068   Code   RO         5136    i.prvInsertBlockIntoFreeList  heap_4.o
    0x0800466c   0x0800466c   0x0000001a   Code   RO         4093    i.prvIsQueueEmpty   queue.o
    0x08004686   0x08004686   0x0000001e   Code   RO         4094    i.prvIsQueueFull    queue.o
    0x080046a4   0x080046a4   0x00000034   Code   RO         4429    i.prvResetNextTaskUnblockTime  tasks.o
    0x080046d8   0x080046d8   0x00000040   Code   RO         5204    i.prvTaskExitError  port.o
    0x08004718   0x08004718   0x0000007e   Code   RO         4095    i.prvUnlockQueue    queue.o
    0x08004796   0x08004796   0x00000002   PAD
    0x08004798   0x08004798   0x0000014c   Code   RO         5137    i.pvPortMalloc      heap_4.o
    0x080048e4   0x080048e4   0x0000002c   Code   RO         5205    i.pxPortInitialiseStack  port.o
    0x08004910   0x08004910   0x00000034   Code   RO         5288    i.uint_to_float     dm_motor.o
    0x08004944   0x08004944   0x00000028   Code   RO         4048    i.uxListRemove      list.o
    0x0800496c   0x0800496c   0x00000018   Code   RO          248    i.vApplicationGetIdleTaskMemory  freertos.o
    0x08004984   0x08004984   0x0000001a   Code   RO         4049    i.vListInitialise   list.o
    0x0800499e   0x0800499e   0x00000006   Code   RO         4050    i.vListInitialiseItem  list.o
    0x080049a4   0x080049a4   0x00000034   Code   RO         4051    i.vListInsert       list.o
    0x080049d8   0x080049d8   0x00000018   Code   RO         4052    i.vListInsertEnd    list.o
    0x080049f0   0x080049f0   0x00000054   Code   RO         5207    i.vPortEnterCritical  port.o
    0x08004a44   0x08004a44   0x0000003c   Code   RO         5208    i.vPortExitCritical  port.o
    0x08004a80   0x08004a80   0x000000a4   Code   RO         5138    i.vPortFree         heap_4.o
    0x08004b24   0x08004b24   0x00000028   Code   RO         5209    i.vPortSetupTimerInterrupt  port.o
    0x08004b4c   0x08004b4c   0x00000078   Code   RO         5210    i.vPortValidateInterruptPriority  port.o
    0x08004bc4   0x08004bc4   0x0000005c   Code   RO         4439    i.vTaskDelay        tasks.o
    0x08004c20   0x08004c20   0x000000d4   Code   RO         4440    i.vTaskDelayUntil   tasks.o
    0x08004cf4   0x08004cf4   0x000000f4   Code   RO         4441    i.vTaskDelete       tasks.o
    0x08004de8   0x08004de8   0x00000018   Code   RO         4443    i.vTaskInternalSetTimeOutState  tasks.o
    0x08004e00   0x08004e00   0x0000000c   Code   RO         4444    i.vTaskMissedYield  tasks.o
    0x08004e0c   0x08004e0c   0x00000038   Code   RO         4446    i.vTaskPlaceOnEventList  tasks.o
    0x08004e44   0x08004e44   0x000000b0   Code   RO         4453    i.vTaskStartScheduler  tasks.o
    0x08004ef4   0x08004ef4   0x00000010   Code   RO         4455    i.vTaskSuspendAll   tasks.o
    0x08004f04   0x08004f04   0x0000008c   Code   RO         4456    i.vTaskSwitchContext  tasks.o
    0x08004f90   0x08004f90   0x00000168   Code   RO         5211    i.xPortStartScheduler  port.o
    0x080050f8   0x080050f8   0x0000005a   Code   RO         4104    i.xQueueGenericCreate  queue.o
    0x08005152   0x08005152   0x00000002   PAD
    0x08005154   0x08005154   0x00000098   Code   RO         4106    i.xQueueGenericReset  queue.o
    0x080051ec   0x080051ec   0x000001a8   Code   RO         4107    i.xQueueGenericSend  queue.o
    0x08005394   0x08005394   0x000000fc   Code   RO         4108    i.xQueueGenericSendFromISR  queue.o
    0x08005490   0x08005490   0x00000168   Code   RO         4114    i.xQueueReceive     queue.o
    0x080055f8   0x080055f8   0x0000008c   Code   RO         4458    i.xTaskCheckForTimeOut  tasks.o
    0x08005684   0x08005684   0x00000064   Code   RO         4459    i.xTaskCreate       tasks.o
    0x080056e8   0x080056e8   0x000000ba   Code   RO         4460    i.xTaskCreateStatic  tasks.o
    0x080057a2   0x080057a2   0x00000002   PAD
    0x080057a4   0x080057a4   0x00000020   Code   RO         4465    i.xTaskGetSchedulerState  tasks.o
    0x080057c4   0x080057c4   0x0000000c   Code   RO         4466    i.xTaskGetTickCount  tasks.o
    0x080057d0   0x080057d0   0x00000148   Code   RO         4468    i.xTaskIncrementTick  tasks.o
    0x08005918   0x08005918   0x000000c8   Code   RO         4471    i.xTaskPriorityDisinherit  tasks.o
    0x080059e0   0x080059e0   0x00000098   Code   RO         4473    i.xTaskRemoveFromEventList  tasks.o
    0x08005a78   0x08005a78   0x00000104   Code   RO         4474    i.xTaskResumeAll    tasks.o
    0x08005b7c   0x08005b7c   0x0000000a   Code   RO         5750    x$fpl$fpinit        fz_wm.l(fpinit.o)
    0x08005b86   0x08005b86   0x00000002   PAD
    0x08005b88   0x08005b88   0x000000c4   Data   RO          250    .constdata          freertos.o
    0x08005c4c   0x08005c4c   0x00000008   Data   RO         2454    .constdata          stm32f4xx_hal_dma.o
    0x08005c54   0x08005c54   0x00000018   Data   RO         3912    .constdata          system_stm32f4xx.o
    0x08005c6c   0x08005c6c   0x00000076   Data   RO          251    .conststring        freertos.o
    0x08005ce2   0x08005ce2   0x00000002   PAD
    0x08005ce4   0x08005ce4   0x00000020   Data   RO         5808    Region$$Table       anon$$obj.o


    Execution Region RW_IRAM1 (Exec base: 0x20000000, Load base: 0x08005d04, Size: 0x00004c40, Max: 0x0001c000, ABSOLUTE)

    Exec Addr    Load Addr    Size         Type   Attr      Idx    E Section Name        Object

    0x20000000   0x08005d04   0x00000028   Data   RW          252    .data               freertos.o
    0x20000028   0x08005d2c   0x00000004   Data   RW          348    .data               can.o
    0x2000002c   0x08005d30   0x00000009   Data   RW         2904    .data               stm32f4xx_hal.o
    0x20000035   0x08005d39   0x00000003   PAD
    0x20000038   0x08005d3c   0x00000004   Data   RW         3913    .data               system_stm32f4xx.o
    0x2000003c   0x08005d40   0x0000003c   Data   RW         4477    .data               tasks.o
    0x20000078   0x08005d7c   0x00000020   Data   RW         5144    .data               heap_4.o
    0x20000098   0x08005d9c   0x0000000c   Data   RW         5212    .data               port.o
    0x200000a4   0x08005da8   0x00000004   Data   RW         5359    .data               task_canreceive.o
    0x200000a8   0x08005dac   0x00000008   Data   RW         5426    .data               task_dm_onlinecheck.o
    0x200000b0   0x08005db4   0x00000008   Data   RW         5489    .data               bsp_boardcommunication.o
    0x200000b8   0x08005dbc   0x00000031   Data   RW         5530    .data               bsp_can.o
    0x200000e9   0x08005ded   0x00000003   PAD
    0x200000ec        -       0x00000254   Zero   RW          249    .bss                freertos.o
    0x20000340        -       0x00000050   Zero   RW          347    .bss                can.o
    0x20000390        -       0x00000020   Zero   RW          419    .bss                rtc.o
    0x200003b0        -       0x00000318   Zero   RW          463    .bss                usart.o
    0x200006c8        -       0x00000048   Zero   RW          681    .bss                stm32f4xx_hal_timebase_tim.o
    0x20000710        -       0x000000f0   Zero   RW         4476    .bss                tasks.o
    0x20000800        -       0x00003c00   Zero   RW         5143    .bss                heap_4.o
    0x20004400        -       0x00000100   Zero   RW         5289    .bss                dm_motor.o
    0x20004500        -       0x000000e0   Zero   RW         5529    .bss                bsp_can.o
    0x200045e0        -       0x00000060   Zero   RW         5680    .bss                c_w.l(libspace.o)
    0x20004640        -       0x00000200   Zero   RW            2    HEAP                startup_stm32f407xx.o
    0x20004840        -       0x00000400   Zero   RW            1    STACK               startup_stm32f407xx.o


    Execution Region RW_IRAM2 (Exec base: 0x2001c000, Load base: 0x08005df0, Size: 0x00000000, Max: 0x00004000, ABSOLUTE)

    **** No section assigned to this execution region ****


==============================================================================

Image component sizes


      Code (inc. data)   RO Data    RW Data    ZI Data      Debug   Object Name

        76          6          0          8          0       1484   bsp_boardcommunication.o
       446         36          0         49        224       4650   bsp_can.o
         2          0          0          0          0       1005   bsp_usart.o
       528         40          0          4         80       2706   can.o
       142          0          0          0          0      23291   cmsis_os.o
       842         54          0          0        256       5606   dm_motor.o
       168          6          0          0          0       1014   dma.o
         0          0          0          0          0      20012   event_groups.o
       394         70        314         40        596       9319   freertos.o
       240          8          0          0          0       1219   gpio.o
       724         74          0         32      15360       7683   heap_4.o
       148          0          0          0          0       3822   list.o
       266         14          0          0          0     743856   main.o
      1014         92          0         12          0      12429   port.o
      1666         14          0          0          0      15638   queue.o
       112         20          0          0         32       1755   rtc.o
        64         26        392          0       1536        868   startup_stm32f407xx.o
        96         20          0          9          0       8334   stm32f4xx_hal.o
      2144          4          0          0          0      14951   stm32f4xx_hal_can.o
       260         22          0          0          0      33690   stm32f4xx_hal_cortex.o
      1246         16          8          0          0       5651   stm32f4xx_hal_dma.o
       512         46          0          0          0       2304   stm32f4xx_hal_gpio.o
        84          6          0          0          0       1026   stm32f4xx_hal_msp.o
      1888         94          0          0          0       6585   stm32f4xx_hal_rcc.o
       416         20          0          0          0       1572   stm32f4xx_hal_rcc_ex.o
       356         10          0          0          0       3515   stm32f4xx_hal_rtc.o
       868         76          0          0          0       6942   stm32f4xx_hal_tim.o
         4          0          0          0          0       1789   stm32f4xx_hal_tim_ex.o
       160         20          0          0         72       1627   stm32f4xx_hal_timebase_tim.o
      1962         14          0          0          0       9375   stm32f4xx_hal_uart.o
       246         84          0          0          0      10298   stm32f4xx_it.o
         0          0          0          0          0        384   stream_buffer.o
        20          6         24          4          0       1323   system_stm32f4xx.o
       176         18          0          4          0       1538   task_canreceive.o
        36          4          0          0          0        609   task_cansend.o
       192         28          0          8          0       1543   task_dm_onlinecheck.o
       340         26          0          0          0       1244   task_robotcontrol.o
      3242        400          0         60        240      29368   tasks.o
      1084         94          0          0        792       3954   usart.o

    ----------------------------------------------------------------------
     22192       1468        772        236      19188    1003979   Object Totals
         0          0         32          0          0          0   (incl. Generated)
        28          0          2          6          0          0   (incl. Padding)

    ----------------------------------------------------------------------

      Code (inc. data)   RO Data    RW Data    ZI Data      Debug   Library Member Name

         8          0          0          0          0         68   __main.o
         0          0          0          0          0          0   __rtentry.o
        12          0          0          0          0          0   __rtentry2.o
         6          0          0          0          0          0   __rtentry4.o
        52          8          0          0          0          0   __scatter.o
        26          0          0          0          0          0   __scatter_copy.o
        28          0          0          0          0          0   __scatter_zi.o
        18          0          0          0          0         80   exit.o
         6          0          0          0          0        152   heapauxi.o
         0          0          0          0          0          0   indicate_semi.o
         2          0          0          0          0          0   libinit.o
         6          0          0          0          0          0   libinit2.o
         2          0          0          0          0          0   libshutdown.o
         2          0          0          0          0          0   libshutdown2.o
         8          4          0          0         96         68   libspace.o
       238          0          0          0          0        100   lludivv7m.o
        78          0          0          0          0         80   rt_memclr_w.o
       138          0          0          0          0         68   rt_memcpy_v6.o
       100          0          0          0          0         80   rt_memcpy_w.o
         2          0          0          0          0          0   rtexit.o
        10          0          0          0          0          0   rtexit2.o
        12          4          0          0          0         68   sys_exit.o
        74          0          0          0          0         80   sys_stackheap_outer.o
         2          0          0          0          0         68   use_no_semi.o
        10          0          0          0          0        116   fpinit.o

    ----------------------------------------------------------------------
       848         16          0          0         96       1028   Library Totals
         8          0          0          0          0          0   (incl. Padding)

    ----------------------------------------------------------------------

      Code (inc. data)   RO Data    RW Data    ZI Data      Debug   Library Name

       830         16          0          0         96        912   c_w.l
        10          0          0          0          0        116   fz_wm.l

    ----------------------------------------------------------------------
       848         16          0          0         96       1028   Library Totals

    ----------------------------------------------------------------------

==============================================================================


      Code (inc. data)   RO Data    RW Data    ZI Data      Debug   

     23040       1484        772        236      19284     986643   Grand Totals
     23040       1484        772        236      19284     986643   ELF Image Totals
     23040       1484        772        236          0          0   ROM Totals

==============================================================================

    Total RO  Size (Code + RO Data)                23812 (  23.25kB)
    Total RW  Size (RW Data + ZI Data)             19520 (  19.06kB)
    Total ROM Size (Code + RO Data + RW Data)      24048 (  23.48kB)

==============================================================================

